Archive member included to satisfy reference by file (symbol)

app/libapp.a(main.c.obj)      (--whole-archive)
zephyr/libzephyr.a(crc32_sw.c.obj)
                              (--whole-archive)
zephyr/libzephyr.a(crc16_sw.c.obj)
                              (--whole-archive)
zephyr/libzephyr.a(crc8_sw.c.obj)
                              (--whole-archive)
zephyr/libzephyr.a(crc7_sw.c.obj)
                              (--whole-archive)
zephyr/libzephyr.a(dec.c.obj)
                              (--whole-archive)
zephyr/libzephyr.a(fdtable.c.obj)
                              (--whole-archive)
zephyr/libzephyr.a(hex.c.obj)
                              (--whole-archive)
zephyr/libzephyr.a(mempool.c.obj)
                              (--whole-archive)
zephyr/libzephyr.a(printk.c.obj)
                              (--whole-archive)
zephyr/libzephyr.a(onoff.c.obj)
                              (--whole-archive)
zephyr/libzephyr.a(rb.c.obj)  (--whole-archive)
zephyr/libzephyr.a(sem.c.obj)
                              (--whole-archive)
zephyr/libzephyr.a(thread_entry.c.obj)
                              (--whole-archive)
zephyr/libzephyr.a(timeutil.c.obj)
                              (--whole-archive)
zephyr/libzephyr.a(work_q.c.obj)
                              (--whole-archive)
zephyr/libzephyr.a(assert.c.obj)
                              (--whole-archive)
zephyr/libzephyr.a(configs.c.obj)
                              (--whole-archive)
zephyr/libzephyr.a(validate_base_addresses.c.obj)
                              (--whole-archive)
zephyr/libzephyr.a(log_list.c.obj)
                              (--whole-archive)
zephyr/libzephyr.a(log_core.c.obj)
                              (--whole-archive)
zephyr/libzephyr.a(log_msg.c.obj)
                              (--whole-archive)
zephyr/libzephyr.a(log_output.c.obj)
                              (--whole-archive)
zephyr/libzephyr.a(log_backend_uart.c.obj)
                              (--whole-archive)
zephyr/libzephyr.a(log_backend_rtt.c.obj)
                              (--whole-archive)
zephyr/libzephyr.a(nvs.c.obj)
                              (--whole-archive)
zephyr/libzephyr.a(addr_utils.c.obj)
                              (--whole-archive)
zephyr/libzephyr.a(flash_map.c.obj)
                              (--whole-archive)
zephyr/libzephyr.a(flash_map_default.c.obj)
                              (--whole-archive)
zephyr/libzephyr.a(settings_store.c.obj)
                              (--whole-archive)
zephyr/libzephyr.a(settings.c.obj)
                              (--whole-archive)
zephyr/libzephyr.a(settings_init.c.obj)
                              (--whole-archive)
zephyr/libzephyr.a(settings_line.c.obj)
                              (--whole-archive)
zephyr/libzephyr.a(settings_nvs.c.obj)
                              (--whole-archive)
zephyr/libzephyr.a(power.c.obj)
                              (--whole-archive)
zephyr/libzephyr.a(policy_residency.c.obj)
                              (--whole-archive)
zephyr/libzephyr.a(uart_console.c.obj)
                              (--whole-archive)
zephyr/libzephyr.a(nrf_power_clock.c.obj)
                              (--whole-archive)
zephyr/libzephyr.a(sys_clock_init.c.obj)
                              (--whole-archive)
zephyr/libzephyr.a(nrf_rtc_timer.c.obj)
                              (--whole-archive)
zephyr/libzephyr.a(SEGGER_RTT.c.obj)
                              (--whole-archive)
zephyr/libzephyr.a(SEGGER_RTT_zephyr.c.obj)
                              (--whole-archive)
zephyr/libzephyr.a(utils.c.obj)
                              (--whole-archive)
zephyr/libzephyr.a(ecc_dh.c.obj)
                              (--whole-archive)
zephyr/libzephyr.a(ecc.c.obj)
                              (--whole-archive)
zephyr/libzephyr.a(aes_decrypt.c.obj)
                              (--whole-archive)
zephyr/libzephyr.a(aes_encrypt.c.obj)
                              (--whole-archive)
zephyr/libzephyr.a(cmac_mode.c.obj)
                              (--whole-archive)
zephyr/arch/common/libarch__common.a(isr_tables.c.obj)
                              (--whole-archive)
zephyr/arch/common/libarch__common.a(sw_isr_common.c.obj)
                              (--whole-archive)
zephyr/arch/arch/arm/core/aarch32/libarch__arm__core__aarch32.a(exc_exit.S.obj)
                              (--whole-archive)
zephyr/arch/arch/arm/core/aarch32/libarch__arm__core__aarch32.a(swap.c.obj)
                              (--whole-archive)
zephyr/arch/arch/arm/core/aarch32/libarch__arm__core__aarch32.a(swap_helper.S.obj)
                              (--whole-archive)
zephyr/arch/arch/arm/core/aarch32/libarch__arm__core__aarch32.a(irq_manage.c.obj)
                              (--whole-archive)
zephyr/arch/arch/arm/core/aarch32/libarch__arm__core__aarch32.a(thread.c.obj)
                              (--whole-archive)
zephyr/arch/arch/arm/core/aarch32/libarch__arm__core__aarch32.a(cpu_idle.S.obj)
[...]
Memory Configuration

Name             Origin             Length             Attributes
FLASH            0x0000000000000000 0x0000000000100000 xr
SRAM             0x0000000020000000 0x0000000000040000 xw
IDT_LIST         0x0000000020040000 0x0000000000000800 xw
*default*        0x0000000000000000 0xffffffffffffffff

Linker script and memory map

LOAD zephyr/CMakeFiles/zephyr_final.dir/misc/empty_file.c.obj
LOAD zephyr/CMakeFiles/zephyr_final.dir/isr_tables.c.obj
                0x0000000000000020                _region_min_align = 0x20

.rel.plt        0x0000000000000000        0x0
 *(SORT_BY_ALIGNMENT(.rel.plt))
                [!provide]                        PROVIDE (__rel_iplt_start = .)
 *(SORT_BY_ALIGNMENT(.rel.iplt))
 .rel.iplt      0x0000000000000000        0x0 zephyr/CMakeFiles/zephyr_final.dir/isr_tables.c.obj
                [!provide]                        PROVIDE (__rel_iplt_end = .)

.rela.plt       0x0000000000000000        0x0
 *(SORT_BY_ALIGNMENT(.rela.plt))
                [!provide]                        PROVIDE (__rela_iplt_start = .)
 *(SORT_BY_ALIGNMENT(.rela.iplt))
                [!provide]                        PROVIDE (__rela_iplt_end = .)

.rel.dyn
 *(SORT_BY_ALIGNMENT(.rel.*))

.rela.dyn
 *(SORT_BY_ALIGNMENT(.rela.*))

/DISCARD/
 *(SORT_BY_ALIGNMENT(.plt))
 *(SORT_BY_ALIGNMENT(.iplt))
 *(SORT_BY_ALIGNMENT(.got.plt))
 *(SORT_BY_ALIGNMENT(.igot.plt))
 *(SORT_BY_ALIGNMENT(.got))
 *(SORT_BY_ALIGNMENT(.igot))
 *(SORT_BY_ALIGNMENT(.irq_info))
 *(SORT_BY_ALIGNMENT(.intList))
 *(SORT_BY_ALIGNMENT(.note.GNU-stack))
                0x0000000000000000                _image_rom_start = 0x0

rom_start       0x0000000000000000      0x100
                0x0000000000000000                . = 0x0
                0x0000000000000000                . = ALIGN (0x4)
                0x0000000000000000                _vector_start = .
 *(SORT_BY_ALIGNMENT(.exc_vector_table))
 *(SORT_BY_ALIGNMENT(.exc_vector_table.*))
 .exc_vector_table._vector_table_section
                0x0000000000000000       0x40 zephyr/arch/arch/arm/core/aarch32/cortex_m/libarch__arm__core__aarch32__cortex_m.a(vector_table.S.obj)
                0x0000000000000000                _vector_table
 *(SORT_BY_ALIGNMENT(.gnu.linkonce.irq_vector_table))
 .gnu.linkonce.irq_vector_table
                0x0000000000000040       0xc0 zephyr/CMakeFiles/zephyr_final.dir/isr_tables.c.obj
                0x0000000000000040                _irq_vector_table
 *(SORT_BY_ALIGNMENT(.vectors))
                0x0000000000000100                _vector_end = .
 *(SORT_BY_ALIGNMENT(.openocd_dbg))
 *(SORT_BY_ALIGNMENT(.openocd_dbg.*))

text            0x0000000000000100    0x29476
                0x0000000000000100                _image_text_start = .
 *(SORT_BY_ALIGNMENT(.text))
 .text          0x0000000000000100       0xa0 /home/user/zephyr-sdk-0.11.2/arm-zephyr-eabi/bin/../lib/gcc/arm-zephyr-eabi/9.2.0/thumb/v7e-m/nofp/libgcc.a(_aeabi_ldivmod.o)
                0x0000000000000100                __aeabi_ldivmod
 .text          0x00000000000001a0       0x30 /home/user/zephyr-sdk-0.11.2/arm-zephyr-eabi/bin/../lib/gcc/arm-zephyr-eabi/9.2.0/thumb/v7e-m/nofp/libgcc.a(_aeabi_uldivmod.o)
                0x00000000000001a0                __aeabi_uldivmod
 .text          0x00000000000001d0       0x28 /home/user/zephyr-sdk-0.11.2/arm-zephyr-eabi/bin/../lib/gcc/arm-zephyr-eabi/9.2.0/thumb/v7e-m/nofp/libgcc.a(_popcountsi2.o)
                0x00000000000001d0                __popcountsi2
 .text          0x00000000000001f8      0x2c4 /home/user/zephyr-sdk-0.11.2/arm-zephyr-eabi/bin/../lib/gcc/arm-zephyr-eabi/9.2.0/thumb/v7e-m/nofp/libgcc.a(_udivmoddi4.o)
                0x00000000000001f8                __udivmoddi4
 .text          0x00000000000004bc        0x4 /home/user/zephyr-sdk-0.11.2/arm-zephyr-eabi/bin/../lib/gcc/arm-zephyr-eabi/9.2.0/thumb/v7e-m/nofp/libgcc.a(_dvmd_tls.o)
                0x00000000000004bc                __aeabi_ldiv0
                0x00000000000004bc                __aeabi_idiv0
 *(SORT_BY_ALIGNMENT(.text.*))
 .text.ll_adv_enable
                0x00000000000004c0      0x370 zephyr/subsys/bluetooth/controller/libsubsys__bluetooth__controller.a(ull_adv.c.obj)
                0x00000000000004c0                ll_adv_enable
 .text.ull_scan_enable
                0x0000000000000830       0xfc zephyr/subsys/bluetooth/controller/libsubsys__bluetooth__controller.a(ull_scan.c.obj)
                0x0000000000000830                ull_scan_enable
 *fill*         0x000000000000092c        0x4 
 .text.ll_scan_params_set
                0x0000000000000930       0x6c zephyr/subsys/bluetooth/controller/libsubsys__bluetooth__controller.a(ull_scan.c.obj)
                0x0000000000000930                ll_scan_params_set
 *fill*         0x000000000000099c        0x4 
 .text.ull_conn_llcp
                0x00000000000009a0      0x9d8 zephyr/subsys/bluetooth/controller/libsubsys__bluetooth__controller.a(ull_conn.c.obj)
                0x00000000000009a0                ull_conn_llcp
 .text.ull_slave_setup
                0x0000000000001378      0x2d8 zephyr/subsys/bluetooth/controller/libsubsys__bluetooth__controller.a(ull_slave.c.obj)
                0x0000000000001378                ull_slave_setup
 .text.ull_slave_done
                0x0000000000001650       0x6c zephyr/subsys/bluetooth/controller/libsubsys__bluetooth__controller.a(ull_slave.c.obj)
                0x0000000000001650                ull_slave_done
 *fill*         0x00000000000016bc        0x4 
 .text.erase_op
                0x00000000000016c0       0x8c zephyr/drivers/flash/libdrivers__flash.a(soc_flash_nrf.c.obj)
 *fill*         0x000000000000174c        0x4 
 .text.work_in_time_slice
                0x0000000000001750       0xf0 zephyr/drivers/flash/libdrivers__flash.a(soc_flash_nrf.c.obj)
 .text.write_op
                0x0000000000001840       0xa0 zephyr/drivers/flash/libdrivers__flash.a(soc_flash_nrf.c.obj)
 .text.prov_complete
                0x00000000000018e0       0x28 app/libapp.a(main.c.obj)
 .text.gpio_pin_configure
                0x0000000000001908       0xf0 app/libapp.a(main.c.obj)
 .text.z_impl_gpio_enable_callback
                0x00000000000019f8       0x58 app/libapp.a(main.c.obj)
 .text.button_pressed
                0x0000000000001a50       0xd4 app/libapp.a(main.c.obj)
 .text.envi_report
                0x0000000000001b24       0x54 app/libapp.a(main.c.obj)
 .text.bt_ready
                0x0000000000001b78       0xc8 app/libapp.a(main.c.obj)
 .text.init_led
                0x0000000000001c40       0x9c app/libapp.a(main.c.obj)
                0x0000000000001c40                init_led
 .text.main     0x0000000000001cdc       0xa4 app/libapp.a(main.c.obj)
                0x0000000000001cdc                main
 .text.crc8_ccitt
                0x0000000000001d80       0x30 zephyr/libzephyr.a(crc8_sw.c.obj)
                0x0000000000001d80                crc8_ccitt
 .text.z_sys_mem_pool_block_free
                0x0000000000001db0      0x19c zephyr/libzephyr.a(mempool.c.obj)
                0x0000000000001db0                z_sys_mem_pool_block_free
 .text.char_out
                0x0000000000001f4c       0x10 zephyr/libzephyr.a(printk.c.obj)
 .text._printk_dec_ulong
                0x0000000000001f5c       0xa0 zephyr/libzephyr.a(printk.c.obj)
 .text.__printk_hook_install
                0x0000000000001ffc        0xc zephyr/libzephyr.a(printk.c.obj)
                0x0000000000001ffc                __printk_hook_install
 .text.z_vprintk
                0x0000000000002008      0x328 zephyr/libzephyr.a(printk.c.obj)
                0x0000000000002008                z_vprintk
 .text.vprintk  0x0000000000002330       0x1c zephyr/libzephyr.a(printk.c.obj)
                0x0000000000002330                vprintk
 .text.vsnprintk
                0x000000000000234c       0x28 zephyr/libzephyr.a(printk.c.obj)
                0x000000000000234c                vsnprintk
 .text.enable_logger
                0x0000000000002374       0x54 zephyr/libzephyr.a(log_core.c.obj)
 .text.log_process_thread_timer_expiry_fn
                0x00000000000023c8        0xc zephyr/libzephyr.a(log_core.c.obj)
 .text.z_log_get_s_mask
                0x00000000000023d4       0x68 zephyr/libzephyr.a(log_core.c.obj)
                0x00000000000023d4                z_log_get_s_mask
 .text.log_core_init
                0x000000000000243c       0x40 zephyr/libzephyr.a(log_core.c.obj)
                0x000000000000243c                log_core_init
 .text.dropped_notify
                0x000000000000247c       0x50 zephyr/libzephyr.a(log_core.c.obj)
                0x000000000000247c                dropped_notify
 .text.log_dropped
                0x00000000000024cc       0x20 zephyr/libzephyr.a(log_core.c.obj)
                0x00000000000024cc                log_dropped
 .text.log_source_name_get
                0x00000000000024ec       0x1c zephyr/libzephyr.a(log_core.c.obj)
                0x00000000000024ec                log_source_name_get
 .text.log_backend_enable
                0x0000000000002508       0x5c zephyr/libzephyr.a(log_core.c.obj)
                0x0000000000002508                log_backend_enable
 .text.log_init
                0x0000000000002564       0x7c zephyr/libzephyr.a(log_core.c.obj)
                0x0000000000002564                log_init
 .text.log_strdup
                0x00000000000025e0       0x6c zephyr/libzephyr.a(log_core.c.obj)
                0x00000000000025e0                log_strdup
 .text.log_is_strdup
                0x000000000000264c       0x1c zephyr/libzephyr.a(log_core.c.obj)
                0x000000000000264c                log_is_strdup
 .text.z_impl_log_process
                0x0000000000002668      0x17c zephyr/libzephyr.a(log_core.c.obj)
                0x0000000000002668                z_impl_log_process
 .text.msg_finalize
                0x00000000000027e4       0xb8 zephyr/libzephyr.a(log_core.c.obj)
 .text.log_process_thread_func
                0x000000000000289c       0x78 zephyr/libzephyr.a(log_core.c.obj)
 .text.z_impl_log_panic
                0x0000000000002914       0x4c zephyr/libzephyr.a(log_core.c.obj)
                0x0000000000002914                z_impl_log_panic
 .text.log_free
                0x0000000000002960       0x34 zephyr/libzephyr.a(log_core.c.obj)
                0x0000000000002960                log_free
 .text.log_msg_pool_init
                0x0000000000002994       0x14 zephyr/libzephyr.a(log_msg.c.obj)
                0x0000000000002994                log_msg_pool_init
 .text.log_msg_no_space_handle
                0x00000000000029a8       0x30 zephyr/libzephyr.a(log_msg.c.obj)
                0x00000000000029a8                log_msg_no_space_handle
 .text.log_msg_chunk_alloc
                0x00000000000029d8       0x24 zephyr/libzephyr.a(log_msg.c.obj)
                0x00000000000029d8                log_msg_chunk_alloc
 .text.msg_free
                0x00000000000029fc       0x84 zephyr/libzephyr.a(log_msg.c.obj)
 .text.log_msg_create_n
                0x0000000000002a80       0xd0 zephyr/libzephyr.a(log_msg.c.obj)
                0x0000000000002a80                log_msg_create_n
 .text.print_formatted
                0x0000000000002b50       0x24 zephyr/libzephyr.a(log_output.c.obj)
 .text.prefix_print
                0x0000000000002b74      0x11c zephyr/libzephyr.a(log_output.c.obj)
 .text.postfix_print
                0x0000000000002c90       0x3c zephyr/libzephyr.a(log_output.c.obj)
 .text.hexdump_line_print
                0x0000000000002ccc       0xdc zephyr/libzephyr.a(log_output.c.obj)
 .text.out_func
                0x0000000000002da8       0x60 zephyr/libzephyr.a(log_output.c.obj)
 .text.log_output_msg_process
                0x0000000000002e08      0x120 zephyr/libzephyr.a(log_output.c.obj)
                0x0000000000002e08                log_output_msg_process
 .text.log_output_dropped_process
                0x0000000000002f28       0x54 zephyr/libzephyr.a(log_output.c.obj)
                0x0000000000002f28                log_output_dropped_process
 .text.log_output_timestamp_freq_set
                0x0000000000002f7c       0x30 zephyr/libzephyr.a(log_output.c.obj)
                0x0000000000002f7c                log_output_timestamp_freq_set
 .text.panic    0x0000000000002fac        0xc zephyr/libzephyr.a(log_backend_uart.c.obj)
 .text.dropped  0x0000000000002fb8        0xc zephyr/libzephyr.a(log_backend_uart.c.obj)
 .text.log_backend_uart_init
                0x0000000000002fc4       0x3c zephyr/libzephyr.a(log_backend_uart.c.obj)
 .text.put      0x0000000000003000       0x24 zephyr/libzephyr.a(log_backend_uart.c.obj)
 .text.log_backend_rtt_init
                0x0000000000003024        0xc zephyr/libzephyr.a(log_backend_rtt.c.obj)
 .text.panic    0x0000000000003030       0x18 zephyr/libzephyr.a(log_backend_rtt.c.obj)
 .text.dropped  0x0000000000003048        0xc zephyr/libzephyr.a(log_backend_rtt.c.obj)
 .text.put      0x0000000000003054       0x24 zephyr/libzephyr.a(log_backend_rtt.c.obj)
 .text.on_failed_write.part.0
                0x0000000000003078       0x18 zephyr/libzephyr.a(log_backend_rtt.c.obj)
 .text.data_out_block_mode
                0x0000000000003090       0x9c zephyr/libzephyr.a(log_backend_rtt.c.obj)
 .text.nvs_prev_ate
                0x000000000000312c       0xe4 zephyr/libzephyr.a(nvs.c.obj)
 .text.nvs_gc   0x0000000000003210      0x144 zephyr/libzephyr.a(nvs.c.obj)
 .text.nvs_init
                0x0000000000003354      0x290 zephyr/libzephyr.a(nvs.c.obj)
                0x0000000000003354                nvs_init
 .text.nvs_write
                0x00000000000035e4      0x1c0 zephyr/libzephyr.a(nvs.c.obj)
                0x00000000000035e4                nvs_write
 .text.nvs_read_hist
                0x00000000000037a4       0xd0 zephyr/libzephyr.a(nvs.c.obj)
                0x00000000000037a4                nvs_read_hist
 .text.get_flash_area_from_id
                0x0000000000003874       0x30 zephyr/libzephyr.a(flash_map.c.obj)
 .text.flash_area_open
                0x00000000000038a4       0x28 zephyr/libzephyr.a(flash_map.c.obj)
                0x00000000000038a4                flash_area_open
 .text.flash_area_get_sectors
                0x00000000000038cc       0x50 zephyr/libzephyr.a(flash_map.c.obj)
                0x00000000000038cc                flash_area_get_sectors
 .text.settings_save_one
                0x000000000000391c       0x48 zephyr/libzephyr.a(settings_store.c.obj)
                0x000000000000391c                settings_save_one
 .text.settings_src_register
                0x0000000000003964       0x1c zephyr/libzephyr.a(settings_store.c.obj)
                0x0000000000003964                settings_src_register
 .text.settings_dst_register
                0x0000000000003980        0xc zephyr/libzephyr.a(settings_store.c.obj)
                0x0000000000003980                settings_dst_register
 .text.settings_load_subtree
                0x000000000000398c       0x50 zephyr/libzephyr.a(settings_store.c.obj)
                0x000000000000398c                settings_load_subtree
 .text.settings_load_subtree_direct
                0x00000000000039dc       0x44 zephyr/libzephyr.a(settings_store.c.obj)
                0x00000000000039dc                settings_load_subtree_direct
 .text.settings_store_init
                0x0000000000003a20       0x10 zephyr/libzephyr.a(settings_store.c.obj)
                0x0000000000003a20                settings_store_init
 .text.settings_init
                0x0000000000003a30       0x10 zephyr/libzephyr.a(settings.c.obj)
                0x0000000000003a30                settings_init
 .text.settings_parse_and_lookup
                0x0000000000003a40       0xc8 zephyr/libzephyr.a(settings.c.obj)
                0x0000000000003a40                settings_parse_and_lookup
 .text.settings_call_set_handler
                0x0000000000003b08       0x9c zephyr/libzephyr.a(settings.c.obj)
                0x0000000000003b08                settings_call_set_handler
 .text.settings_commit_subtree
                0x0000000000003ba4       0xb0 zephyr/libzephyr.a(settings.c.obj)
                0x0000000000003ba4                settings_commit_subtree
 .text.settings_subsys_init
                0x0000000000003c54       0x20 zephyr/libzephyr.a(settings_init.c.obj)
                0x0000000000003c54                settings_subsys_init
 .text.settings_nvs_load
                0x0000000000003c74       0xb8 zephyr/libzephyr.a(settings_nvs.c.obj)
 .text.settings_backend_init
                0x0000000000003d2c       0x98 zephyr/libzephyr.a(settings_nvs.c.obj)
                0x0000000000003d2c                settings_backend_init
 .text.uart_console_init
                0x0000000000003dc4       0x2c zephyr/libzephyr.a(uart_console.c.obj)
 .text.console_out
                0x0000000000003df0       0x28 zephyr/libzephyr.a(uart_console.c.obj)
 .text.get_status
                0x0000000000003e18       0x44 zephyr/libzephyr.a(nrf_power_clock.c.obj)
 .text.clock_async_start
                0x0000000000003e5c      0x128 zephyr/libzephyr.a(nrf_power_clock.c.obj)
 .text.clock_stop
                0x0000000000003f84       0x7c zephyr/libzephyr.a(nrf_power_clock.c.obj)
 .text.clkstarted_handle.constprop.0
                0x0000000000004000       0x50 zephyr/libzephyr.a(nrf_power_clock.c.obj)
 .text.nrf_power_clock_isr
                0x0000000000004050       0x64 zephyr/libzephyr.a(nrf_power_clock.c.obj)
                0x0000000000004050                nrf_power_clock_isr
 .text.z_clock_isr
                0x00000000000040b4       0x28 zephyr/libzephyr.a(sys_clock_init.c.obj)
                0x00000000000040b4                z_clock_isr
 .text.rtc1_nrf_isr
                0x00000000000040dc       0xb0 zephyr/libzephyr.a(nrf_rtc_timer.c.obj)
                0x00000000000040dc                rtc1_nrf_isr
 .text.z_clock_driver_init
                0x000000000000418c       0x74 zephyr/libzephyr.a(nrf_rtc_timer.c.obj)
                0x000000000000418c                z_clock_driver_init
 .text.z_clock_set_timeout
                0x0000000000004200      0x118 zephyr/libzephyr.a(nrf_rtc_timer.c.obj)
                0x0000000000004200                z_clock_set_timeout
 .text.z_clock_elapsed
                0x0000000000004318       0xa0 zephyr/libzephyr.a(nrf_rtc_timer.c.obj)
                0x0000000000004318                z_clock_elapsed
 .text.z_timer_cycle_get_32
                0x00000000000043b8       0xa4 zephyr/libzephyr.a(nrf_rtc_timer.c.obj)
                0x00000000000043b8                z_timer_cycle_get_32
 .text._DoInit  0x000000000000445c       0x60 zephyr/libzephyr.a(SEGGER_RTT.c.obj)
 .text.SEGGER_RTT_WriteSkipNoLock
                0x00000000000044bc       0x98 zephyr/libzephyr.a(SEGGER_RTT.c.obj)
                0x00000000000044bc                SEGGER_RTT_WriteSkipNoLock
 .text.SEGGER_RTT_HasDataUp
                0x0000000000004554       0x14 zephyr/libzephyr.a(SEGGER_RTT.c.obj)
                0x0000000000004554                SEGGER_RTT_HasDataUp
 .text.uECC_get_rng
                0x0000000000004568        0xc zephyr/libzephyr.a(ecc.c.obj)
                0x0000000000004568                uECC_get_rng
 .text.vli_mmod_fast_secp256r1
                0x0000000000004574      0x1a0 zephyr/libzephyr.a(ecc.c.obj)
                0x0000000000004574                vli_mmod_fast_secp256r1
 .text.tc_aes128_set_encrypt_key
                0x0000000000004714       0xa4 zephyr/libzephyr.a(aes_encrypt.c.obj)
                0x0000000000004714                tc_aes128_set_encrypt_key
 .text.tc_aes_encrypt
                0x00000000000047b8       0xd4 zephyr/libzephyr.a(aes_encrypt.c.obj)
                0x00000000000047b8                tc_aes_encrypt
 .text._HandlerModeExit
                0x000000000000488c       0x1c zephyr/arch/arch/arm/core/aarch32/libarch__arm__core__aarch32.a(exc_exit.S.obj)
                0x000000000000488c                z_arm_exc_exit
                0x000000000000488c                z_arm_int_exit
 .text.arch_swap
                0x00000000000048a8       0x38 zephyr/arch/arch/arm/core/aarch32/libarch__arm__core__aarch32.a(swap.c.obj)
                0x00000000000048a8                arch_swap
 .text.z_arm_pendsv
                0x00000000000048e0       0x58 zephyr/arch/arch/arm/core/aarch32/libarch__arm__core__aarch32.a(swap_helper.S.obj)
                0x00000000000048e0                z_arm_pendsv
 .text.z_arm_svc
                0x0000000000004938       0x20 zephyr/arch/arch/arm/core/aarch32/libarch__arm__core__aarch32.a(swap_helper.S.obj)
                0x0000000000004938                z_arm_svc
 .text.arch_irq_enable
                0x0000000000004958       0x20 zephyr/arch/arch/arm/core/aarch32/libarch__arm__core__aarch32.a(irq_manage.c.obj)
                0x0000000000004958                arch_irq_enable
 .text.arch_irq_disable
                0x0000000000004978       0x28 zephyr/arch/arch/arm/core/aarch32/libarch__arm__core__aarch32.a(irq_manage.c.obj)
                0x0000000000004978                arch_irq_disable
 .text.arch_irq_is_enabled
                0x00000000000049a0       0x1c zephyr/arch/arch/arm/core/aarch32/libarch__arm__core__aarch32.a(irq_manage.c.obj)
                0x00000000000049a0                arch_irq_is_enabled
 .text.z_arm_irq_priority_set
                0x00000000000049bc       0x64 zephyr/arch/arch/arm/core/aarch32/libarch__arm__core__aarch32.a(irq_manage.c.obj)
                0x00000000000049bc                z_arm_irq_priority_set
 .text._arch_isr_direct_pm
                0x0000000000004a20       0x1c zephyr/arch/arch/arm/core/aarch32/libarch__arm__core__aarch32.a(irq_manage.c.obj)
                0x0000000000004a20                _arch_isr_direct_pm
 .text.arch_new_thread
                0x0000000000004a3c       0xa8 zephyr/arch/arch/arm/core/aarch32/libarch__arm__core__aarch32.a(thread.c.obj)
                0x0000000000004a3c                arch_new_thread
 .text.z_check_thread_stack_fail
                0x0000000000004ae4       0x30 zephyr/arch/arch/arm/core/aarch32/libarch__arm__core__aarch32.a(thread.c.obj)
                0x0000000000004ae4                z_check_thread_stack_fail
 .text.arch_switch_to_main_thread
                0x0000000000004b14       0x40 zephyr/arch/arch/arm/core/aarch32/libarch__arm__core__aarch32.a(thread.c.obj)
                0x0000000000004b14                arch_switch_to_main_thread
 .text.z_arm_cpu_idle_init
                0x0000000000004b54        0xc zephyr/arch/arch/arm/core/aarch32/libarch__arm__core__aarch32.a(cpu_idle.S.obj)
                0x0000000000004b54                z_arm_cpu_idle_init
 .text.arch_cpu_idle
                0x0000000000004b60       0x1c zephyr/arch/arch/arm/core/aarch32/libarch__arm__core__aarch32.a(cpu_idle.S.obj)
                0x0000000000004b60                arch_cpu_idle
 .text.__fault  0x0000000000004b7c       0x14 zephyr/arch/arch/arm/core/aarch32/libarch__arm__core__aarch32.a(fault_s.S.obj)
                0x0000000000004b7c                z_arm_bus_fault
                0x0000000000004b7c                z_arm_usage_fault
                0x0000000000004b7c                z_arm_mpu_fault
                0x0000000000004b7c                z_arm_reserved
                0x0000000000004b7c                z_arm_debug_monitor
                0x0000000000004b7c                z_arm_hard_fault
 .text.z_arm_fatal_error
                0x0000000000004b90       0x70 zephyr/arch/arch/arm/core/aarch32/libarch__arm__core__aarch32.a(fatal.c.obj)
                0x0000000000004b90                z_arm_fatal_error
 .text.z_SysNmiOnReset
                0x0000000000004c00        0x8 zephyr/arch/arch/arm/core/aarch32/libarch__arm__core__aarch32.a(nmi_on_reset.S.obj)
                0x0000000000004c00                z_SysNmiOnReset
 .text.z_arm_prep_c
                0x0000000000004c08       0x44 zephyr/arch/arch/arm/core/aarch32/libarch__arm__core__aarch32.a(prep_c.c.obj)
                0x0000000000004c08                z_arm_prep_c
 .text._isr_wrapper
                0x0000000000004c4c       0x40 zephyr/arch/arch/arm/core/aarch32/libarch__arm__core__aarch32.a(isr_wrapper.S.obj)
                0x0000000000004c4c                _isr_wrapper
 .text._reset_section
                0x0000000000004c8c       0x30 zephyr/arch/arch/arm/core/aarch32/cortex_m/libarch__arm__core__aarch32__cortex_m.a(reset.S.obj)
                0x0000000000004c8c                z_arm_reset
                0x0000000000004c8c                __start
 .text.mem_manage_fault
                0x0000000000004cbc      0x130 zephyr/arch/arch/arm/core/aarch32/cortex_m/libarch__arm__core__aarch32__cortex_m.a(fault.c.obj)
 .text.usage_fault.isra.0
                0x0000000000004dec       0xb8 zephyr/arch/arch/arm/core/aarch32/cortex_m/libarch__arm__core__aarch32__cortex_m.a(fault.c.obj)
 .text.bus_fault.isra.0
                0x0000000000004ea4       0xdc zephyr/arch/arch/arm/core/aarch32/cortex_m/libarch__arm__core__aarch32__cortex_m.a(fault.c.obj)
 .text.z_arm_fault
                0x0000000000004f80      0x1cc zephyr/arch/arch/arm/core/aarch32/cortex_m/libarch__arm__core__aarch32__cortex_m.a(fault.c.obj)
                0x0000000000004f80                z_arm_fault
 .text.z_arm_fault_init
                0x000000000000514c       0x10 zephyr/arch/arch/arm/core/aarch32/cortex_m/libarch__arm__core__aarch32__cortex_m.a(fault.c.obj)
                0x000000000000514c                z_arm_fault_init
 .text.z_arm_interrupt_init
                0x000000000000515c       0x18 zephyr/arch/arch/arm/core/aarch32/cortex_m/libarch__arm__core__aarch32__cortex_m.a(irq_init.c.obj)
                0x000000000000515c                z_arm_interrupt_init
 .text.z_impl_k_thread_abort
                0x0000000000005174       0x7c zephyr/arch/arch/arm/core/aarch32/cortex_m/libarch__arm__core__aarch32__cortex_m.a(thread_abort.c.obj)
                0x0000000000005174                z_impl_k_thread_abort
 .text.z_arm_configure_static_mpu_regions
                0x00000000000051f0       0x38 zephyr/arch/arch/arm/core/aarch32/cortex_m/mpu/libarch__arm__core__aarch32__cortex_m__mpu.a(arm_core_mpu.c.obj)
                0x00000000000051f0                z_arm_configure_static_mpu_regions
 .text.z_arm_configure_dynamic_mpu_regions
                0x0000000000005228       0x28 zephyr/arch/arch/arm/core/aarch32/cortex_m/mpu/libarch__arm__core__aarch32__cortex_m__mpu.a(arm_core_mpu.c.obj)
                0x0000000000005228                z_arm_configure_dynamic_mpu_regions
 .text.mpu_configure_regions
                0x0000000000005250       0xc4 zephyr/arch/arch/arm/core/aarch32/cortex_m/mpu/libarch__arm__core__aarch32__cortex_m__mpu.a(arm_mpu.c.obj)
 .text.arm_core_mpu_enable
                0x0000000000005314       0x14 zephyr/arch/arch/arm/core/aarch32/cortex_m/mpu/libarch__arm__core__aarch32__cortex_m__mpu.a(arm_mpu.c.obj)
                0x0000000000005314                arm_core_mpu_enable
 .text.arm_core_mpu_disable
                0x0000000000005328       0x10 zephyr/arch/arch/arm/core/aarch32/cortex_m/mpu/libarch__arm__core__aarch32__cortex_m__mpu.a(arm_mpu.c.obj)
                0x0000000000005328                arm_core_mpu_disable
 .text.arm_mpu_init
                0x0000000000005338       0xbc zephyr/arch/arch/arm/core/aarch32/cortex_m/mpu/libarch__arm__core__aarch32__cortex_m__mpu.a(arm_mpu.c.obj)
 .text.arm_core_mpu_configure_static_mpu_regions
                0x00000000000053f4       0x4c zephyr/arch/arch/arm/core/aarch32/cortex_m/mpu/libarch__arm__core__aarch32__cortex_m__mpu.a(arm_mpu.c.obj)
                0x00000000000053f4                arm_core_mpu_configure_static_mpu_regions
 .text.arm_core_mpu_configure_dynamic_mpu_regions
                0x0000000000005440       0x64 zephyr/arch/arch/arm/core/aarch32/cortex_m/mpu/libarch__arm__core__aarch32__cortex_m__mpu.a(arm_mpu.c.obj)
                0x0000000000005440                arm_core_mpu_configure_dynamic_mpu_regions
 .text.z_prf    0x00000000000054a4      0x9e0 zephyr/lib/libc/minimal/liblib__libc__minimal.a(prf.c.obj)
                0x00000000000054a4                z_prf
 .text.__stdout_hook_install
                0x0000000000005e84        0xc zephyr/lib/libc/minimal/liblib__libc__minimal.a(stdout_console.c.obj)
                0x0000000000005e84                __stdout_hook_install
 .text.snprintf
                0x0000000000005e90       0x30 zephyr/lib/libc/minimal/liblib__libc__minimal.a(sprintf.c.obj)
                0x0000000000005e90                snprintf
 .text.nordicsemi_nrf52_init
                0x0000000000005ec0       0x30 zephyr/soc/arm/nordic_nrf/nrf52/libsoc__arm__nordic_nrf__nrf52.a(soc.c.obj)
 .text.arch_busy_wait
                0x0000000000005ef0       0x14 zephyr/soc/arm/nordic_nrf/nrf52/libsoc__arm__nordic_nrf__nrf52.a(soc.c.obj)
                0x0000000000005ef0                arch_busy_wait
 .text.bt_hex_real
                0x0000000000005f04       0x44 zephyr/subsys/bluetooth/common/libsubsys__bluetooth__common.a(log.c.obj)
                0x0000000000005f04                bt_hex_real
 .text.bt_addr_le_str_real
                0x0000000000005f48       0x7c zephyr/subsys/bluetooth/common/libsubsys__bluetooth__common.a(log.c.obj)
                0x0000000000005f48                bt_addr_le_str_real
 .text.bt_uuid_str_real
                0x0000000000005fc4       0x14 zephyr/subsys/bluetooth/common/libsubsys__bluetooth__common.a(log.c.obj)
                0x0000000000005fc4                bt_uuid_str_real
 .text.sys_memcpy_swap.constprop.0
                0x0000000000005fd8       0x5c zephyr/subsys/bluetooth/host/libsubsys__bluetooth__host.a(hci_ecc.c.obj)
 .text.ecc_thread
                0x0000000000006034      0x1e4 zephyr/subsys/bluetooth/host/libsubsys__bluetooth__host.a(hci_ecc.c.obj)
 .text.bt_hci_ecc_send
                0x0000000000006218      0x114 zephyr/subsys/bluetooth/host/libsubsys__bluetooth__host.a(hci_ecc.c.obj)
                0x0000000000006218                bt_hci_ecc_send
 .text.bt_hci_ecc_init
                0x000000000000632c       0x44 zephyr/subsys/bluetooth/host/libsubsys__bluetooth__host.a(hci_ecc.c.obj)
                0x000000000000632c                bt_hci_ecc_init
 .text.save_id  0x0000000000006370       0x50 zephyr/subsys/bluetooth/host/libsubsys__bluetooth__host.a(settings.c.obj)
 .text.set      0x00000000000063c0      0x10c zephyr/subsys/bluetooth/host/libsubsys__bluetooth__host.a(settings.c.obj)
 .text.bt_settings_encode_key
                0x00000000000064cc       0x60 zephyr/subsys/bluetooth/host/libsubsys__bluetooth__host.a(settings.c.obj)
                0x00000000000064cc                bt_settings_encode_key
 .text.bt_settings_save_id
                0x000000000000652c       0x30 zephyr/subsys/bluetooth/host/libsubsys__bluetooth__host.a(settings.c.obj)
                0x000000000000652c                bt_settings_save_id
 .text.commit   0x000000000000655c       0x90 zephyr/subsys/bluetooth/host/libsubsys__bluetooth__host.a(settings.c.obj)
 .text.bt_settings_init
                0x00000000000065ec       0x30 zephyr/subsys/bluetooth/host/libsubsys__bluetooth__host.a(settings.c.obj)
                0x00000000000065ec                bt_settings_init
 .text.uuid_to_uuid128
                0x000000000000661c       0x7c zephyr/subsys/bluetooth/host/libsubsys__bluetooth__host.a(uuid.c.obj)
 .text.bt_uuid_to_str
                0x0000000000006698       0xb4 zephyr/subsys/bluetooth/host/libsubsys__bluetooth__host.a(uuid.c.obj)
                0x0000000000006698                bt_uuid_to_str
 .text.le_dhkey_complete
                0x000000000000674c       0x20 zephyr/subsys/bluetooth/host/libsubsys__bluetooth__host.a(hci_core.c.obj)
 .text.ver_str  0x000000000000676c       0x38 zephyr/subsys/bluetooth/host/libsubsys__bluetooth__host.a(hci_core.c.obj)
 .text.hci_data_buf_overflow
                0x00000000000067a4       0x24 zephyr/subsys/bluetooth/host/libsubsys__bluetooth__host.a(hci_core.c.obj)
 .text.le_pkey_complete
                0x00000000000067c8       0x50 zephyr/subsys/bluetooth/host/libsubsys__bluetooth__host.a(hci_core.c.obj)
 .text.le_conn_update_complete
                0x0000000000006818       0x98 zephyr/subsys/bluetooth/host/libsubsys__bluetooth__host.a(hci_core.c.obj)
 .text.hci_vendor_event
                0x00000000000068b0       0x38 zephyr/subsys/bluetooth/host/libsubsys__bluetooth__host.a(hci_core.c.obj)
 .text.handle_event
                0x00000000000068e8       0x84 zephyr/subsys/bluetooth/host/libsubsys__bluetooth__host.a(hci_core.c.obj)
 .text.hci_le_meta_event
                0x000000000000696c       0x20 zephyr/subsys/bluetooth/host/libsubsys__bluetooth__host.a(hci_core.c.obj)
 .text.hci_cmd_done
                0x000000000000698c       0xf4 zephyr/subsys/bluetooth/host/libsubsys__bluetooth__host.a(hci_core.c.obj)
 .text.find_pending_connect.part.0
                0x0000000000006a80       0x38 zephyr/subsys/bluetooth/host/libsubsys__bluetooth__host.a(hci_core.c.obj)
 .text.id_find  0x0000000000006ab8       0x34 zephyr/subsys/bluetooth/host/libsubsys__bluetooth__host.a(hci_core.c.obj)
 .text.hci_tx_thread
                0x0000000000006aec      0x17c zephyr/subsys/bluetooth/host/libsubsys__bluetooth__host.a(hci_core.c.obj)
 .text.hci_num_completed_packets
                0x0000000000006c68      0x134 zephyr/subsys/bluetooth/host/libsubsys__bluetooth__host.a(hci_core.c.obj)
 .text.le_adv_report
                0x0000000000006d9c      0x16c zephyr/subsys/bluetooth/host/libsubsys__bluetooth__host.a(hci_core.c.obj)
 .text.hci_cmd_status
                0x0000000000006f08       0x2c zephyr/subsys/bluetooth/host/libsubsys__bluetooth__host.a(hci_core.c.obj)
 .text.valid_adv_param
                0x0000000000006f34       0x6c zephyr/subsys/bluetooth/host/libsubsys__bluetooth__host.a(hci_core.c.obj)
 .text.hci_cmd_complete
                0x0000000000006fa0       0x30 zephyr/subsys/bluetooth/host/libsubsys__bluetooth__host.a(hci_core.c.obj)
 .text.bt_hci_cmd_create
                0x0000000000006fd0       0x90 zephyr/subsys/bluetooth/host/libsubsys__bluetooth__host.a(hci_core.c.obj)
                0x0000000000006fd0                bt_hci_cmd_create
 .text.bt_hci_cmd_send
                0x0000000000007060       0x64 zephyr/subsys/bluetooth/host/libsubsys__bluetooth__host.a(hci_core.c.obj)
                0x0000000000007060                bt_hci_cmd_send
 .text.le_conn_param_neg_reply
                0x00000000000070c4       0x54 zephyr/subsys/bluetooth/host/libsubsys__bluetooth__host.a(hci_core.c.obj)
 .text.le_conn_param_req
                0x0000000000007118       0xd0 zephyr/subsys/bluetooth/host/libsubsys__bluetooth__host.a(hci_core.c.obj)
 .text.conn_auto_initiate
                0x00000000000071e8       0x78 zephyr/subsys/bluetooth/host/libsubsys__bluetooth__host.a(hci_core.c.obj)
 .text.le_remote_feat_complete
                0x0000000000007260       0x60 zephyr/subsys/bluetooth/host/libsubsys__bluetooth__host.a(hci_core.c.obj)
 .text.bt_hci_cmd_send_sync
                0x00000000000072c0       0xc4 zephyr/subsys/bluetooth/host/libsubsys__bluetooth__host.a(hci_core.c.obj)
                0x00000000000072c0                bt_hci_cmd_send_sync
 .text.set_le_scan_enable_legacy
                0x0000000000007384       0x78 zephyr/subsys/bluetooth/host/libsubsys__bluetooth__host.a(hci_core.c.obj)
 .text.hci_set_ad
                0x00000000000073fc       0xe0 zephyr/subsys/bluetooth/host/libsubsys__bluetooth__host.a(hci_core.c.obj)
 .text.le_adv_update.isra.0
                0x00000000000074dc       0x94 zephyr/subsys/bluetooth/host/libsubsys__bluetooth__host.a(hci_core.c.obj)
 .text.set_random_address
                0x0000000000007570       0x5c zephyr/subsys/bluetooth/host/libsubsys__bluetooth__host.a(hci_core.c.obj)
 .text.set_le_adv_enable_legacy
                0x00000000000075cc       0x60 zephyr/subsys/bluetooth/host/libsubsys__bluetooth__host.a(hci_core.c.obj)
 .text.bt_le_scan_update
                0x000000000000762c       0x2c zephyr/subsys/bluetooth/host/libsubsys__bluetooth__host.a(hci_core.c.obj)
                0x000000000000762c                bt_le_scan_update
 .text.id_create.isra.0
                0x0000000000007658       0x68 zephyr/subsys/bluetooth/host/libsubsys__bluetooth__host.a(hci_core.c.obj)
 .text.bt_recv  0x00000000000076c0      0x154 zephyr/subsys/bluetooth/host/libsubsys__bluetooth__host.a(hci_core.c.obj)
                0x00000000000076c0                bt_recv
 .text.bt_recv_prio
                0x0000000000007814       0xac zephyr/subsys/bluetooth/host/libsubsys__bluetooth__host.a(hci_core.c.obj)
                0x0000000000007814                bt_recv_prio
 .text.bt_hci_driver_register
                0x00000000000078c0       0x28 zephyr/subsys/bluetooth/host/libsubsys__bluetooth__host.a(hci_core.c.obj)
                0x00000000000078c0                bt_hci_driver_register
 .text.bt_finalize_init
                0x00000000000078e8       0xe0 zephyr/subsys/bluetooth/host/libsubsys__bluetooth__host.a(hci_core.c.obj)
                0x00000000000078e8                bt_finalize_init
 .text.bt_init  0x00000000000079c8      0x450 zephyr/subsys/bluetooth/host/libsubsys__bluetooth__host.a(hci_core.c.obj)
 .text.init_work
                0x0000000000007e18       0x18 zephyr/subsys/bluetooth/host/libsubsys__bluetooth__host.a(hci_core.c.obj)
 .text.bt_enable
                0x0000000000007e30       0xf0 zephyr/subsys/bluetooth/host/libsubsys__bluetooth__host.a(hci_core.c.obj)
                0x0000000000007e30                bt_enable
 .text.bt_set_name
                0x0000000000007f20       0x9c zephyr/subsys/bluetooth/host/libsubsys__bluetooth__host.a(hci_core.c.obj)
                0x0000000000007f20                bt_set_name
 .text.bt_get_name
                0x0000000000007fbc        0x8 zephyr/subsys/bluetooth/host/libsubsys__bluetooth__host.a(hci_core.c.obj)
                0x0000000000007fbc                bt_get_name
 .text.bt_id_create
                0x0000000000007fc4       0x8c zephyr/subsys/bluetooth/host/libsubsys__bluetooth__host.a(hci_core.c.obj)
                0x0000000000007fc4                bt_id_create
 .text.bt_setup_public_id_addr
                0x0000000000008050       0xa0 zephyr/subsys/bluetooth/host/libsubsys__bluetooth__host.a(hci_core.c.obj)
                0x0000000000008050                bt_setup_public_id_addr
 .text.bt_read_static_addr
                0x00000000000080f0       0xb4 zephyr/subsys/bluetooth/host/libsubsys__bluetooth__host.a(hci_core.c.obj)
                0x00000000000080f0                bt_read_static_addr
 .text.bt_setup_random_id_addr
                0x00000000000081a4       0x58 zephyr/subsys/bluetooth/host/libsubsys__bluetooth__host.a(hci_core.c.obj)
                0x00000000000081a4                bt_setup_random_id_addr
 .text.le_adv_set_random_addr
                0x00000000000081fc       0xb0 zephyr/subsys/bluetooth/host/libsubsys__bluetooth__host.a(hci_core.c.obj)
                0x00000000000081fc                le_adv_set_random_addr
 .text.bt_le_adv_start_legacy
                0x00000000000082ac      0x20c zephyr/subsys/bluetooth/host/libsubsys__bluetooth__host.a(hci_core.c.obj)
                0x00000000000082ac                bt_le_adv_start_legacy
 .text.bt_le_adv_stop
                0x00000000000084b8       0xa0 zephyr/subsys/bluetooth/host/libsubsys__bluetooth__host.a(hci_core.c.obj)
                0x00000000000084b8                bt_le_adv_stop
 .text.bt_le_adv_resume
                0x0000000000008558       0x7c zephyr/subsys/bluetooth/host/libsubsys__bluetooth__host.a(hci_core.c.obj)
                0x0000000000008558                bt_le_adv_resume
 .text.hci_disconn_complete
                0x00000000000085d4       0x7c zephyr/subsys/bluetooth/host/libsubsys__bluetooth__host.a(hci_core.c.obj)
 .text.enh_conn_complete
                0x0000000000008650      0x188 zephyr/subsys/bluetooth/host/libsubsys__bluetooth__host.a(hci_core.c.obj)
 .text.bt_le_scan_start
                0x00000000000087d8      0x15c zephyr/subsys/bluetooth/host/libsubsys__bluetooth__host.a(hci_core.c.obj)
                0x00000000000087d8                bt_le_scan_start
 .text.bt_le_scan_stop
                0x0000000000008934       0x2c zephyr/subsys/bluetooth/host/libsubsys__bluetooth__host.a(hci_core.c.obj)
                0x0000000000008934                bt_le_scan_stop
 .text.bt_buf_get_rx
                0x0000000000008960       0x5c zephyr/subsys/bluetooth/host/libsubsys__bluetooth__host.a(hci_core.c.obj)
                0x0000000000008960                bt_buf_get_rx
 .text.bt_buf_get_cmd_complete
                0x00000000000089bc       0x4c zephyr/subsys/bluetooth/host/libsubsys__bluetooth__host.a(hci_core.c.obj)
                0x00000000000089bc                bt_buf_get_cmd_complete
 .text.bt_buf_get_evt
                0x0000000000008a08       0x50 zephyr/subsys/bluetooth/host/libsubsys__bluetooth__host.a(hci_core.c.obj)
                0x0000000000008a08                bt_buf_get_evt
 .text.bt_pub_key_gen
                0x0000000000008a58       0xa0 zephyr/subsys/bluetooth/host/libsubsys__bluetooth__host.a(hci_core.c.obj)
                0x0000000000008a58                bt_pub_key_gen
 .text.bt_pub_key_get
                0x0000000000008af8       0x1c zephyr/subsys/bluetooth/host/libsubsys__bluetooth__host.a(hci_core.c.obj)
                0x0000000000008af8                bt_pub_key_get
 .text.bt_dh_key_gen
                0x0000000000008b14       0x74 zephyr/subsys/bluetooth/host/libsubsys__bluetooth__host.a(hci_core.c.obj)
                0x0000000000008b14                bt_dh_key_gen
 .text.tx_free  0x0000000000008b88       0x14 zephyr/subsys/bluetooth/host/libsubsys__bluetooth__host.a(conn.c.obj)
 .text.notify_connected
                0x0000000000008b9c       0x2c zephyr/subsys/bluetooth/host/libsubsys__bluetooth__host.a(conn.c.obj)
 .text.send_frag
                0x0000000000008bc8      0x158 zephyr/subsys/bluetooth/host/libsubsys__bluetooth__host.a(conn.c.obj)
 .text.conn_cleanup
                0x0000000000008d20       0x90 zephyr/subsys/bluetooth/host/libsubsys__bluetooth__host.a(conn.c.obj)
 .text.bt_conn_get_pkts
                0x0000000000008db0        0x8 zephyr/subsys/bluetooth/host/libsubsys__bluetooth__host.a(conn.c.obj)
                0x0000000000008db0                bt_conn_get_pkts
 .text.notify_le_param_updated
                0x0000000000008db8       0x68 zephyr/subsys/bluetooth/host/libsubsys__bluetooth__host.a(conn.c.obj)
                0x0000000000008db8                notify_le_param_updated
 .text.le_param_req
                0x0000000000008e20       0x40 zephyr/subsys/bluetooth/host/libsubsys__bluetooth__host.a(conn.c.obj)
                0x0000000000008e20                le_param_req
 .text.bt_conn_cb_register
                0x0000000000008e60       0x10 zephyr/subsys/bluetooth/host/libsubsys__bluetooth__host.a(conn.c.obj)
                0x0000000000008e60                bt_conn_cb_register
 .text.bt_conn_recv
                0x0000000000008e70      0x134 zephyr/subsys/bluetooth/host/libsubsys__bluetooth__host.a(conn.c.obj)
                0x0000000000008e70                bt_conn_recv
 .text.bt_conn_send_cb
                0x0000000000008fa4       0xd4 zephyr/subsys/bluetooth/host/libsubsys__bluetooth__host.a(conn.c.obj)
                0x0000000000008fa4                bt_conn_send_cb
 .text.bt_conn_prepare_events
                0x0000000000009078       0x78 zephyr/subsys/bluetooth/host/libsubsys__bluetooth__host.a(conn.c.obj)
                0x0000000000009078                bt_conn_prepare_events
 .text.bt_conn_add_le
                0x00000000000090f0       0x7c zephyr/subsys/bluetooth/host/libsubsys__bluetooth__host.a(conn.c.obj)
                0x00000000000090f0                bt_conn_add_le
 .text.bt_conn_set_state
                0x000000000000916c      0x194 zephyr/subsys/bluetooth/host/libsubsys__bluetooth__host.a(conn.c.obj)
                0x000000000000916c                bt_conn_set_state
 .text.bt_conn_lookup_handle
                0x0000000000009300       0x34 zephyr/subsys/bluetooth/host/libsubsys__bluetooth__host.a(conn.c.obj)
                0x0000000000009300                bt_conn_lookup_handle
 .text.bt_conn_lookup_addr_le
                0x0000000000009334       0x38 zephyr/subsys/bluetooth/host/libsubsys__bluetooth__host.a(conn.c.obj)
                0x0000000000009334                bt_conn_lookup_addr_le
 .text.bt_conn_lookup_state_le
                0x000000000000936c       0x4c zephyr/subsys/bluetooth/host/libsubsys__bluetooth__host.a(conn.c.obj)
                0x000000000000936c                bt_conn_lookup_state_le
 .text.send_conn_le_param_update
                0x00000000000093b8       0x5c zephyr/subsys/bluetooth/host/libsubsys__bluetooth__host.a(conn.c.obj)
 .text.conn_update_timeout
                0x0000000000009414       0xb8 zephyr/subsys/bluetooth/host/libsubsys__bluetooth__host.a(conn.c.obj)
 .text.bt_conn_create_pdu_timeout
                0x00000000000094cc       0x78 zephyr/subsys/bluetooth/host/libsubsys__bluetooth__host.a(conn.c.obj)
                0x00000000000094cc                bt_conn_create_pdu_timeout
 .text.bt_conn_create_frag_timeout
                0x0000000000009544       0x10 zephyr/subsys/bluetooth/host/libsubsys__bluetooth__host.a(conn.c.obj)
                0x0000000000009544                bt_conn_create_frag_timeout
 .text.create_frag.isra.0
                0x0000000000009554       0x68 zephyr/subsys/bluetooth/host/libsubsys__bluetooth__host.a(conn.c.obj)
 .text.bt_conn_process_tx
                0x00000000000095bc       0xd0 zephyr/subsys/bluetooth/host/libsubsys__bluetooth__host.a(conn.c.obj)
                0x00000000000095bc                bt_conn_process_tx
 .text.bt_conn_index
                0x000000000000968c       0x4c zephyr/subsys/bluetooth/host/libsubsys__bluetooth__host.a(conn.c.obj)
                0x000000000000968c                bt_conn_index
 .text.bt_conn_init
                0x00000000000096d8       0x4c zephyr/subsys/bluetooth/host/libsubsys__bluetooth__host.a(conn.c.obj)
                0x00000000000096d8                bt_conn_init
 .text.l2cap_accept
                0x0000000000009724       0x44 zephyr/subsys/bluetooth/host/libsubsys__bluetooth__host.a(l2cap.c.obj)
 .text.l2cap_create_le_sig_pdu.isra.0
                0x0000000000009768       0x50 zephyr/subsys/bluetooth/host/libsubsys__bluetooth__host.a(l2cap.c.obj)
 .text.l2cap_rtx_timeout
                0x00000000000097b8       0x40 zephyr/subsys/bluetooth/host/libsubsys__bluetooth__host.a(l2cap.c.obj)
 .text.bt_l2cap_connected
                0x00000000000097f8       0xe8 zephyr/subsys/bluetooth/host/libsubsys__bluetooth__host.a(l2cap.c.obj)
                0x00000000000097f8                bt_l2cap_connected
 .text.l2cap_recv
                0x00000000000098e0       0xe4 zephyr/subsys/bluetooth/host/libsubsys__bluetooth__host.a(l2cap.c.obj)
 .text.bt_l2cap_recv
                0x00000000000099c4       0x70 zephyr/subsys/bluetooth/host/libsubsys__bluetooth__host.a(l2cap.c.obj)
                0x00000000000099c4                bt_l2cap_recv
 .text.bt_l2cap_update_conn_param
                0x0000000000009a34       0x5c zephyr/subsys/bluetooth/host/libsubsys__bluetooth__host.a(l2cap.c.obj)
                0x0000000000009a34                bt_l2cap_update_conn_param
 .text.bt_att_destroy
                0x0000000000009a90       0x18 zephyr/subsys/bluetooth/host/libsubsys__bluetooth__host.a(att.c.obj)
                0x0000000000009a90                bt_att_destroy
 .text.find_type_cb
                0x0000000000009aa8      0x104 zephyr/subsys/bluetooth/host/libsubsys__bluetooth__host.a(att.c.obj)
 .text.bt_att_connected
                0x0000000000009bac       0x28 zephyr/subsys/bluetooth/host/libsubsys__bluetooth__host.a(att.c.obj)
 .text.att_send
                0x0000000000009bd4       0x80 zephyr/subsys/bluetooth/host/libsubsys__bluetooth__host.a(att.c.obj)
 .text.att_get  0x0000000000009c54       0x3c zephyr/subsys/bluetooth/host/libsubsys__bluetooth__host.a(att.c.obj)
 .text.bt_att_accept
                0x0000000000009c90       0x68 zephyr/subsys/bluetooth/host/libsubsys__bluetooth__host.a(att.c.obj)
 .text.att_chan_get
                0x0000000000009cf8       0x78 zephyr/subsys/bluetooth/host/libsubsys__bluetooth__host.a(att.c.obj)
 .text.att_req_sent
                0x0000000000009d70       0x30 zephyr/subsys/bluetooth/host/libsubsys__bluetooth__host.a(att.c.obj)
                0x0000000000009d70                att_req_sent
 .text.att_send_req
                0x0000000000009da0       0xec zephyr/subsys/bluetooth/host/libsubsys__bluetooth__host.a(att.c.obj)
 .text.att_write_cmd
                0x0000000000009e8c       0x7c zephyr/subsys/bluetooth/host/libsubsys__bluetooth__host.a(att.c.obj)
 .text.bt_att_create_pdu
                0x0000000000009f08       0x8c zephyr/subsys/bluetooth/host/libsubsys__bluetooth__host.a(att.c.obj)
                0x0000000000009f08                bt_att_create_pdu
 .text.att_mtu_req
                0x0000000000009f94       0x60 zephyr/subsys/bluetooth/host/libsubsys__bluetooth__host.a(att.c.obj)
 .text.send_err_rsp.part.0
                0x0000000000009ff4       0x44 zephyr/subsys/bluetooth/host/libsubsys__bluetooth__host.a(att.c.obj)
 .text.bt_att_recv
                0x000000000000a038      0x158 zephyr/subsys/bluetooth/host/libsubsys__bluetooth__host.a(att.c.obj)
 .text.att_read_group_req
                0x000000000000a190      0x108 zephyr/subsys/bluetooth/host/libsubsys__bluetooth__host.a(att.c.obj)
 .text.att_read_mult_req
                0x000000000000a298       0x90 zephyr/subsys/bluetooth/host/libsubsys__bluetooth__host.a(att.c.obj)
 .text.att_read_rsp
                0x000000000000a328       0x98 zephyr/subsys/bluetooth/host/libsubsys__bluetooth__host.a(att.c.obj)
 .text.att_read_type_req
                0x000000000000a3c0       0xcc zephyr/subsys/bluetooth/host/libsubsys__bluetooth__host.a(att.c.obj)
 .text.att_find_type_req
                0x000000000000a48c       0xe8 zephyr/subsys/bluetooth/host/libsubsys__bluetooth__host.a(att.c.obj)
 .text.att_find_info_req
                0x000000000000a574       0x7c zephyr/subsys/bluetooth/host/libsubsys__bluetooth__host.a(att.c.obj)
 .text.att_write_req
                0x000000000000a5f0       0xb8 zephyr/subsys/bluetooth/host/libsubsys__bluetooth__host.a(att.c.obj)
 .text.bt_att_req_alloc
                0x000000000000a6a8       0x2c zephyr/subsys/bluetooth/host/libsubsys__bluetooth__host.a(att.c.obj)
                0x000000000000a6a8                bt_att_req_alloc
 .text.bt_att_req_free
                0x000000000000a6d4       0x18 zephyr/subsys/bluetooth/host/libsubsys__bluetooth__host.a(att.c.obj)
                0x000000000000a6d4                bt_att_req_free
 .text.att_handle_rsp
                0x000000000000a6ec       0xac zephyr/subsys/bluetooth/host/libsubsys__bluetooth__host.a(att.c.obj)
 .text.att_timeout
                0x000000000000a798       0x3c zephyr/subsys/bluetooth/host/libsubsys__bluetooth__host.a(att.c.obj)
 .text.bt_att_send
                0x000000000000a7d4       0xa8 zephyr/subsys/bluetooth/host/libsubsys__bluetooth__host.a(att.c.obj)
                0x000000000000a7d4                bt_att_send
 .text.bt_att_req_send
                0x000000000000a87c       0x8c zephyr/subsys/bluetooth/host/libsubsys__bluetooth__host.a(att.c.obj)
                0x000000000000a87c                bt_att_req_send
 .text.sc_store
                0x000000000000a908       0x64 zephyr/subsys/bluetooth/host/libsubsys__bluetooth__host.a(gatt.c.obj)
 .text.sc_clear
                0x000000000000a96c       0x78 zephyr/subsys/bluetooth/host/libsubsys__bluetooth__host.a(gatt.c.obj)
 .text.find_static_attr
                0x000000000000a9e4       0x80 zephyr/subsys/bluetooth/host/libsubsys__bluetooth__host.a(gatt.c.obj)
 .text.gatt_notify
                0x000000000000aa64       0x74 zephyr/subsys/bluetooth/host/libsubsys__bluetooth__host.a(gatt.c.obj)
 .text.gatt_send.constprop.0
                0x000000000000aad8       0x78 zephyr/subsys/bluetooth/host/libsubsys__bluetooth__host.a(gatt.c.obj)
 .text.gatt_indicate
                0x000000000000ab50       0x80 zephyr/subsys/bluetooth/host/libsubsys__bluetooth__host.a(gatt.c.obj)
 .text.ccc_save
                0x000000000000abd0       0x38 zephyr/subsys/bluetooth/host/libsubsys__bluetooth__host.a(gatt.c.obj)
 .text.find_sc_cfg
                0x000000000000ac08       0x20 zephyr/subsys/bluetooth/host/libsubsys__bluetooth__host.a(gatt.c.obj)
 .text.ccc_load
                0x000000000000ac28       0x90 zephyr/subsys/bluetooth/host/libsubsys__bluetooth__host.a(gatt.c.obj)
 .text.sc_indicate_rsp
                0x000000000000acb8       0x40 zephyr/subsys/bluetooth/host/libsubsys__bluetooth__host.a(gatt.c.obj)
 .text.read_ppcp
                0x000000000000acf8       0x38 zephyr/subsys/bluetooth/host/libsubsys__bluetooth__host.a(gatt.c.obj)
 .text.disconnected_cb
                0x000000000000ad30       0x8c zephyr/subsys/bluetooth/host/libsubsys__bluetooth__host.a(gatt.c.obj)
 .text.sc_save  0x000000000000adbc       0x8c zephyr/subsys/bluetooth/host/libsubsys__bluetooth__host.a(gatt.c.obj)
 .text.notify_cb
                0x000000000000ae48       0xc0 zephyr/subsys/bluetooth/host/libsubsys__bluetooth__host.a(gatt.c.obj)
 .text.bt_gatt_attr_write_ccc
                0x000000000000af08       0xc8 zephyr/subsys/bluetooth/host/libsubsys__bluetooth__host.a(gatt.c.obj)
                0x000000000000af08                bt_gatt_attr_write_ccc
 .text.sc_set   0x000000000000afd0      0x108 zephyr/subsys/bluetooth/host/libsubsys__bluetooth__host.a(gatt.c.obj)
 .text.sc_commit
                0x000000000000b0d8       0x44 zephyr/subsys/bluetooth/host/libsubsys__bluetooth__host.a(gatt.c.obj)
 .text.sc_indicate
                0x000000000000b11c       0x68 zephyr/subsys/bluetooth/host/libsubsys__bluetooth__host.a(gatt.c.obj)
 .text.bt_gatt_init
                0x000000000000b184       0xb0 zephyr/subsys/bluetooth/host/libsubsys__bluetooth__host.a(gatt.c.obj)
                0x000000000000b184                bt_gatt_init
 .text.bt_gatt_service_unregister
                0x000000000000b234       0x8c zephyr/subsys/bluetooth/host/libsubsys__bluetooth__host.a(gatt.c.obj)
                0x000000000000b234                bt_gatt_service_unregister
 .text.bt_gatt_attr_value_handle
                0x000000000000b2c0       0x30 zephyr/subsys/bluetooth/host/libsubsys__bluetooth__host.a(gatt.c.obj)
                0x000000000000b2c0                bt_gatt_attr_value_handle
 .text.bt_gatt_foreach_attr_type
                0x000000000000b2f0      0x194 zephyr/subsys/bluetooth/host/libsubsys__bluetooth__host.a(gatt.c.obj)
                0x000000000000b2f0                bt_gatt_foreach_attr_type
 .text.bt_gatt_service_register
                0x000000000000b484      0x1fc zephyr/subsys/bluetooth/host/libsubsys__bluetooth__host.a(gatt.c.obj)
                0x000000000000b484                bt_gatt_service_register
 .text.ccc_set_direct
                0x000000000000b680      0x110 zephyr/subsys/bluetooth/host/libsubsys__bluetooth__host.a(gatt.c.obj)
 .text.bt_gatt_notify_cb
                0x000000000000b790      0x14c zephyr/subsys/bluetooth/host/libsubsys__bluetooth__host.a(gatt.c.obj)
                0x000000000000b790                bt_gatt_notify_cb
 .text.bt_gatt_indicate
                0x000000000000b8dc      0x150 zephyr/subsys/bluetooth/host/libsubsys__bluetooth__host.a(gatt.c.obj)
                0x000000000000b8dc                bt_gatt_indicate
 .text.sc_process
                0x000000000000ba2c       0xb4 zephyr/subsys/bluetooth/host/libsubsys__bluetooth__host.a(gatt.c.obj)
 .text.update_ccc
                0x000000000000bae0       0xf8 zephyr/subsys/bluetooth/host/libsubsys__bluetooth__host.a(gatt.c.obj)
 .text.bt_gatt_connected
                0x000000000000bbd8       0x64 zephyr/subsys/bluetooth/host/libsubsys__bluetooth__host.a(gatt.c.obj)
                0x000000000000bbd8                bt_gatt_connected
 .text.bt_gatt_store_ccc
                0x000000000000bc3c       0x88 zephyr/subsys/bluetooth/host/libsubsys__bluetooth__host.a(gatt.c.obj)
                0x000000000000bc3c                bt_gatt_store_ccc
 .text.bt_gatt_disconnected
                0x000000000000bcc4       0x34 zephyr/subsys/bluetooth/host/libsubsys__bluetooth__host.a(gatt.c.obj)
                0x000000000000bcc4                bt_gatt_disconnected
 .text.bt_smp_accept
                0x000000000000bcf8       0x44 zephyr/subsys/bluetooth/host/libsubsys__bluetooth__host.a(smp_null.c.obj)
 .text.bt_mesh_reset
                0x000000000000bd3c       0x70 zephyr/subsys/bluetooth/mesh/libsubsys__bluetooth__mesh.a(main.c.obj)
                0x000000000000bd3c                bt_mesh_reset
 .text.bt_mesh_is_provisioned
                0x000000000000bdac       0x18 zephyr/subsys/bluetooth/mesh/libsubsys__bluetooth__mesh.a(main.c.obj)
                0x000000000000bdac                bt_mesh_is_provisioned
 .text.bt_mesh_start
                0x000000000000bdc4       0x18 zephyr/subsys/bluetooth/mesh/libsubsys__bluetooth__mesh.a(main.c.obj)
                0x000000000000bdc4                bt_mesh_start
 .text.bt_mesh_provision
                0x000000000000bddc       0xfc zephyr/subsys/bluetooth/mesh/libsubsys__bluetooth__mesh.a(main.c.obj)
                0x000000000000bddc                bt_mesh_provision
 .text.adv_alloc
                0x000000000000bed8       0x10 zephyr/subsys/bluetooth/mesh/libsubsys__bluetooth__mesh.a(adv.c.obj)
 .text.adv_thread
                0x000000000000bee8      0x140 zephyr/subsys/bluetooth/mesh/libsubsys__bluetooth__mesh.a(adv.c.obj)
 .text.bt_mesh_scan_cb
                0x000000000000c028       0xa0 zephyr/subsys/bluetooth/mesh/libsubsys__bluetooth__mesh.a(adv.c.obj)
 .text.bt_mesh_adv_update
                0x000000000000c0c8        0xc zephyr/subsys/bluetooth/mesh/libsubsys__bluetooth__mesh.a(adv.c.obj)
                0x000000000000c0c8                bt_mesh_adv_update
 .text.bt_mesh_adv_create_from_pool
                0x000000000000c0d4       0x74 zephyr/subsys/bluetooth/mesh/libsubsys__bluetooth__mesh.a(adv.c.obj)
                0x000000000000c0d4                bt_mesh_adv_create_from_pool
 .text.bt_mesh_adv_create
                0x000000000000c148       0x20 zephyr/subsys/bluetooth/mesh/libsubsys__bluetooth__mesh.a(adv.c.obj)
                0x000000000000c148                bt_mesh_adv_create
 .text.bt_mesh_adv_send
                0x000000000000c168       0x28 zephyr/subsys/bluetooth/mesh/libsubsys__bluetooth__mesh.a(adv.c.obj)
                0x000000000000c168                bt_mesh_adv_send
 .text.bt_mesh_adv_init
                0x000000000000c190       0x44 zephyr/subsys/bluetooth/mesh/libsubsys__bluetooth__mesh.a(adv.c.obj)
                0x000000000000c190                bt_mesh_adv_init
 .text.bt_mesh_scan_enable
                0x000000000000c1d4       0x74 zephyr/subsys/bluetooth/mesh/libsubsys__bluetooth__mesh.a(adv.c.obj)
                0x000000000000c1d4                bt_mesh_scan_enable
 .text.bt_mesh_scan_disable
                0x000000000000c248       0x3c zephyr/subsys/bluetooth/mesh/libsubsys__bluetooth__mesh.a(adv.c.obj)
                0x000000000000c248                bt_mesh_scan_disable
 .text.k_work_submit_to_queue.constprop.0
                0x000000000000c284       0x30 zephyr/subsys/bluetooth/mesh/libsubsys__bluetooth__mesh.a(beacon.c.obj)
 .text.bt_mesh_beacon_create
                0x000000000000c2b4       0x54 zephyr/subsys/bluetooth/mesh/libsubsys__bluetooth__mesh.a(beacon.c.obj)
                0x000000000000c2b4                bt_mesh_beacon_create
 .text.beacon_send
                0x000000000000c308      0x264 zephyr/subsys/bluetooth/mesh/libsubsys__bluetooth__mesh.a(beacon.c.obj)
 .text.bt_mesh_beacon_init
                0x000000000000c56c       0x10 zephyr/subsys/bluetooth/mesh/libsubsys__bluetooth__mesh.a(beacon.c.obj)
                0x000000000000c56c                bt_mesh_beacon_init
 .text.bt_mesh_beacon_ivu_initiator
                0x000000000000c57c       0x54 zephyr/subsys/bluetooth/mesh/libsubsys__bluetooth__mesh.a(beacon.c.obj)
                0x000000000000c57c                bt_mesh_beacon_ivu_initiator
 .text.bt_mesh_beacon_recv
                0x000000000000c5d0      0x218 zephyr/subsys/bluetooth/mesh/libsubsys__bluetooth__mesh.a(beacon.c.obj)
                0x000000000000c5d0                bt_mesh_beacon_recv
 .text.bt_mesh_beacon_enable
                0x000000000000c7e8       0x4c zephyr/subsys/bluetooth/mesh/libsubsys__bluetooth__mesh.a(beacon.c.obj)
                0x000000000000c7e8                bt_mesh_beacon_enable
 .text.bt_mesh_beacon_disable
                0x000000000000c834       0x20 zephyr/subsys/bluetooth/mesh/libsubsys__bluetooth__mesh.a(beacon.c.obj)
                0x000000000000c834                bt_mesh_beacon_disable
 .text.auth_match
                0x000000000000c854       0x90 zephyr/subsys/bluetooth/mesh/libsubsys__bluetooth__mesh.a(net.c.obj)
 .text.atomic_get.constprop.0
                0x000000000000c8e4       0x14 zephyr/subsys/bluetooth/mesh/libsubsys__bluetooth__mesh.a(net.c.obj)
 .text.net_decrypt.isra.0
                0x000000000000c8f8       0xf4 zephyr/subsys/bluetooth/mesh/libsubsys__bluetooth__mesh.a(net.c.obj)
 .text.bt_mesh_subnet_get
                0x000000000000c9ec       0x40 zephyr/subsys/bluetooth/mesh/libsubsys__bluetooth__mesh.a(net.c.obj)
                0x000000000000c9ec                bt_mesh_subnet_get
 .text.bt_mesh_net_keys_create
                0x000000000000ca2c       0xdc zephyr/subsys/bluetooth/mesh/libsubsys__bluetooth__mesh.a(net.c.obj)
                0x000000000000ca2c                bt_mesh_net_keys_create
 .text.friend_cred_set
                0x000000000000cb08       0x90 zephyr/subsys/bluetooth/mesh/libsubsys__bluetooth__mesh.a(net.c.obj)
                0x000000000000cb08                friend_cred_set
 .text.friend_cred_refresh
                0x000000000000cb98       0x48 zephyr/subsys/bluetooth/mesh/libsubsys__bluetooth__mesh.a(net.c.obj)
                0x000000000000cb98                friend_cred_refresh
 .text.friend_cred_update
                0x000000000000cbe0       0x50 zephyr/subsys/bluetooth/mesh/libsubsys__bluetooth__mesh.a(net.c.obj)
                0x000000000000cbe0                friend_cred_update
 .text.friend_cred_create
                0x000000000000cc30       0xa4 zephyr/subsys/bluetooth/mesh/libsubsys__bluetooth__mesh.a(net.c.obj)
                0x000000000000cc30                friend_cred_create
 .text.friend_cred_del
                0x000000000000ccd4       0x3c zephyr/subsys/bluetooth/mesh/libsubsys__bluetooth__mesh.a(net.c.obj)
                0x000000000000ccd4                friend_cred_del
 .text.friend_cred_get
                0x000000000000cd10       0x7c zephyr/subsys/bluetooth/mesh/libsubsys__bluetooth__mesh.a(net.c.obj)
                0x000000000000cd10                friend_cred_get
 .text.bt_mesh_net_beacon_update
                0x000000000000cd8c       0x34 zephyr/subsys/bluetooth/mesh/libsubsys__bluetooth__mesh.a(net.c.obj)
                0x000000000000cd8c                bt_mesh_net_beacon_update
 .text.bt_mesh_net_create
                0x000000000000cdc0       0xb4 zephyr/subsys/bluetooth/mesh/libsubsys__bluetooth__mesh.a(net.c.obj)
                0x000000000000cdc0                bt_mesh_net_create
 .text.bt_mesh_net_revoke_keys
                0x000000000000ce74       0x80 zephyr/subsys/bluetooth/mesh/libsubsys__bluetooth__mesh.a(net.c.obj)
                0x000000000000ce74                bt_mesh_net_revoke_keys
 .text.bt_mesh_kr_update
                0x000000000000cef4       0x6c zephyr/subsys/bluetooth/mesh/libsubsys__bluetooth__mesh.a(net.c.obj)
                0x000000000000cef4                bt_mesh_kr_update
 .text.bt_mesh_rpl_reset
                0x000000000000cf60       0x38 zephyr/subsys/bluetooth/mesh/libsubsys__bluetooth__mesh.a(net.c.obj)
                0x000000000000cf60                bt_mesh_rpl_reset
 .text.bt_mesh_net_iv_update
                0x000000000000cf98      0x1cc zephyr/subsys/bluetooth/mesh/libsubsys__bluetooth__mesh.a(net.c.obj)
                0x000000000000cf98                bt_mesh_net_iv_update
 .text.ivu_refresh
                0x000000000000d164       0x5c zephyr/subsys/bluetooth/mesh/libsubsys__bluetooth__mesh.a(net.c.obj)
 .text.bt_mesh_next_seq
                0x000000000000d1c0       0x4c zephyr/subsys/bluetooth/mesh/libsubsys__bluetooth__mesh.a(net.c.obj)
                0x000000000000d1c0                bt_mesh_next_seq
 .text.bt_mesh_net_encode
                0x000000000000d20c      0x110 zephyr/subsys/bluetooth/mesh/libsubsys__bluetooth__mesh.a(net.c.obj)
                0x000000000000d20c                bt_mesh_net_encode
 .text.bt_mesh_net_send
                0x000000000000d31c       0xfc zephyr/subsys/bluetooth/mesh/libsubsys__bluetooth__mesh.a(net.c.obj)
                0x000000000000d31c                bt_mesh_net_send
 .text.bt_mesh_subnet_find
                0x000000000000d418       0xb8 zephyr/subsys/bluetooth/mesh/libsubsys__bluetooth__mesh.a(net.c.obj)
                0x000000000000d418                bt_mesh_subnet_find
 .text.bt_mesh_net_header_parse
                0x000000000000d4d0       0x58 zephyr/subsys/bluetooth/mesh/libsubsys__bluetooth__mesh.a(net.c.obj)
                0x000000000000d4d0                bt_mesh_net_header_parse
 .text.bt_mesh_net_decode
                0x000000000000d528      0x338 zephyr/subsys/bluetooth/mesh/libsubsys__bluetooth__mesh.a(net.c.obj)
                0x000000000000d528                bt_mesh_net_decode
 .text.bt_mesh_net_recv
                0x000000000000d860      0x2b0 zephyr/subsys/bluetooth/mesh/libsubsys__bluetooth__mesh.a(net.c.obj)
                0x000000000000d860                bt_mesh_net_recv
 .text.bt_mesh_net_local
                0x000000000000db10       0x28 zephyr/subsys/bluetooth/mesh/libsubsys__bluetooth__mesh.a(net.c.obj)
 .text.bt_mesh_net_start
                0x000000000000db38       0x48 zephyr/subsys/bluetooth/mesh/libsubsys__bluetooth__mesh.a(net.c.obj)
                0x000000000000db38                bt_mesh_net_start
 .text.bt_mesh_net_init
                0x000000000000db80       0x28 zephyr/subsys/bluetooth/mesh/libsubsys__bluetooth__mesh.a(net.c.obj)
                0x000000000000db80                bt_mesh_net_init
 .text.send_unseg
                0x000000000000dba8      0x124 zephyr/subsys/bluetooth/mesh/libsubsys__bluetooth__mesh.a(transport.c.obj)
 .text.seg_rx_reset
                0x000000000000dccc       0x98 zephyr/subsys/bluetooth/mesh/libsubsys__bluetooth__mesh.a(transport.c.obj)
 .text.app_key_decrypt.constprop.0
                0x000000000000dd64       0x90 zephyr/subsys/bluetooth/mesh/libsubsys__bluetooth__mesh.a(transport.c.obj)
 .text.seg_tx_reset
                0x000000000000ddf4       0xa8 zephyr/subsys/bluetooth/mesh/libsubsys__bluetooth__mesh.a(transport.c.obj)
 .text.seg_tx_complete
                0x000000000000de9c       0xb8 zephyr/subsys/bluetooth/mesh/libsubsys__bluetooth__mesh.a(transport.c.obj)
 .text.seg_tx_send_unacked
                0x000000000000df54      0x150 zephyr/subsys/bluetooth/mesh/libsubsys__bluetooth__mesh.a(transport.c.obj)
 .text.send_seg
                0x000000000000e0a4      0x2e4 zephyr/subsys/bluetooth/mesh/libsubsys__bluetooth__mesh.a(transport.c.obj)
 .text.schedule_retransmit
                0x000000000000e388       0x8c zephyr/subsys/bluetooth/mesh/libsubsys__bluetooth__mesh.a(transport.c.obj)
 .text.ctl_recv
                0x000000000000e414      0x30c zephyr/subsys/bluetooth/mesh/libsubsys__bluetooth__mesh.a(transport.c.obj)
 .text.is_replay
                0x000000000000e720       0xb0 zephyr/subsys/bluetooth/mesh/libsubsys__bluetooth__mesh.a(transport.c.obj)
 .text.bt_mesh_set_hb_sub_dst
                0x000000000000e7d0        0xc zephyr/subsys/bluetooth/mesh/libsubsys__bluetooth__mesh.a(transport.c.obj)
                0x000000000000e7d0                bt_mesh_set_hb_sub_dst
 .text.bt_mesh_tx_in_progress
                0x000000000000e7dc       0x18 zephyr/subsys/bluetooth/mesh/libsubsys__bluetooth__mesh.a(transport.c.obj)
                0x000000000000e7dc                bt_mesh_tx_in_progress
 .text.bt_mesh_app_key_find
                0x000000000000e7f4       0x48 zephyr/subsys/bluetooth/mesh/libsubsys__bluetooth__mesh.a(transport.c.obj)
                0x000000000000e7f4                bt_mesh_app_key_find
 .text.seg_ack  0x000000000000e83c       0xa0 zephyr/subsys/bluetooth/mesh/libsubsys__bluetooth__mesh.a(transport.c.obj)
 .text.bt_mesh_trans_recv
                0x000000000000e8dc      0x938 zephyr/subsys/bluetooth/mesh/libsubsys__bluetooth__mesh.a(transport.c.obj)
                0x000000000000e8dc                bt_mesh_trans_recv
 .text.bt_mesh_rx_reset
                0x000000000000f214       0x24 zephyr/subsys/bluetooth/mesh/libsubsys__bluetooth__mesh.a(transport.c.obj)
                0x000000000000f214                bt_mesh_rx_reset
 .text.bt_mesh_tx_reset
                0x000000000000f238       0x1c zephyr/subsys/bluetooth/mesh/libsubsys__bluetooth__mesh.a(transport.c.obj)
                0x000000000000f238                bt_mesh_tx_reset
 .text.bt_mesh_trans_init
                0x000000000000f254       0x48 zephyr/subsys/bluetooth/mesh/libsubsys__bluetooth__mesh.a(transport.c.obj)
                0x000000000000f254                bt_mesh_trans_init
 .text.bt_mesh_app_key_get
                0x000000000000f29c       0x6c zephyr/subsys/bluetooth/mesh/libsubsys__bluetooth__mesh.a(transport.c.obj)
                0x000000000000f29c                bt_mesh_app_key_get
 .text.bt_mesh_trans_send
                0x000000000000f308      0x15c zephyr/subsys/bluetooth/mesh/libsubsys__bluetooth__mesh.a(transport.c.obj)
                0x000000000000f308                bt_mesh_trans_send
 .text.bt_mesh_k2
                0x000000000000f464       0xb0 zephyr/subsys/bluetooth/mesh/libsubsys__bluetooth__mesh.a(crypto.c.obj)
                0x000000000000f464                bt_mesh_k2
 .text.bt_mesh_k3
                0x000000000000f514       0x5c zephyr/subsys/bluetooth/mesh/libsubsys__bluetooth__mesh.a(crypto.c.obj)
                0x000000000000f514                bt_mesh_k3
 .text.bt_mesh_k4
                0x000000000000f570       0x50 zephyr/subsys/bluetooth/mesh/libsubsys__bluetooth__mesh.a(crypto.c.obj)
                0x000000000000f570                bt_mesh_k4
 .text.bt_mesh_id128
                0x000000000000f5c0       0x2c zephyr/subsys/bluetooth/mesh/libsubsys__bluetooth__mesh.a(crypto.c.obj)
                0x000000000000f5c0                bt_mesh_id128
 .text.bt_mesh_net_obfuscate
                0x000000000000f5ec       0x68 zephyr/subsys/bluetooth/mesh/libsubsys__bluetooth__mesh.a(crypto.c.obj)
                0x000000000000f5ec                bt_mesh_net_obfuscate
 .text.bt_mesh_fcs_calc
                0x000000000000f654       0x20 zephyr/subsys/bluetooth/mesh/libsubsys__bluetooth__mesh.a(crypto.c.obj)
                0x000000000000f654                bt_mesh_fcs_calc
 .text.bt_mesh_fcs_check
                0x000000000000f674       0x2c zephyr/subsys/bluetooth/mesh/libsubsys__bluetooth__mesh.a(crypto.c.obj)
                0x000000000000f674                bt_mesh_fcs_check
 .text.bt_mesh_virtual_addr
                0x000000000000f6a0       0x48 zephyr/subsys/bluetooth/mesh/libsubsys__bluetooth__mesh.a(crypto.c.obj)
                0x000000000000f6a0                bt_mesh_virtual_addr
 .text.bt_mesh_prov_conf_key
                0x000000000000f6e8       0x18 zephyr/subsys/bluetooth/mesh/libsubsys__bluetooth__mesh.a(crypto.c.obj)
                0x000000000000f6e8                bt_mesh_prov_conf_key
 .text.mod_init
                0x000000000000f700       0x54 zephyr/subsys/bluetooth/mesh/libsubsys__bluetooth__mesh.a(access.c.obj)
 .text.model_send
                0x000000000000f754       0xec zephyr/subsys/bluetooth/mesh/libsubsys__bluetooth__mesh.a(access.c.obj)
 .text.publish_start
                0x000000000000f840       0x40 zephyr/subsys/bluetooth/mesh/libsubsys__bluetooth__mesh.a(access.c.obj)
 .text.bt_mesh_model_foreach
                0x000000000000f880       0x74 zephyr/subsys/bluetooth/mesh/libsubsys__bluetooth__mesh.a(access.c.obj)
                0x000000000000f880                bt_mesh_model_foreach
 .text.bt_mesh_model_pub_period_get
                0x000000000000f8f4       0x48 zephyr/subsys/bluetooth/mesh/libsubsys__bluetooth__mesh.a(access.c.obj)
                0x000000000000f8f4                bt_mesh_model_pub_period_get
 .text.publish_sent
                0x000000000000f93c       0x6c zephyr/subsys/bluetooth/mesh/libsubsys__bluetooth__mesh.a(access.c.obj)
 .text.bt_mesh_model_elem
                0x000000000000f9a8       0x14 zephyr/subsys/bluetooth/mesh/libsubsys__bluetooth__mesh.a(access.c.obj)
                0x000000000000f9a8                bt_mesh_model_elem
 .text.bt_mesh_model_get
                0x000000000000f9bc       0x8c zephyr/subsys/bluetooth/mesh/libsubsys__bluetooth__mesh.a(access.c.obj)
                0x000000000000f9bc                bt_mesh_model_get
 .text.bt_mesh_comp_register
                0x000000000000fa48       0x24 zephyr/subsys/bluetooth/mesh/libsubsys__bluetooth__mesh.a(access.c.obj)
                0x000000000000fa48                bt_mesh_comp_register
 .text.bt_mesh_comp_provision
                0x000000000000fa6c       0x2c zephyr/subsys/bluetooth/mesh/libsubsys__bluetooth__mesh.a(access.c.obj)
                0x000000000000fa6c                bt_mesh_comp_provision
 .text.bt_mesh_comp_unprovision
                0x000000000000fa98       0x14 zephyr/subsys/bluetooth/mesh/libsubsys__bluetooth__mesh.a(access.c.obj)
                0x000000000000fa98                bt_mesh_comp_unprovision
 .text.bt_mesh_primary_addr
                0x000000000000faac        0xc zephyr/subsys/bluetooth/mesh/libsubsys__bluetooth__mesh.a(access.c.obj)
                0x000000000000faac                bt_mesh_primary_addr
 .text.bt_mesh_elem_find
                0x000000000000fab8       0x9c zephyr/subsys/bluetooth/mesh/libsubsys__bluetooth__mesh.a(access.c.obj)
                0x000000000000fab8                bt_mesh_elem_find
 .text.bt_mesh_elem_count
                0x000000000000fb54        0xc zephyr/subsys/bluetooth/mesh/libsubsys__bluetooth__mesh.a(access.c.obj)
                0x000000000000fb54                bt_mesh_elem_count
 .text.bt_mesh_model_recv
                0x000000000000fb60      0x1b8 zephyr/subsys/bluetooth/mesh/libsubsys__bluetooth__mesh.a(access.c.obj)
                0x000000000000fb60                bt_mesh_model_recv
 .text.bt_mesh_model_publish
                0x000000000000fd18      0x110 zephyr/subsys/bluetooth/mesh/libsubsys__bluetooth__mesh.a(access.c.obj)
                0x000000000000fd18                bt_mesh_model_publish
 .text.mod_publish
                0x000000000000fe28      0x184 zephyr/subsys/bluetooth/mesh/libsubsys__bluetooth__mesh.a(access.c.obj)
 .text.bt_mesh_comp_get
                0x000000000000ffac        0xc zephyr/subsys/bluetooth/mesh/libsubsys__bluetooth__mesh.a(access.c.obj)
                0x000000000000ffac                bt_mesh_comp_get
 .text.app_key_is_valid
                0x000000000000ffb8       0x3c zephyr/subsys/bluetooth/mesh/libsubsys__bluetooth__mesh.a(cfg_srv.c.obj)
 .text._mod_pub_set
                0x000000000000fff4       0xb8 zephyr/subsys/bluetooth/mesh/libsubsys__bluetooth__mesh.a(cfg_srv.c.obj)
 .text.node_identity_get
                0x00000000000100ac       0xb0 zephyr/subsys/bluetooth/mesh/libsubsys__bluetooth__mesh.a(cfg_srv.c.obj)
 .text.app_key_get
                0x000000000001015c       0xe0 zephyr/subsys/bluetooth/mesh/libsubsys__bluetooth__mesh.a(cfg_srv.c.obj)
 .text.hb_pub_send_status
                0x000000000001023c       0xcc zephyr/subsys/bluetooth/mesh/libsubsys__bluetooth__mesh.a(cfg_srv.c.obj)
 .text.send_mod_sub_status
                0x0000000000010308       0xa0 zephyr/subsys/bluetooth/mesh/libsubsys__bluetooth__mesh.a(cfg_srv.c.obj)
 .text.lpn_timeout_get
                0x00000000000103a8       0xb4 zephyr/subsys/bluetooth/mesh/libsubsys__bluetooth__mesh.a(cfg_srv.c.obj)
 .text.node_reset
                0x000000000001045c       0x58 zephyr/subsys/bluetooth/mesh/libsubsys__bluetooth__mesh.a(cfg_srv.c.obj)
 .text.node_identity_set
                0x00000000000104b4       0xf4 zephyr/subsys/bluetooth/mesh/libsubsys__bluetooth__mesh.a(cfg_srv.c.obj)
 .text.mod_sub_get_vnd
                0x00000000000105a8       0xfc zephyr/subsys/bluetooth/mesh/libsubsys__bluetooth__mesh.a(cfg_srv.c.obj)
 .text.mod_sub_get
                0x00000000000106a4       0xec zephyr/subsys/bluetooth/mesh/libsubsys__bluetooth__mesh.a(cfg_srv.c.obj)
 .text.cfg_srv_init
                0x0000000000010790       0xa4 zephyr/subsys/bluetooth/mesh/libsubsys__bluetooth__mesh.a(cfg_srv.c.obj)
 .text.send_krp_status
                0x0000000000010834       0x70 zephyr/subsys/bluetooth/mesh/libsubsys__bluetooth__mesh.a(cfg_srv.c.obj)
 .text.krp_get  0x00000000000108a4       0x5c zephyr/subsys/bluetooth/mesh/libsubsys__bluetooth__mesh.a(cfg_srv.c.obj)
 .text.krp_set  0x0000000000010900       0xd0 zephyr/subsys/bluetooth/mesh/libsubsys__bluetooth__mesh.a(cfg_srv.c.obj)
 .text.send_friend_status
                0x00000000000109d0       0x5c zephyr/subsys/bluetooth/mesh/libsubsys__bluetooth__mesh.a(cfg_srv.c.obj)
 .text.friend_set
                0x0000000000010a2c       0x80 zephyr/subsys/bluetooth/mesh/libsubsys__bluetooth__mesh.a(cfg_srv.c.obj)
 .text.net_key_get
                0x0000000000010aac       0x84 zephyr/subsys/bluetooth/mesh/libsubsys__bluetooth__mesh.a(cfg_srv.c.obj)
 .text.send_net_key_status
                0x0000000000010b30       0x68 zephyr/subsys/bluetooth/mesh/libsubsys__bluetooth__mesh.a(cfg_srv.c.obj)
 .text.net_key_update
                0x0000000000010b98       0xc4 zephyr/subsys/bluetooth/mesh/libsubsys__bluetooth__mesh.a(cfg_srv.c.obj)
 .text.net_key_add
                0x0000000000010c5c       0xcc zephyr/subsys/bluetooth/mesh/libsubsys__bluetooth__mesh.a(cfg_srv.c.obj)
 .text.send_mod_pub_status.isra.0
                0x0000000000010d28       0xf0 zephyr/subsys/bluetooth/mesh/libsubsys__bluetooth__mesh.a(cfg_srv.c.obj)
 .text.mod_app_get
                0x0000000000010e18      0x104 zephyr/subsys/bluetooth/mesh/libsubsys__bluetooth__mesh.a(cfg_srv.c.obj)
 .text.mod_app_unbind
                0x0000000000010f1c       0xd4 zephyr/subsys/bluetooth/mesh/libsubsys__bluetooth__mesh.a(cfg_srv.c.obj)
 .text.mod_app_bind
                0x0000000000010ff0      0x11c zephyr/subsys/bluetooth/mesh/libsubsys__bluetooth__mesh.a(cfg_srv.c.obj)
 .text.mod_pub_set
                0x000000000001110c       0xfc zephyr/subsys/bluetooth/mesh/libsubsys__bluetooth__mesh.a(cfg_srv.c.obj)
 .text.mod_sub_del_all
                0x0000000000011208       0x9c zephyr/subsys/bluetooth/mesh/libsubsys__bluetooth__mesh.a(cfg_srv.c.obj)
 .text.mod_sub_overwrite
                0x00000000000112a4       0xb4 zephyr/subsys/bluetooth/mesh/libsubsys__bluetooth__mesh.a(cfg_srv.c.obj)
 .text.mod_sub_del
                0x0000000000011358       0xb8 zephyr/subsys/bluetooth/mesh/libsubsys__bluetooth__mesh.a(cfg_srv.c.obj)
 .text.mod_sub_add
                0x0000000000011410       0xbc zephyr/subsys/bluetooth/mesh/libsubsys__bluetooth__mesh.a(cfg_srv.c.obj)
 .text.mod_pub_get
                0x00000000000114cc       0x98 zephyr/subsys/bluetooth/mesh/libsubsys__bluetooth__mesh.a(cfg_srv.c.obj)
 .text.mod_sub_list_visitor
                0x0000000000011564       0x64 zephyr/subsys/bluetooth/mesh/libsubsys__bluetooth__mesh.a(cfg_srv.c.obj)
 .text.dev_comp_data_get
                0x00000000000115c8      0x138 zephyr/subsys/bluetooth/mesh/libsubsys__bluetooth__mesh.a(cfg_srv.c.obj)
 .text.va_add   0x0000000000011700       0x74 zephyr/subsys/bluetooth/mesh/libsubsys__bluetooth__mesh.a(cfg_srv.c.obj)
 .text.mod_sub_va_overwrite
                0x0000000000011774       0xc8 zephyr/subsys/bluetooth/mesh/libsubsys__bluetooth__mesh.a(cfg_srv.c.obj)
 .text.mod_pub_va_set
                0x000000000001183c      0x11c zephyr/subsys/bluetooth/mesh/libsubsys__bluetooth__mesh.a(cfg_srv.c.obj)
 .text.mod_sub_va_add
                0x0000000000011958       0xd8 zephyr/subsys/bluetooth/mesh/libsubsys__bluetooth__mesh.a(cfg_srv.c.obj)
 .text.heartbeat_pub_set
                0x0000000000011a30      0x128 zephyr/subsys/bluetooth/mesh/libsubsys__bluetooth__mesh.a(cfg_srv.c.obj)
 .text.hb_publish
                0x0000000000011b58       0x78 zephyr/subsys/bluetooth/mesh/libsubsys__bluetooth__mesh.a(cfg_srv.c.obj)
 .text.va_del   0x0000000000011bd0       0x40 zephyr/subsys/bluetooth/mesh/libsubsys__bluetooth__mesh.a(cfg_srv.c.obj)
 .text.mod_sub_va_del
                0x0000000000011c10       0xc8 zephyr/subsys/bluetooth/mesh/libsubsys__bluetooth__mesh.a(cfg_srv.c.obj)
 .text.hb_sub_send_status.constprop.0
                0x0000000000011cd8      0x10c zephyr/subsys/bluetooth/mesh/libsubsys__bluetooth__mesh.a(cfg_srv.c.obj)
 .text.heartbeat_sub_set
                0x0000000000011de4      0x120 zephyr/subsys/bluetooth/mesh/libsubsys__bluetooth__mesh.a(cfg_srv.c.obj)
 .text.bt_mesh_app_key_alloc
                0x0000000000011f04       0x28 zephyr/subsys/bluetooth/mesh/libsubsys__bluetooth__mesh.a(cfg_srv.c.obj)
                0x0000000000011f04                bt_mesh_app_key_alloc
 .text.app_key_update
                0x0000000000011f2c       0x88 zephyr/subsys/bluetooth/mesh/libsubsys__bluetooth__mesh.a(cfg_srv.c.obj)
 .text.app_key_add
                0x0000000000011fb4       0x88 zephyr/subsys/bluetooth/mesh/libsubsys__bluetooth__mesh.a(cfg_srv.c.obj)
 .text.bt_mesh_app_key_del
                0x000000000001203c       0x3c zephyr/subsys/bluetooth/mesh/libsubsys__bluetooth__mesh.a(cfg_srv.c.obj)
                0x000000000001203c                bt_mesh_app_key_del
 .text.app_key_del
                0x0000000000012078       0xa4 zephyr/subsys/bluetooth/mesh/libsubsys__bluetooth__mesh.a(cfg_srv.c.obj)
 .text.get_label
                0x000000000001211c       0x10 zephyr/subsys/bluetooth/mesh/libsubsys__bluetooth__mesh.a(cfg_srv.c.obj)
                0x000000000001211c                get_label
 .text.bt_mesh_heartbeat
                0x000000000001212c       0xd8 zephyr/subsys/bluetooth/mesh/libsubsys__bluetooth__mesh.a(cfg_srv.c.obj)
                0x000000000001212c                bt_mesh_heartbeat
 .text.bt_mesh_net_transmit_get
                0x0000000000012204       0x10 zephyr/subsys/bluetooth/mesh/libsubsys__bluetooth__mesh.a(cfg_srv.c.obj)
                0x0000000000012204                bt_mesh_net_transmit_get
 .text.net_transmit_set
                0x0000000000012214       0x88 zephyr/subsys/bluetooth/mesh/libsubsys__bluetooth__mesh.a(cfg_srv.c.obj)
 .text.net_transmit_get
                0x000000000001229c       0x60 zephyr/subsys/bluetooth/mesh/libsubsys__bluetooth__mesh.a(cfg_srv.c.obj)
 .text.bt_mesh_relay_get
                0x00000000000122fc       0x14 zephyr/subsys/bluetooth/mesh/libsubsys__bluetooth__mesh.a(cfg_srv.c.obj)
                0x00000000000122fc                bt_mesh_relay_get
 .text.bt_mesh_friend_get
                0x0000000000012310       0x14 zephyr/subsys/bluetooth/mesh/libsubsys__bluetooth__mesh.a(cfg_srv.c.obj)
                0x0000000000012310                bt_mesh_friend_get
 .text.bt_mesh_relay_retransmit_get
                0x0000000000012324       0x10 zephyr/subsys/bluetooth/mesh/libsubsys__bluetooth__mesh.a(cfg_srv.c.obj)
                0x0000000000012324                bt_mesh_relay_retransmit_get
 .text.relay_set
                0x0000000000012334       0xd4 zephyr/subsys/bluetooth/mesh/libsubsys__bluetooth__mesh.a(cfg_srv.c.obj)
 .text.relay_get
                0x0000000000012408       0x6c zephyr/subsys/bluetooth/mesh/libsubsys__bluetooth__mesh.a(cfg_srv.c.obj)
 .text.bt_mesh_beacon_get
                0x0000000000012474       0x10 zephyr/subsys/bluetooth/mesh/libsubsys__bluetooth__mesh.a(cfg_srv.c.obj)
                0x0000000000012474                bt_mesh_beacon_get
 .text.beacon_set
                0x0000000000012484       0xb8 zephyr/subsys/bluetooth/mesh/libsubsys__bluetooth__mesh.a(cfg_srv.c.obj)
 .text.beacon_get
                0x000000000001253c       0x60 zephyr/subsys/bluetooth/mesh/libsubsys__bluetooth__mesh.a(cfg_srv.c.obj)
 .text.bt_mesh_gatt_proxy_get
                0x000000000001259c       0x14 zephyr/subsys/bluetooth/mesh/libsubsys__bluetooth__mesh.a(cfg_srv.c.obj)
                0x000000000001259c                bt_mesh_gatt_proxy_get
 .text.send_gatt_proxy_status
                0x00000000000125b0       0x60 zephyr/subsys/bluetooth/mesh/libsubsys__bluetooth__mesh.a(cfg_srv.c.obj)
 .text.gatt_proxy_set
                0x0000000000012610       0x7c zephyr/subsys/bluetooth/mesh/libsubsys__bluetooth__mesh.a(cfg_srv.c.obj)
 .text.bt_mesh_default_ttl_get
                0x000000000001268c       0x14 zephyr/subsys/bluetooth/mesh/libsubsys__bluetooth__mesh.a(cfg_srv.c.obj)
                0x000000000001268c                bt_mesh_default_ttl_get
 .text.default_ttl_set
                0x00000000000126a0       0xb4 zephyr/subsys/bluetooth/mesh/libsubsys__bluetooth__mesh.a(cfg_srv.c.obj)
 .text.default_ttl_get
                0x0000000000012754       0x60 zephyr/subsys/bluetooth/mesh/libsubsys__bluetooth__mesh.a(cfg_srv.c.obj)
 .text.bt_mesh_label_uuid_get
                0x00000000000127b4       0x38 zephyr/subsys/bluetooth/mesh/libsubsys__bluetooth__mesh.a(cfg_srv.c.obj)
                0x00000000000127b4                bt_mesh_label_uuid_get
 .text.mod_sub_list_clear
                0x00000000000127ec       0x6c zephyr/subsys/bluetooth/mesh/libsubsys__bluetooth__mesh.a(cfg_srv.c.obj)
 .text.bt_mesh_hb_pub_get
                0x0000000000012858       0x10 zephyr/subsys/bluetooth/mesh/libsubsys__bluetooth__mesh.a(cfg_srv.c.obj)
                0x0000000000012858                bt_mesh_hb_pub_get
 .text.bt_mesh_cfg_get
                0x0000000000012868        0xc zephyr/subsys/bluetooth/mesh/libsubsys__bluetooth__mesh.a(cfg_srv.c.obj)
                0x0000000000012868                bt_mesh_cfg_get
 .text.bt_mesh_subnet_del
                0x0000000000012874       0x7c zephyr/subsys/bluetooth/mesh/libsubsys__bluetooth__mesh.a(cfg_srv.c.obj)
                0x0000000000012874                bt_mesh_subnet_del
 .text.net_key_del
                0x00000000000128f0       0x64 zephyr/subsys/bluetooth/mesh/libsubsys__bluetooth__mesh.a(cfg_srv.c.obj)
 .text.bt_mesh_cfg_reset
                0x0000000000012954       0x74 zephyr/subsys/bluetooth/mesh/libsubsys__bluetooth__mesh.a(cfg_srv.c.obj)
                0x0000000000012954                bt_mesh_cfg_reset
 .text.bt_mesh_attention
                0x00000000000129c8       0x80 zephyr/subsys/bluetooth/mesh/libsubsys__bluetooth__mesh.a(health_srv.c.obj)
                0x00000000000129c8                bt_mesh_attention
 .text.key_update_find
                0x0000000000012a48       0x44 zephyr/subsys/bluetooth/mesh/libsubsys__bluetooth__mesh.a(settings.c.obj)
 .text.mesh_x_set
                0x0000000000012a8c       0x64 zephyr/subsys/bluetooth/mesh/libsubsys__bluetooth__mesh.a(settings.c.obj)
 .text.va_set   0x0000000000012af0       0xe0 zephyr/subsys/bluetooth/mesh/libsubsys__bluetooth__mesh.a(settings.c.obj)
 .text.rpl_set  0x0000000000012bd0      0x10c zephyr/subsys/bluetooth/mesh/libsubsys__bluetooth__mesh.a(settings.c.obj)
 .text.hb_pub_set
                0x0000000000012cdc       0x84 zephyr/subsys/bluetooth/mesh/libsubsys__bluetooth__mesh.a(settings.c.obj)
 .text.net_key_set
                0x0000000000012d60      0x14c zephyr/subsys/bluetooth/mesh/libsubsys__bluetooth__mesh.a(settings.c.obj)
 .text.commit_mod
                0x0000000000012eac       0x2c zephyr/subsys/bluetooth/mesh/libsubsys__bluetooth__mesh.a(settings.c.obj)
 .text.mesh_set
                0x0000000000012ed8       0x98 zephyr/subsys/bluetooth/mesh/libsubsys__bluetooth__mesh.a(settings.c.obj)
 .text.store_app_key
                0x0000000000012f70       0x78 zephyr/subsys/bluetooth/mesh/libsubsys__bluetooth__mesh.a(settings.c.obj)
 .text.mod_set  0x0000000000012fe8      0x1f4 zephyr/subsys/bluetooth/mesh/libsubsys__bluetooth__mesh.a(settings.c.obj)
 .text.seq_set  0x00000000000131dc       0x68 zephyr/subsys/bluetooth/mesh/libsubsys__bluetooth__mesh.a(settings.c.obj)
 .text.cfg_set  0x0000000000013244       0x5c zephyr/subsys/bluetooth/mesh/libsubsys__bluetooth__mesh.a(settings.c.obj)
 .text.net_set  0x00000000000132a0       0x68 zephyr/subsys/bluetooth/mesh/libsubsys__bluetooth__mesh.a(settings.c.obj)
 .text.store_net_key
                0x0000000000013308       0x70 zephyr/subsys/bluetooth/mesh/libsubsys__bluetooth__mesh.a(settings.c.obj)
 .text.clear_net_key
                0x0000000000013378       0x44 zephyr/subsys/bluetooth/mesh/libsubsys__bluetooth__mesh.a(settings.c.obj)
 .text.clear_app_key
                0x00000000000133bc       0x44 zephyr/subsys/bluetooth/mesh/libsubsys__bluetooth__mesh.a(settings.c.obj)
 .text.encode_mod_path.constprop.0
                0x0000000000013400       0x2c zephyr/subsys/bluetooth/mesh/libsubsys__bluetooth__mesh.a(settings.c.obj)
 .text.store_pending_mod
                0x000000000001342c      0x18c zephyr/subsys/bluetooth/mesh/libsubsys__bluetooth__mesh.a(settings.c.obj)
 .text.store_pending
                0x00000000000135b8      0x4b4 zephyr/subsys/bluetooth/mesh/libsubsys__bluetooth__mesh.a(settings.c.obj)
 .text.iv_set   0x0000000000013a6c       0xa4 zephyr/subsys/bluetooth/mesh/libsubsys__bluetooth__mesh.a(settings.c.obj)
 .text.schedule_store
                0x0000000000013b10       0x78 zephyr/subsys/bluetooth/mesh/libsubsys__bluetooth__mesh.a(settings.c.obj)
 .text.app_key_set
                0x0000000000013b88       0xf4 zephyr/subsys/bluetooth/mesh/libsubsys__bluetooth__mesh.a(settings.c.obj)
 .text.mesh_commit
                0x0000000000013c7c      0x150 zephyr/subsys/bluetooth/mesh/libsubsys__bluetooth__mesh.a(settings.c.obj)
 .text.bt_mesh_store_seq
                0x0000000000013dcc       0x14 zephyr/subsys/bluetooth/mesh/libsubsys__bluetooth__mesh.a(settings.c.obj)
                0x0000000000013dcc                bt_mesh_store_seq
 .text.bt_mesh_model_data_store
                0x0000000000013de0       0x74 zephyr/subsys/bluetooth/mesh/libsubsys__bluetooth__mesh.a(settings.c.obj)
                0x0000000000013de0                bt_mesh_model_data_store
 .text.bt_mesh_settings_init
                0x0000000000013e54       0x10 zephyr/subsys/bluetooth/mesh/libsubsys__bluetooth__mesh.a(settings.c.obj)
                0x0000000000013e54                bt_mesh_settings_init
 .text.adv_alloc
                0x0000000000013e64       0x14 zephyr/subsys/bluetooth/mesh/libsubsys__bluetooth__mesh.a(friend.c.obj)
 .text.send_friend_clear
                0x0000000000013e78       0xa4 zephyr/subsys/bluetooth/mesh/libsubsys__bluetooth__mesh.a(friend.c.obj)
 .text.k_delayed_work_submit
                0x0000000000013f1c       0x10 zephyr/subsys/bluetooth/mesh/libsubsys__bluetooth__mesh.a(friend.c.obj)
 .text.friend_recv_delay
                0x0000000000013f2c       0x44 zephyr/subsys/bluetooth/mesh/libsubsys__bluetooth__mesh.a(friend.c.obj)
 .text.buf_send_end
                0x0000000000013f70       0x84 zephyr/subsys/bluetooth/mesh/libsubsys__bluetooth__mesh.a(friend.c.obj)
 .text.buf_send_start
                0x0000000000013ff4       0x44 zephyr/subsys/bluetooth/mesh/libsubsys__bluetooth__mesh.a(friend.c.obj)
 .text.create_friend_pdu.isra.0
                0x0000000000014038       0x78 zephyr/subsys/bluetooth/mesh/libsubsys__bluetooth__mesh.a(friend.c.obj)
 .text.friend_clear
                0x00000000000140b0       0x88 zephyr/subsys/bluetooth/mesh/libsubsys__bluetooth__mesh.a(friend.c.obj)
 .text.clear_timeout
                0x0000000000014138       0x84 zephyr/subsys/bluetooth/mesh/libsubsys__bluetooth__mesh.a(friend.c.obj)
 .text.encode_friend_ctl.isra.0
                0x00000000000141bc       0x7c zephyr/subsys/bluetooth/mesh/libsubsys__bluetooth__mesh.a(friend.c.obj)
 .text.friend_queue_prepare_space
                0x0000000000014238       0x8c zephyr/subsys/bluetooth/mesh/libsubsys__bluetooth__mesh.a(friend.c.obj)
 .text.enqueue_friend_pdu
                0x00000000000142c4       0xd0 zephyr/subsys/bluetooth/mesh/libsubsys__bluetooth__mesh.a(friend.c.obj)
 .text.encrypt_friend_pdu
                0x0000000000014394      0x29c zephyr/subsys/bluetooth/mesh/libsubsys__bluetooth__mesh.a(friend.c.obj)
 .text.enqueue_sub_cfm
                0x0000000000014630       0xa8 zephyr/subsys/bluetooth/mesh/libsubsys__bluetooth__mesh.a(friend.c.obj)
 .text.friend_timeout
                0x00000000000146d8      0x1c4 zephyr/subsys/bluetooth/mesh/libsubsys__bluetooth__mesh.a(friend.c.obj)
 .text.enqueue_update.constprop.0
                0x000000000001489c       0xcc zephyr/subsys/bluetooth/mesh/libsubsys__bluetooth__mesh.a(friend.c.obj)
 .text.friend_purge_old_ack
                0x0000000000014968      0x118 zephyr/subsys/bluetooth/mesh/libsubsys__bluetooth__mesh.a(friend.c.obj)
 .text.bt_mesh_friend_find
                0x0000000000014a80       0xa4 zephyr/subsys/bluetooth/mesh/libsubsys__bluetooth__mesh.a(friend.c.obj)
                0x0000000000014a80                bt_mesh_friend_find
 .text.bt_mesh_friend_clear_net_idx
                0x0000000000014b24       0x74 zephyr/subsys/bluetooth/mesh/libsubsys__bluetooth__mesh.a(friend.c.obj)
                0x0000000000014b24                bt_mesh_friend_clear_net_idx
 .text.bt_mesh_friend_sec_update
                0x0000000000014b98       0x74 zephyr/subsys/bluetooth/mesh/libsubsys__bluetooth__mesh.a(friend.c.obj)
                0x0000000000014b98                bt_mesh_friend_sec_update
 .text.bt_mesh_friend_clear
                0x0000000000014c0c      0x118 zephyr/subsys/bluetooth/mesh/libsubsys__bluetooth__mesh.a(friend.c.obj)
                0x0000000000014c0c                bt_mesh_friend_clear
 .text.bt_mesh_friend_sub_add
                0x0000000000014d24       0xcc zephyr/subsys/bluetooth/mesh/libsubsys__bluetooth__mesh.a(friend.c.obj)
                0x0000000000014d24                bt_mesh_friend_sub_add
 .text.bt_mesh_friend_sub_rem
                0x0000000000014df0       0xcc zephyr/subsys/bluetooth/mesh/libsubsys__bluetooth__mesh.a(friend.c.obj)
                0x0000000000014df0                bt_mesh_friend_sub_rem