Archive member included to satisfy reference by file (symbol)

app/libapp.a(main.c.obj)      (--whole-archive)
zephyr/libzephyr.a(crc32_sw.c.obj)
                              (--whole-archive)
zephyr/libzephyr.a(crc16_sw.c.obj)
                              (--whole-archive)
zephyr/libzephyr.a(crc8_sw.c.obj)
                              (--whole-archive)
zephyr/libzephyr.a(crc7_sw.c.obj)
                              (--whole-archive)
zephyr/libzephyr.a(dec.c.obj)
                              (--whole-archive)
zephyr/libzephyr.a(fdtable.c.obj)
                              (--whole-archive)
zephyr/libzephyr.a(hex.c.obj)
                              (--whole-archive)
zephyr/libzephyr.a(mempool.c.obj)
                              (--whole-archive)
zephyr/libzephyr.a(printk.c.obj)
                              (--whole-archive)
zephyr/libzephyr.a(onoff.c.obj)
                              (--whole-archive)
zephyr/libzephyr.a(rb.c.obj)  (--whole-archive)
zephyr/libzephyr.a(sem.c.obj)
                              (--whole-archive)
zephyr/libzephyr.a(thread_entry.c.obj)
                              (--whole-archive)
zephyr/libzephyr.a(timeutil.c.obj)
                              (--whole-archive)
zephyr/libzephyr.a(work_q.c.obj)
                              (--whole-archive)
zephyr/libzephyr.a(assert.c.obj)
                              (--whole-archive)
zephyr/libzephyr.a(configs.c.obj)
                              (--whole-archive)
zephyr/libzephyr.a(validate_base_addresses.c.obj)
                              (--whole-archive)
zephyr/libzephyr.a(log_list.c.obj)
                              (--whole-archive)
zephyr/libzephyr.a(log_core.c.obj)
                              (--whole-archive)
zephyr/libzephyr.a(log_msg.c.obj)
                              (--whole-archive)
zephyr/libzephyr.a(log_output.c.obj)
                              (--whole-archive)
zephyr/libzephyr.a(log_backend_uart.c.obj)
                              (--whole-archive)
zephyr/libzephyr.a(log_backend_rtt.c.obj)
                              (--whole-archive)
zephyr/libzephyr.a(nvs.c.obj)
                              (--whole-archive)
zephyr/libzephyr.a(addr_utils.c.obj)
                              (--whole-archive)
zephyr/libzephyr.a(flash_map.c.obj)
                              (--whole-archive)
zephyr/libzephyr.a(flash_map_default.c.obj)
                              (--whole-archive)
zephyr/libzephyr.a(settings_store.c.obj)
                              (--whole-archive)
zephyr/libzephyr.a(settings.c.obj)
                              (--whole-archive)
zephyr/libzephyr.a(settings_init.c.obj)
                              (--whole-archive)
zephyr/libzephyr.a(settings_line.c.obj)
                              (--whole-archive)
zephyr/libzephyr.a(settings_nvs.c.obj)
                              (--whole-archive)
zephyr/libzephyr.a(power.c.obj)
                              (--whole-archive)
zephyr/libzephyr.a(policy_residency.c.obj)
                              (--whole-archive)
zephyr/libzephyr.a(uart_console.c.obj)
                              (--whole-archive)
zephyr/libzephyr.a(nrf_power_clock.c.obj)
                              (--whole-archive)
zephyr/libzephyr.a(sys_clock_init.c.obj)
                              (--whole-archive)
zephyr/libzephyr.a(nrf_rtc_timer.c.obj)
                              (--whole-archive)
zephyr/libzephyr.a(SEGGER_RTT.c.obj)
                              (--whole-archive)
zephyr/libzephyr.a(SEGGER_RTT_zephyr.c.obj)
                              (--whole-archive)
zephyr/libzephyr.a(utils.c.obj)
                              (--whole-archive)
zephyr/libzephyr.a(ecc_dh.c.obj)
                              (--whole-archive)
zephyr/libzephyr.a(ecc.c.obj)
                              (--whole-archive)
zephyr/libzephyr.a(aes_decrypt.c.obj)
                              (--whole-archive)
zephyr/libzephyr.a(aes_encrypt.c.obj)
                              (--whole-archive)
zephyr/libzephyr.a(cmac_mode.c.obj)
                              (--whole-archive)
zephyr/arch/common/libarch__common.a(isr_tables.c.obj)
                              (--whole-archive)
zephyr/arch/common/libarch__common.a(sw_isr_common.c.obj)
                              (--whole-archive)
zephyr/arch/arch/arm/core/aarch32/libarch__arm__core__aarch32.a(exc_exit.S.obj)
                              (--whole-archive)
zephyr/arch/arch/arm/core/aarch32/libarch__arm__core__aarch32.a(swap.c.obj)
                              (--whole-archive)
zephyr/arch/arch/arm/core/aarch32/libarch__arm__core__aarch32.a(swap_helper.S.obj)
                              (--whole-archive)
zephyr/arch/arch/arm/core/aarch32/libarch__arm__core__aarch32.a(irq_manage.c.obj)
                              (--whole-archive)
zephyr/arch/arch/arm/core/aarch32/libarch__arm__core__aarch32.a(thread.c.obj)
                              (--whole-archive)
zephyr/arch/arch/arm/core/aarch32/libarch__arm__core__aarch32.a(cpu_idle.S.obj)
[...]
Memory Configuration

Name             Origin             Length             Attributes
FLASH            0x0000000000000000 0x0000000000080000 xr
SRAM             0x0000000020000000 0x0000000000010000 xw
IDT_LIST         0x0000000020010000 0x0000000000000800 xw
*default*        0x0000000000000000 0xffffffffffffffff

Linker script and memory map

LOAD zephyr/CMakeFiles/zephyr_final.dir/misc/empty_file.c.obj
LOAD zephyr/CMakeFiles/zephyr_final.dir/isr_tables.c.obj
                0x0000000000000020                _region_min_align = 0x20

.rel.plt        0x0000000000000000        0x0
 *(SORT_BY_ALIGNMENT(.rel.plt))
                [!provide]                        PROVIDE (__rel_iplt_start = .)
 *(SORT_BY_ALIGNMENT(.rel.iplt))
 .rel.iplt      0x0000000000000000        0x0 zephyr/CMakeFiles/zephyr_final.dir/isr_tables.c.obj
                [!provide]                        PROVIDE (__rel_iplt_end = .)

.rela.plt       0x0000000000000000        0x0
 *(SORT_BY_ALIGNMENT(.rela.plt))
                [!provide]                        PROVIDE (__rela_iplt_start = .)
 *(SORT_BY_ALIGNMENT(.rela.iplt))
                [!provide]                        PROVIDE (__rela_iplt_end = .)

.rel.dyn
 *(SORT_BY_ALIGNMENT(.rel.*))

.rela.dyn
 *(SORT_BY_ALIGNMENT(.rela.*))

/DISCARD/
 *(SORT_BY_ALIGNMENT(.plt))
 *(SORT_BY_ALIGNMENT(.iplt))
 *(SORT_BY_ALIGNMENT(.got.plt))
 *(SORT_BY_ALIGNMENT(.igot.plt))
 *(SORT_BY_ALIGNMENT(.got))
 *(SORT_BY_ALIGNMENT(.igot))
 *(SORT_BY_ALIGNMENT(.irq_info))
 *(SORT_BY_ALIGNMENT(.intList))
 *(SORT_BY_ALIGNMENT(.note.GNU-stack))
                0x0000000000000000                _image_rom_start = 0x0

rom_start       0x0000000000000000       0xdc
                0x0000000000000000                . = 0x0
                0x0000000000000000                . = ALIGN (0x4)
                0x0000000000000000                _vector_start = .
 *(SORT_BY_ALIGNMENT(.exc_vector_table))
 *(SORT_BY_ALIGNMENT(.exc_vector_table.*))
 .exc_vector_table._vector_table_section
                0x0000000000000000       0x40 zephyr/arch/arch/arm/core/aarch32/cortex_m/libarch__arm__core__aarch32__cortex_m.a(vector_table.S.obj)
                0x0000000000000000                _vector_table
 *(SORT_BY_ALIGNMENT(.gnu.linkonce.irq_vector_table))
 .gnu.linkonce.irq_vector_table
                0x0000000000000040       0x9c zephyr/CMakeFiles/zephyr_final.dir/isr_tables.c.obj
                0x0000000000000040                _irq_vector_table
 *(SORT_BY_ALIGNMENT(.vectors))
                0x00000000000000dc                _vector_end = .
 *(SORT_BY_ALIGNMENT(.openocd_dbg))
 *(SORT_BY_ALIGNMENT(.openocd_dbg.*))

text            0x00000000000000e0    0x28524
                0x00000000000000e0                _image_text_start = .
 *(SORT_BY_ALIGNMENT(.text))
 .text          0x00000000000000e0       0xa0 /home/user/zephyr-sdk-0.11.2/arm-zephyr-eabi/bin/../lib/gcc/arm-zephyr-eabi/9.2.0/thumb/v7e-m/nofp/libgcc.a(_aeabi_ldivmod.o)
                0x00000000000000e0                __aeabi_ldivmod
 .text          0x0000000000000180       0x30 /home/user/zephyr-sdk-0.11.2/arm-zephyr-eabi/bin/../lib/gcc/arm-zephyr-eabi/9.2.0/thumb/v7e-m/nofp/libgcc.a(_aeabi_uldivmod.o)
                0x0000000000000180                __aeabi_uldivmod
 .text          0x00000000000001b0       0x28 /home/user/zephyr-sdk-0.11.2/arm-zephyr-eabi/bin/../lib/gcc/arm-zephyr-eabi/9.2.0/thumb/v7e-m/nofp/libgcc.a(_popcountsi2.o)
                0x00000000000001b0                __popcountsi2
 .text          0x00000000000001d8      0x2c4 /home/user/zephyr-sdk-0.11.2/arm-zephyr-eabi/bin/../lib/gcc/arm-zephyr-eabi/9.2.0/thumb/v7e-m/nofp/libgcc.a(_udivmoddi4.o)
                0x00000000000001d8                __udivmoddi4
 .text          0x000000000000049c        0x4 /home/user/zephyr-sdk-0.11.2/arm-zephyr-eabi/bin/../lib/gcc/arm-zephyr-eabi/9.2.0/thumb/v7e-m/nofp/libgcc.a(_dvmd_tls.o)
                0x000000000000049c                __aeabi_ldiv0
                0x000000000000049c                __aeabi_idiv0
 *(SORT_BY_ALIGNMENT(.text.*))
 .text.ll_adv_enable
                0x00000000000004a0      0x370 zephyr/subsys/bluetooth/controller/libsubsys__bluetooth__controller.a(ull_adv.c.obj)
                0x00000000000004a0                ll_adv_enable
 .text.ull_scan_enable
                0x0000000000000810       0xfc zephyr/subsys/bluetooth/controller/libsubsys__bluetooth__controller.a(ull_scan.c.obj)
                0x0000000000000810                ull_scan_enable
 *fill*         0x000000000000090c        0x4 
 .text.ll_scan_params_set
                0x0000000000000910       0x6c zephyr/subsys/bluetooth/controller/libsubsys__bluetooth__controller.a(ull_scan.c.obj)
                0x0000000000000910                ll_scan_params_set
 *fill*         0x000000000000097c        0x4 
 .text.ull_conn_llcp
                0x0000000000000980      0x9d8 zephyr/subsys/bluetooth/controller/libsubsys__bluetooth__controller.a(ull_conn.c.obj)
                0x0000000000000980                ull_conn_llcp
 .text.ull_slave_setup
                0x0000000000001358      0x2d8 zephyr/subsys/bluetooth/controller/libsubsys__bluetooth__controller.a(ull_slave.c.obj)
                0x0000000000001358                ull_slave_setup
 .text.ull_slave_done
                0x0000000000001630       0x6c zephyr/subsys/bluetooth/controller/libsubsys__bluetooth__controller.a(ull_slave.c.obj)
                0x0000000000001630                ull_slave_done
 *fill*         0x000000000000169c        0x4 
 .text.erase_op
                0x00000000000016a0       0x8c zephyr/drivers/flash/libdrivers__flash.a(soc_flash_nrf.c.obj)
 *fill*         0x000000000000172c        0x4 
 .text.work_in_time_slice
                0x0000000000001730       0xf0 zephyr/drivers/flash/libdrivers__flash.a(soc_flash_nrf.c.obj)
 .text.write_op
                0x0000000000001820       0xa0 zephyr/drivers/flash/libdrivers__flash.a(soc_flash_nrf.c.obj)
 .text.prov_complete
                0x00000000000018c0       0x28 app/libapp.a(main.c.obj)
 .text.bt_ready
                0x00000000000018e8       0xc8 app/libapp.a(main.c.obj)
 .text.envi_report_set
                0x00000000000019b0       0x40 app/libapp.a(main.c.obj)
 .text.envi_thread
                0x00000000000019f0       0xb8 app/libapp.a(main.c.obj)
 .text.main     0x0000000000001aa8       0x38 app/libapp.a(main.c.obj)
                0x0000000000001aa8                main
 .text.crc8_ccitt
                0x0000000000001ae0       0x30 zephyr/libzephyr.a(crc8_sw.c.obj)
                0x0000000000001ae0                crc8_ccitt
 .text.z_sys_mem_pool_block_free
                0x0000000000001b10      0x19c zephyr/libzephyr.a(mempool.c.obj)
                0x0000000000001b10                z_sys_mem_pool_block_free
 .text.char_out
                0x0000000000001cac       0x10 zephyr/libzephyr.a(printk.c.obj)
 .text._printk_dec_ulong
                0x0000000000001cbc       0xa0 zephyr/libzephyr.a(printk.c.obj)
 .text.__printk_hook_install
                0x0000000000001d5c        0xc zephyr/libzephyr.a(printk.c.obj)
                0x0000000000001d5c                __printk_hook_install
 .text.z_vprintk
                0x0000000000001d68      0x328 zephyr/libzephyr.a(printk.c.obj)
                0x0000000000001d68                z_vprintk
 .text.vprintk  0x0000000000002090       0x1c zephyr/libzephyr.a(printk.c.obj)
                0x0000000000002090                vprintk
 .text.vsnprintk
                0x00000000000020ac       0x28 zephyr/libzephyr.a(printk.c.obj)
                0x00000000000020ac                vsnprintk
 .text.enable_logger
                0x00000000000020d4       0x54 zephyr/libzephyr.a(log_core.c.obj)
 .text.log_process_thread_timer_expiry_fn
                0x0000000000002128        0xc zephyr/libzephyr.a(log_core.c.obj)
 .text.z_log_get_s_mask
                0x0000000000002134       0x68 zephyr/libzephyr.a(log_core.c.obj)
                0x0000000000002134                z_log_get_s_mask
 .text.log_core_init
                0x000000000000219c       0x40 zephyr/libzephyr.a(log_core.c.obj)
                0x000000000000219c                log_core_init
 .text.dropped_notify
                0x00000000000021dc       0x50 zephyr/libzephyr.a(log_core.c.obj)
                0x00000000000021dc                dropped_notify
 .text.log_dropped
                0x000000000000222c       0x20 zephyr/libzephyr.a(log_core.c.obj)
                0x000000000000222c                log_dropped
 .text.log_source_name_get
                0x000000000000224c       0x1c zephyr/libzephyr.a(log_core.c.obj)
                0x000000000000224c                log_source_name_get
 .text.log_backend_enable
                0x0000000000002268       0x5c zephyr/libzephyr.a(log_core.c.obj)
                0x0000000000002268                log_backend_enable
 .text.log_init
                0x00000000000022c4       0x7c zephyr/libzephyr.a(log_core.c.obj)
                0x00000000000022c4                log_init
 .text.log_strdup
                0x0000000000002340       0x6c zephyr/libzephyr.a(log_core.c.obj)
                0x0000000000002340                log_strdup
 .text.log_is_strdup
                0x00000000000023ac       0x1c zephyr/libzephyr.a(log_core.c.obj)
                0x00000000000023ac                log_is_strdup
 .text.z_impl_log_process
                0x00000000000023c8      0x17c zephyr/libzephyr.a(log_core.c.obj)
                0x00000000000023c8                z_impl_log_process
 .text.msg_finalize
                0x0000000000002544       0xb8 zephyr/libzephyr.a(log_core.c.obj)
 .text.log_process_thread_func
                0x00000000000025fc       0x78 zephyr/libzephyr.a(log_core.c.obj)
 .text.z_impl_log_panic
                0x0000000000002674       0x4c zephyr/libzephyr.a(log_core.c.obj)
                0x0000000000002674                z_impl_log_panic
 .text.log_free
                0x00000000000026c0       0x34 zephyr/libzephyr.a(log_core.c.obj)
                0x00000000000026c0                log_free
 .text.log_msg_pool_init
                0x00000000000026f4       0x14 zephyr/libzephyr.a(log_msg.c.obj)
                0x00000000000026f4                log_msg_pool_init
 .text.log_msg_no_space_handle
                0x0000000000002708       0x30 zephyr/libzephyr.a(log_msg.c.obj)
                0x0000000000002708                log_msg_no_space_handle
 .text.log_msg_chunk_alloc
                0x0000000000002738       0x24 zephyr/libzephyr.a(log_msg.c.obj)
                0x0000000000002738                log_msg_chunk_alloc
 .text.msg_free
                0x000000000000275c       0x84 zephyr/libzephyr.a(log_msg.c.obj)
 .text.log_msg_create_n
                0x00000000000027e0       0xd0 zephyr/libzephyr.a(log_msg.c.obj)
                0x00000000000027e0                log_msg_create_n
 .text.print_formatted
                0x00000000000028b0       0x24 zephyr/libzephyr.a(log_output.c.obj)
 .text.prefix_print
                0x00000000000028d4      0x11c zephyr/libzephyr.a(log_output.c.obj)
 .text.postfix_print
                0x00000000000029f0       0x3c zephyr/libzephyr.a(log_output.c.obj)
 .text.hexdump_line_print
                0x0000000000002a2c       0xdc zephyr/libzephyr.a(log_output.c.obj)
 .text.out_func
                0x0000000000002b08       0x60 zephyr/libzephyr.a(log_output.c.obj)
 .text.log_output_msg_process
                0x0000000000002b68      0x120 zephyr/libzephyr.a(log_output.c.obj)
                0x0000000000002b68                log_output_msg_process
 .text.log_output_dropped_process
                0x0000000000002c88       0x54 zephyr/libzephyr.a(log_output.c.obj)
                0x0000000000002c88                log_output_dropped_process
 .text.log_output_timestamp_freq_set
                0x0000000000002cdc       0x30 zephyr/libzephyr.a(log_output.c.obj)
                0x0000000000002cdc                log_output_timestamp_freq_set
 .text.panic    0x0000000000002d0c        0xc zephyr/libzephyr.a(log_backend_uart.c.obj)
 .text.dropped  0x0000000000002d18        0xc zephyr/libzephyr.a(log_backend_uart.c.obj)
 .text.log_backend_uart_init
                0x0000000000002d24       0x3c zephyr/libzephyr.a(log_backend_uart.c.obj)
 .text.put      0x0000000000002d60       0x24 zephyr/libzephyr.a(log_backend_uart.c.obj)
 .text.log_backend_rtt_init
                0x0000000000002d84        0xc zephyr/libzephyr.a(log_backend_rtt.c.obj)
 .text.panic    0x0000000000002d90       0x18 zephyr/libzephyr.a(log_backend_rtt.c.obj)
 .text.dropped  0x0000000000002da8        0xc zephyr/libzephyr.a(log_backend_rtt.c.obj)
 .text.put      0x0000000000002db4       0x24 zephyr/libzephyr.a(log_backend_rtt.c.obj)
 .text.on_failed_write.part.0
                0x0000000000002dd8       0x18 zephyr/libzephyr.a(log_backend_rtt.c.obj)
 .text.data_out_block_mode
                0x0000000000002df0       0x9c zephyr/libzephyr.a(log_backend_rtt.c.obj)
 .text.nvs_prev_ate
                0x0000000000002e8c       0xe4 zephyr/libzephyr.a(nvs.c.obj)
 .text.nvs_gc   0x0000000000002f70      0x144 zephyr/libzephyr.a(nvs.c.obj)
 .text.nvs_init
                0x00000000000030b4      0x290 zephyr/libzephyr.a(nvs.c.obj)
                0x00000000000030b4                nvs_init
 .text.nvs_write
                0x0000000000003344      0x1c0 zephyr/libzephyr.a(nvs.c.obj)
                0x0000000000003344                nvs_write
 .text.nvs_read_hist
                0x0000000000003504       0xd0 zephyr/libzephyr.a(nvs.c.obj)
                0x0000000000003504                nvs_read_hist
 .text.get_flash_area_from_id
                0x00000000000035d4       0x30 zephyr/libzephyr.a(flash_map.c.obj)
 .text.flash_area_open
                0x0000000000003604       0x28 zephyr/libzephyr.a(flash_map.c.obj)
                0x0000000000003604                flash_area_open
 .text.flash_area_get_sectors
                0x000000000000362c       0x50 zephyr/libzephyr.a(flash_map.c.obj)
                0x000000000000362c                flash_area_get_sectors
 .text.settings_save_one
                0x000000000000367c       0x48 zephyr/libzephyr.a(settings_store.c.obj)
                0x000000000000367c                settings_save_one
 .text.settings_src_register
                0x00000000000036c4       0x1c zephyr/libzephyr.a(settings_store.c.obj)
                0x00000000000036c4                settings_src_register
 .text.settings_dst_register
                0x00000000000036e0        0xc zephyr/libzephyr.a(settings_store.c.obj)
                0x00000000000036e0                settings_dst_register
 .text.settings_load_subtree
                0x00000000000036ec       0x50 zephyr/libzephyr.a(settings_store.c.obj)
                0x00000000000036ec                settings_load_subtree
 .text.settings_load_subtree_direct
                0x000000000000373c       0x44 zephyr/libzephyr.a(settings_store.c.obj)
                0x000000000000373c                settings_load_subtree_direct
 .text.settings_store_init
                0x0000000000003780       0x10 zephyr/libzephyr.a(settings_store.c.obj)
                0x0000000000003780                settings_store_init
 .text.settings_init
                0x0000000000003790       0x10 zephyr/libzephyr.a(settings.c.obj)
                0x0000000000003790                settings_init
 .text.settings_parse_and_lookup
                0x00000000000037a0       0xc8 zephyr/libzephyr.a(settings.c.obj)
                0x00000000000037a0                settings_parse_and_lookup
 .text.settings_call_set_handler
                0x0000000000003868       0x9c zephyr/libzephyr.a(settings.c.obj)
                0x0000000000003868                settings_call_set_handler
 .text.settings_commit_subtree
                0x0000000000003904       0xb0 zephyr/libzephyr.a(settings.c.obj)
                0x0000000000003904                settings_commit_subtree
 .text.settings_subsys_init
                0x00000000000039b4       0x20 zephyr/libzephyr.a(settings_init.c.obj)
                0x00000000000039b4                settings_subsys_init
 .text.settings_nvs_load
                0x00000000000039d4       0xb8 zephyr/libzephyr.a(settings_nvs.c.obj)
 .text.settings_backend_init
                0x0000000000003a8c       0x98 zephyr/libzephyr.a(settings_nvs.c.obj)
                0x0000000000003a8c                settings_backend_init
 .text.uart_console_init
                0x0000000000003b24       0x2c zephyr/libzephyr.a(uart_console.c.obj)
 .text.console_out
                0x0000000000003b50       0x28 zephyr/libzephyr.a(uart_console.c.obj)
 .text.get_status
                0x0000000000003b78       0x44 zephyr/libzephyr.a(nrf_power_clock.c.obj)
 .text.clock_stop
                0x0000000000003bbc       0x7c zephyr/libzephyr.a(nrf_power_clock.c.obj)
 .text.clkstarted_handle.constprop.0
                0x0000000000003c38       0x50 zephyr/libzephyr.a(nrf_power_clock.c.obj)
 .text.clock_async_start
                0x0000000000003c88      0x144 zephyr/libzephyr.a(nrf_power_clock.c.obj)
 .text.nrf_power_clock_isr
                0x0000000000003dcc       0x64 zephyr/libzephyr.a(nrf_power_clock.c.obj)
                0x0000000000003dcc                nrf_power_clock_isr
 .text.z_clock_isr
                0x0000000000003e30       0x28 zephyr/libzephyr.a(sys_clock_init.c.obj)
                0x0000000000003e30                z_clock_isr
 .text.rtc1_nrf_isr
                0x0000000000003e58       0xb0 zephyr/libzephyr.a(nrf_rtc_timer.c.obj)
                0x0000000000003e58                rtc1_nrf_isr
 .text.z_clock_driver_init
                0x0000000000003f08       0x74 zephyr/libzephyr.a(nrf_rtc_timer.c.obj)
                0x0000000000003f08                z_clock_driver_init
 .text.z_clock_set_timeout
                0x0000000000003f7c      0x118 zephyr/libzephyr.a(nrf_rtc_timer.c.obj)
                0x0000000000003f7c                z_clock_set_timeout
 .text.z_clock_elapsed
                0x0000000000004094       0xa0 zephyr/libzephyr.a(nrf_rtc_timer.c.obj)
                0x0000000000004094                z_clock_elapsed
 .text.z_timer_cycle_get_32
                0x0000000000004134       0xa4 zephyr/libzephyr.a(nrf_rtc_timer.c.obj)
                0x0000000000004134                z_timer_cycle_get_32
 .text._DoInit  0x00000000000041d8       0x60 zephyr/libzephyr.a(SEGGER_RTT.c.obj)
 .text.SEGGER_RTT_WriteSkipNoLock
                0x0000000000004238       0x98 zephyr/libzephyr.a(SEGGER_RTT.c.obj)
                0x0000000000004238                SEGGER_RTT_WriteSkipNoLock
 .text.SEGGER_RTT_HasDataUp
                0x00000000000042d0       0x14 zephyr/libzephyr.a(SEGGER_RTT.c.obj)
                0x00000000000042d0                SEGGER_RTT_HasDataUp
 .text.uECC_get_rng
                0x00000000000042e4        0xc zephyr/libzephyr.a(ecc.c.obj)
                0x00000000000042e4                uECC_get_rng
 .text.vli_mmod_fast_secp256r1
                0x00000000000042f0      0x1a0 zephyr/libzephyr.a(ecc.c.obj)
                0x00000000000042f0                vli_mmod_fast_secp256r1
 .text.tc_aes128_set_encrypt_key
                0x0000000000004490       0xa4 zephyr/libzephyr.a(aes_encrypt.c.obj)
                0x0000000000004490                tc_aes128_set_encrypt_key
 .text.tc_aes_encrypt
                0x0000000000004534       0xd4 zephyr/libzephyr.a(aes_encrypt.c.obj)
                0x0000000000004534                tc_aes_encrypt
 .text._HandlerModeExit
                0x0000000000004608       0x1c zephyr/arch/arch/arm/core/aarch32/libarch__arm__core__aarch32.a(exc_exit.S.obj)
                0x0000000000004608                z_arm_exc_exit
                0x0000000000004608                z_arm_int_exit
 .text.arch_swap
                0x0000000000004624       0x38 zephyr/arch/arch/arm/core/aarch32/libarch__arm__core__aarch32.a(swap.c.obj)
                0x0000000000004624                arch_swap
 .text.z_arm_pendsv
                0x000000000000465c       0x58 zephyr/arch/arch/arm/core/aarch32/libarch__arm__core__aarch32.a(swap_helper.S.obj)
                0x000000000000465c                z_arm_pendsv
 .text.z_arm_svc
                0x00000000000046b4       0x20 zephyr/arch/arch/arm/core/aarch32/libarch__arm__core__aarch32.a(swap_helper.S.obj)
                0x00000000000046b4                z_arm_svc
 .text.arch_irq_enable
                0x00000000000046d4       0x20 zephyr/arch/arch/arm/core/aarch32/libarch__arm__core__aarch32.a(irq_manage.c.obj)
                0x00000000000046d4                arch_irq_enable
 .text.arch_irq_disable
                0x00000000000046f4       0x28 zephyr/arch/arch/arm/core/aarch32/libarch__arm__core__aarch32.a(irq_manage.c.obj)
                0x00000000000046f4                arch_irq_disable
 .text.arch_irq_is_enabled
                0x000000000000471c       0x1c zephyr/arch/arch/arm/core/aarch32/libarch__arm__core__aarch32.a(irq_manage.c.obj)
                0x000000000000471c                arch_irq_is_enabled
 .text.z_arm_irq_priority_set
                0x0000000000004738       0x64 zephyr/arch/arch/arm/core/aarch32/libarch__arm__core__aarch32.a(irq_manage.c.obj)
                0x0000000000004738                z_arm_irq_priority_set
 .text._arch_isr_direct_pm
                0x000000000000479c       0x1c zephyr/arch/arch/arm/core/aarch32/libarch__arm__core__aarch32.a(irq_manage.c.obj)
                0x000000000000479c                _arch_isr_direct_pm
 .text.arch_new_thread
                0x00000000000047b8       0xa8 zephyr/arch/arch/arm/core/aarch32/libarch__arm__core__aarch32.a(thread.c.obj)
                0x00000000000047b8                arch_new_thread
 .text.z_check_thread_stack_fail
                0x0000000000004860       0x30 zephyr/arch/arch/arm/core/aarch32/libarch__arm__core__aarch32.a(thread.c.obj)
                0x0000000000004860                z_check_thread_stack_fail
 .text.arch_switch_to_main_thread
                0x0000000000004890       0x40 zephyr/arch/arch/arm/core/aarch32/libarch__arm__core__aarch32.a(thread.c.obj)
                0x0000000000004890                arch_switch_to_main_thread
 .text.z_arm_cpu_idle_init
                0x00000000000048d0        0xc zephyr/arch/arch/arm/core/aarch32/libarch__arm__core__aarch32.a(cpu_idle.S.obj)
                0x00000000000048d0                z_arm_cpu_idle_init
 .text.arch_cpu_idle
                0x00000000000048dc       0x1c zephyr/arch/arch/arm/core/aarch32/libarch__arm__core__aarch32.a(cpu_idle.S.obj)
                0x00000000000048dc                arch_cpu_idle
 .text.__fault  0x00000000000048f8       0x14 zephyr/arch/arch/arm/core/aarch32/libarch__arm__core__aarch32.a(fault_s.S.obj)
                0x00000000000048f8                z_arm_bus_fault
                0x00000000000048f8                z_arm_usage_fault
                0x00000000000048f8                z_arm_mpu_fault
                0x00000000000048f8                z_arm_reserved
                0x00000000000048f8                z_arm_debug_monitor
                0x00000000000048f8                z_arm_hard_fault
 .text.z_arm_fatal_error
                0x000000000000490c       0x70 zephyr/arch/arch/arm/core/aarch32/libarch__arm__core__aarch32.a(fatal.c.obj)
                0x000000000000490c                z_arm_fatal_error
 .text.z_SysNmiOnReset
                0x000000000000497c        0x8 zephyr/arch/arch/arm/core/aarch32/libarch__arm__core__aarch32.a(nmi_on_reset.S.obj)
                0x000000000000497c                z_SysNmiOnReset
 .text.z_arm_prep_c
                0x0000000000004984       0x44 zephyr/arch/arch/arm/core/aarch32/libarch__arm__core__aarch32.a(prep_c.c.obj)
                0x0000000000004984                z_arm_prep_c
 .text._isr_wrapper
                0x00000000000049c8       0x40 zephyr/arch/arch/arm/core/aarch32/libarch__arm__core__aarch32.a(isr_wrapper.S.obj)
                0x00000000000049c8                _isr_wrapper
 .text._reset_section
                0x0000000000004a08       0x30 zephyr/arch/arch/arm/core/aarch32/cortex_m/libarch__arm__core__aarch32__cortex_m.a(reset.S.obj)
                0x0000000000004a08                z_arm_reset
                0x0000000000004a08                __start
 .text.mem_manage_fault
                0x0000000000004a38      0x130 zephyr/arch/arch/arm/core/aarch32/cortex_m/libarch__arm__core__aarch32__cortex_m.a(fault.c.obj)
 .text.usage_fault.isra.0
                0x0000000000004b68       0xb8 zephyr/arch/arch/arm/core/aarch32/cortex_m/libarch__arm__core__aarch32__cortex_m.a(fault.c.obj)
 .text.bus_fault.isra.0
                0x0000000000004c20       0xdc zephyr/arch/arch/arm/core/aarch32/cortex_m/libarch__arm__core__aarch32__cortex_m.a(fault.c.obj)
 .text.z_arm_fault
                0x0000000000004cfc      0x1cc zephyr/arch/arch/arm/core/aarch32/cortex_m/libarch__arm__core__aarch32__cortex_m.a(fault.c.obj)
                0x0000000000004cfc                z_arm_fault
 .text.z_arm_fault_init
                0x0000000000004ec8       0x10 zephyr/arch/arch/arm/core/aarch32/cortex_m/libarch__arm__core__aarch32__cortex_m.a(fault.c.obj)
                0x0000000000004ec8                z_arm_fault_init
 .text.z_arm_interrupt_init
                0x0000000000004ed8       0x18 zephyr/arch/arch/arm/core/aarch32/cortex_m/libarch__arm__core__aarch32__cortex_m.a(irq_init.c.obj)
                0x0000000000004ed8                z_arm_interrupt_init
 .text.z_impl_k_thread_abort
                0x0000000000004ef0       0x7c zephyr/arch/arch/arm/core/aarch32/cortex_m/libarch__arm__core__aarch32__cortex_m.a(thread_abort.c.obj)
                0x0000000000004ef0                z_impl_k_thread_abort
 .text.z_arm_configure_static_mpu_regions
                0x0000000000004f6c       0x38 zephyr/arch/arch/arm/core/aarch32/cortex_m/mpu/libarch__arm__core__aarch32__cortex_m__mpu.a(arm_core_mpu.c.obj)
                0x0000000000004f6c                z_arm_configure_static_mpu_regions
 .text.z_arm_configure_dynamic_mpu_regions
                0x0000000000004fa4       0x28 zephyr/arch/arch/arm/core/aarch32/cortex_m/mpu/libarch__arm__core__aarch32__cortex_m__mpu.a(arm_core_mpu.c.obj)
                0x0000000000004fa4                z_arm_configure_dynamic_mpu_regions
 .text.mpu_configure_regions
                0x0000000000004fcc       0xc4 zephyr/arch/arch/arm/core/aarch32/cortex_m/mpu/libarch__arm__core__aarch32__cortex_m__mpu.a(arm_mpu.c.obj)
 .text.arm_core_mpu_enable
                0x0000000000005090       0x14 zephyr/arch/arch/arm/core/aarch32/cortex_m/mpu/libarch__arm__core__aarch32__cortex_m__mpu.a(arm_mpu.c.obj)
                0x0000000000005090                arm_core_mpu_enable
 .text.arm_core_mpu_disable
                0x00000000000050a4       0x10 zephyr/arch/arch/arm/core/aarch32/cortex_m/mpu/libarch__arm__core__aarch32__cortex_m__mpu.a(arm_mpu.c.obj)
                0x00000000000050a4                arm_core_mpu_disable
 .text.arm_mpu_init
                0x00000000000050b4       0xbc zephyr/arch/arch/arm/core/aarch32/cortex_m/mpu/libarch__arm__core__aarch32__cortex_m__mpu.a(arm_mpu.c.obj)
 .text.arm_core_mpu_configure_static_mpu_regions
                0x0000000000005170       0x4c zephyr/arch/arch/arm/core/aarch32/cortex_m/mpu/libarch__arm__core__aarch32__cortex_m__mpu.a(arm_mpu.c.obj)
                0x0000000000005170                arm_core_mpu_configure_static_mpu_regions
 .text.arm_core_mpu_configure_dynamic_mpu_regions
                0x00000000000051bc       0x64 zephyr/arch/arch/arm/core/aarch32/cortex_m/mpu/libarch__arm__core__aarch32__cortex_m__mpu.a(arm_mpu.c.obj)
                0x00000000000051bc                arm_core_mpu_configure_dynamic_mpu_regions
 .text.z_prf    0x0000000000005220      0x9e0 zephyr/lib/libc/minimal/liblib__libc__minimal.a(prf.c.obj)
                0x0000000000005220                z_prf
 .text.__stdout_hook_install
                0x0000000000005c00        0xc zephyr/lib/libc/minimal/liblib__libc__minimal.a(stdout_console.c.obj)
                0x0000000000005c00                __stdout_hook_install
 .text.snprintf
                0x0000000000005c0c       0x30 zephyr/lib/libc/minimal/liblib__libc__minimal.a(sprintf.c.obj)
                0x0000000000005c0c                snprintf
 .text.nordicsemi_nrf52_init
                0x0000000000005c3c       0x30 zephyr/soc/arm/nordic_nrf/nrf52/libsoc__arm__nordic_nrf__nrf52.a(soc.c.obj)
 .text.arch_busy_wait
                0x0000000000005c6c       0x14 zephyr/soc/arm/nordic_nrf/nrf52/libsoc__arm__nordic_nrf__nrf52.a(soc.c.obj)
                0x0000000000005c6c                arch_busy_wait
 .text.bt_hex_real
                0x0000000000005c80       0x44 zephyr/subsys/bluetooth/common/libsubsys__bluetooth__common.a(log.c.obj)
                0x0000000000005c80                bt_hex_real
 .text.bt_addr_le_str_real
                0x0000000000005cc4       0x7c zephyr/subsys/bluetooth/common/libsubsys__bluetooth__common.a(log.c.obj)
                0x0000000000005cc4                bt_addr_le_str_real
 .text.bt_uuid_str_real
                0x0000000000005d40       0x14 zephyr/subsys/bluetooth/common/libsubsys__bluetooth__common.a(log.c.obj)
                0x0000000000005d40                bt_uuid_str_real
 .text.sys_memcpy_swap.constprop.0
                0x0000000000005d54       0x5c zephyr/subsys/bluetooth/host/libsubsys__bluetooth__host.a(hci_ecc.c.obj)
 .text.ecc_thread
                0x0000000000005db0      0x1e4 zephyr/subsys/bluetooth/host/libsubsys__bluetooth__host.a(hci_ecc.c.obj)
 .text.bt_hci_ecc_send
                0x0000000000005f94      0x114 zephyr/subsys/bluetooth/host/libsubsys__bluetooth__host.a(hci_ecc.c.obj)
                0x0000000000005f94                bt_hci_ecc_send
 .text.bt_hci_ecc_init
                0x00000000000060a8       0x44 zephyr/subsys/bluetooth/host/libsubsys__bluetooth__host.a(hci_ecc.c.obj)
                0x00000000000060a8                bt_hci_ecc_init
 .text.save_id  0x00000000000060ec       0x50 zephyr/subsys/bluetooth/host/libsubsys__bluetooth__host.a(settings.c.obj)
 .text.set      0x000000000000613c      0x10c zephyr/subsys/bluetooth/host/libsubsys__bluetooth__host.a(settings.c.obj)
 .text.bt_settings_encode_key
                0x0000000000006248       0x60 zephyr/subsys/bluetooth/host/libsubsys__bluetooth__host.a(settings.c.obj)
                0x0000000000006248                bt_settings_encode_key
 .text.bt_settings_save_id
                0x00000000000062a8       0x30 zephyr/subsys/bluetooth/host/libsubsys__bluetooth__host.a(settings.c.obj)
                0x00000000000062a8                bt_settings_save_id
 .text.commit   0x00000000000062d8       0x90 zephyr/subsys/bluetooth/host/libsubsys__bluetooth__host.a(settings.c.obj)
 .text.bt_settings_init
                0x0000000000006368       0x30 zephyr/subsys/bluetooth/host/libsubsys__bluetooth__host.a(settings.c.obj)
                0x0000000000006368                bt_settings_init
 .text.uuid_to_uuid128
                0x0000000000006398       0x7c zephyr/subsys/bluetooth/host/libsubsys__bluetooth__host.a(uuid.c.obj)
 .text.bt_uuid_to_str
                0x0000000000006414       0xb4 zephyr/subsys/bluetooth/host/libsubsys__bluetooth__host.a(uuid.c.obj)
                0x0000000000006414                bt_uuid_to_str
 .text.le_dhkey_complete
                0x00000000000064c8       0x20 zephyr/subsys/bluetooth/host/libsubsys__bluetooth__host.a(hci_core.c.obj)
 .text.ver_str  0x00000000000064e8       0x38 zephyr/subsys/bluetooth/host/libsubsys__bluetooth__host.a(hci_core.c.obj)
 .text.hci_data_buf_overflow
                0x0000000000006520       0x24 zephyr/subsys/bluetooth/host/libsubsys__bluetooth__host.a(hci_core.c.obj)
 .text.le_pkey_complete
                0x0000000000006544       0x50 zephyr/subsys/bluetooth/host/libsubsys__bluetooth__host.a(hci_core.c.obj)
 .text.le_conn_update_complete
                0x0000000000006594       0x98 zephyr/subsys/bluetooth/host/libsubsys__bluetooth__host.a(hci_core.c.obj)
 .text.hci_vendor_event
                0x000000000000662c       0x38 zephyr/subsys/bluetooth/host/libsubsys__bluetooth__host.a(hci_core.c.obj)
 .text.handle_event
                0x0000000000006664       0x84 zephyr/subsys/bluetooth/host/libsubsys__bluetooth__host.a(hci_core.c.obj)
 .text.hci_le_meta_event
                0x00000000000066e8       0x20 zephyr/subsys/bluetooth/host/libsubsys__bluetooth__host.a(hci_core.c.obj)
 .text.hci_cmd_done
                0x0000000000006708       0xf4 zephyr/subsys/bluetooth/host/libsubsys__bluetooth__host.a(hci_core.c.obj)
 .text.find_pending_connect.part.0
                0x00000000000067fc       0x38 zephyr/subsys/bluetooth/host/libsubsys__bluetooth__host.a(hci_core.c.obj)
 .text.id_find  0x0000000000006834       0x34 zephyr/subsys/bluetooth/host/libsubsys__bluetooth__host.a(hci_core.c.obj)
 .text.hci_tx_thread
                0x0000000000006868      0x17c zephyr/subsys/bluetooth/host/libsubsys__bluetooth__host.a(hci_core.c.obj)
 .text.hci_num_completed_packets
                0x00000000000069e4      0x134 zephyr/subsys/bluetooth/host/libsubsys__bluetooth__host.a(hci_core.c.obj)
 .text.le_adv_report
                0x0000000000006b18      0x16c zephyr/subsys/bluetooth/host/libsubsys__bluetooth__host.a(hci_core.c.obj)
 .text.hci_cmd_status
                0x0000000000006c84       0x2c zephyr/subsys/bluetooth/host/libsubsys__bluetooth__host.a(hci_core.c.obj)
 .text.valid_adv_param
                0x0000000000006cb0       0x6c zephyr/subsys/bluetooth/host/libsubsys__bluetooth__host.a(hci_core.c.obj)
 .text.hci_cmd_complete
                0x0000000000006d1c       0x30 zephyr/subsys/bluetooth/host/libsubsys__bluetooth__host.a(hci_core.c.obj)
 .text.bt_hci_cmd_create
                0x0000000000006d4c       0x90 zephyr/subsys/bluetooth/host/libsubsys__bluetooth__host.a(hci_core.c.obj)
                0x0000000000006d4c                bt_hci_cmd_create
 .text.bt_hci_cmd_send
                0x0000000000006ddc       0x64 zephyr/subsys/bluetooth/host/libsubsys__bluetooth__host.a(hci_core.c.obj)
                0x0000000000006ddc                bt_hci_cmd_send
 .text.le_conn_param_neg_reply
                0x0000000000006e40       0x54 zephyr/subsys/bluetooth/host/libsubsys__bluetooth__host.a(hci_core.c.obj)
 .text.le_conn_param_req
                0x0000000000006e94       0xd0 zephyr/subsys/bluetooth/host/libsubsys__bluetooth__host.a(hci_core.c.obj)
 .text.conn_auto_initiate
                0x0000000000006f64       0x78 zephyr/subsys/bluetooth/host/libsubsys__bluetooth__host.a(hci_core.c.obj)
 .text.le_remote_feat_complete
                0x0000000000006fdc       0x60 zephyr/subsys/bluetooth/host/libsubsys__bluetooth__host.a(hci_core.c.obj)
 .text.bt_hci_cmd_send_sync
                0x000000000000703c       0xc4 zephyr/subsys/bluetooth/host/libsubsys__bluetooth__host.a(hci_core.c.obj)
                0x000000000000703c                bt_hci_cmd_send_sync
 .text.set_le_scan_enable_legacy
                0x0000000000007100       0x78 zephyr/subsys/bluetooth/host/libsubsys__bluetooth__host.a(hci_core.c.obj)
 .text.hci_set_ad
                0x0000000000007178       0xe0 zephyr/subsys/bluetooth/host/libsubsys__bluetooth__host.a(hci_core.c.obj)
 .text.le_adv_update.isra.0
                0x0000000000007258       0x94 zephyr/subsys/bluetooth/host/libsubsys__bluetooth__host.a(hci_core.c.obj)
 .text.set_random_address
                0x00000000000072ec       0x5c zephyr/subsys/bluetooth/host/libsubsys__bluetooth__host.a(hci_core.c.obj)
 .text.set_le_adv_enable_legacy
                0x0000000000007348       0x60 zephyr/subsys/bluetooth/host/libsubsys__bluetooth__host.a(hci_core.c.obj)
 .text.bt_le_scan_update
                0x00000000000073a8       0x2c zephyr/subsys/bluetooth/host/libsubsys__bluetooth__host.a(hci_core.c.obj)
                0x00000000000073a8                bt_le_scan_update
 .text.id_create.isra.0
                0x00000000000073d4       0x68 zephyr/subsys/bluetooth/host/libsubsys__bluetooth__host.a(hci_core.c.obj)
 .text.bt_recv  0x000000000000743c      0x154 zephyr/subsys/bluetooth/host/libsubsys__bluetooth__host.a(hci_core.c.obj)
                0x000000000000743c                bt_recv
 .text.bt_recv_prio
                0x0000000000007590       0xac zephyr/subsys/bluetooth/host/libsubsys__bluetooth__host.a(hci_core.c.obj)
                0x0000000000007590                bt_recv_prio
 .text.bt_hci_driver_register
                0x000000000000763c       0x28 zephyr/subsys/bluetooth/host/libsubsys__bluetooth__host.a(hci_core.c.obj)
                0x000000000000763c                bt_hci_driver_register
 .text.bt_finalize_init
                0x0000000000007664       0xe0 zephyr/subsys/bluetooth/host/libsubsys__bluetooth__host.a(hci_core.c.obj)
                0x0000000000007664                bt_finalize_init
 .text.bt_init  0x0000000000007744      0x450 zephyr/subsys/bluetooth/host/libsubsys__bluetooth__host.a(hci_core.c.obj)
 .text.init_work
                0x0000000000007b94       0x18 zephyr/subsys/bluetooth/host/libsubsys__bluetooth__host.a(hci_core.c.obj)
 .text.bt_enable
                0x0000000000007bac       0xf0 zephyr/subsys/bluetooth/host/libsubsys__bluetooth__host.a(hci_core.c.obj)
                0x0000000000007bac                bt_enable
 .text.bt_set_name
                0x0000000000007c9c       0x9c zephyr/subsys/bluetooth/host/libsubsys__bluetooth__host.a(hci_core.c.obj)
                0x0000000000007c9c                bt_set_name
 .text.bt_get_name
                0x0000000000007d38        0x8 zephyr/subsys/bluetooth/host/libsubsys__bluetooth__host.a(hci_core.c.obj)
                0x0000000000007d38                bt_get_name
 .text.bt_id_create
                0x0000000000007d40       0x8c zephyr/subsys/bluetooth/host/libsubsys__bluetooth__host.a(hci_core.c.obj)
                0x0000000000007d40                bt_id_create
 .text.bt_setup_public_id_addr
                0x0000000000007dcc       0xa0 zephyr/subsys/bluetooth/host/libsubsys__bluetooth__host.a(hci_core.c.obj)
                0x0000000000007dcc                bt_setup_public_id_addr
 .text.bt_read_static_addr
                0x0000000000007e6c       0xb4 zephyr/subsys/bluetooth/host/libsubsys__bluetooth__host.a(hci_core.c.obj)
                0x0000000000007e6c                bt_read_static_addr
 .text.bt_setup_random_id_addr
                0x0000000000007f20       0x58 zephyr/subsys/bluetooth/host/libsubsys__bluetooth__host.a(hci_core.c.obj)
                0x0000000000007f20                bt_setup_random_id_addr
 .text.le_adv_set_random_addr
                0x0000000000007f78       0xb0 zephyr/subsys/bluetooth/host/libsubsys__bluetooth__host.a(hci_core.c.obj)
                0x0000000000007f78                le_adv_set_random_addr
 .text.bt_le_adv_start_legacy
                0x0000000000008028      0x20c zephyr/subsys/bluetooth/host/libsubsys__bluetooth__host.a(hci_core.c.obj)
                0x0000000000008028                bt_le_adv_start_legacy
 .text.bt_le_adv_stop
                0x0000000000008234       0xa0 zephyr/subsys/bluetooth/host/libsubsys__bluetooth__host.a(hci_core.c.obj)
                0x0000000000008234                bt_le_adv_stop
 .text.bt_le_adv_resume
                0x00000000000082d4       0x7c zephyr/subsys/bluetooth/host/libsubsys__bluetooth__host.a(hci_core.c.obj)
                0x00000000000082d4                bt_le_adv_resume
 .text.hci_disconn_complete
                0x0000000000008350       0x7c zephyr/subsys/bluetooth/host/libsubsys__bluetooth__host.a(hci_core.c.obj)
 .text.enh_conn_complete
                0x00000000000083cc      0x188 zephyr/subsys/bluetooth/host/libsubsys__bluetooth__host.a(hci_core.c.obj)
 .text.bt_le_scan_start
                0x0000000000008554      0x15c zephyr/subsys/bluetooth/host/libsubsys__bluetooth__host.a(hci_core.c.obj)
                0x0000000000008554                bt_le_scan_start
 .text.bt_le_scan_stop
                0x00000000000086b0       0x2c zephyr/subsys/bluetooth/host/libsubsys__bluetooth__host.a(hci_core.c.obj)
                0x00000000000086b0                bt_le_scan_stop
 .text.bt_buf_get_rx
                0x00000000000086dc       0x5c zephyr/subsys/bluetooth/host/libsubsys__bluetooth__host.a(hci_core.c.obj)
                0x00000000000086dc                bt_buf_get_rx
 .text.bt_buf_get_cmd_complete
                0x0000000000008738       0x4c zephyr/subsys/bluetooth/host/libsubsys__bluetooth__host.a(hci_core.c.obj)
                0x0000000000008738                bt_buf_get_cmd_complete
 .text.bt_buf_get_evt
                0x0000000000008784       0x50 zephyr/subsys/bluetooth/host/libsubsys__bluetooth__host.a(hci_core.c.obj)
                0x0000000000008784                bt_buf_get_evt
 .text.bt_pub_key_gen
                0x00000000000087d4       0xa0 zephyr/subsys/bluetooth/host/libsubsys__bluetooth__host.a(hci_core.c.obj)
                0x00000000000087d4                bt_pub_key_gen
 .text.bt_pub_key_get
                0x0000000000008874       0x1c zephyr/subsys/bluetooth/host/libsubsys__bluetooth__host.a(hci_core.c.obj)
                0x0000000000008874                bt_pub_key_get
 .text.bt_dh_key_gen
                0x0000000000008890       0x74 zephyr/subsys/bluetooth/host/libsubsys__bluetooth__host.a(hci_core.c.obj)
                0x0000000000008890                bt_dh_key_gen
 .text.tx_free  0x0000000000008904       0x14 zephyr/subsys/bluetooth/host/libsubsys__bluetooth__host.a(conn.c.obj)
 .text.notify_connected
                0x0000000000008918       0x2c zephyr/subsys/bluetooth/host/libsubsys__bluetooth__host.a(conn.c.obj)
 .text.send_frag
                0x0000000000008944      0x158 zephyr/subsys/bluetooth/host/libsubsys__bluetooth__host.a(conn.c.obj)
 .text.conn_cleanup
                0x0000000000008a9c       0x90 zephyr/subsys/bluetooth/host/libsubsys__bluetooth__host.a(conn.c.obj)
 .text.bt_conn_get_pkts
                0x0000000000008b2c        0x8 zephyr/subsys/bluetooth/host/libsubsys__bluetooth__host.a(conn.c.obj)
                0x0000000000008b2c                bt_conn_get_pkts
 .text.notify_le_param_updated
                0x0000000000008b34       0x68 zephyr/subsys/bluetooth/host/libsubsys__bluetooth__host.a(conn.c.obj)
                0x0000000000008b34                notify_le_param_updated
 .text.le_param_req
                0x0000000000008b9c       0x40 zephyr/subsys/bluetooth/host/libsubsys__bluetooth__host.a(conn.c.obj)
                0x0000000000008b9c                le_param_req
 .text.bt_conn_cb_register
                0x0000000000008bdc       0x10 zephyr/subsys/bluetooth/host/libsubsys__bluetooth__host.a(conn.c.obj)
                0x0000000000008bdc                bt_conn_cb_register
 .text.bt_conn_recv
                0x0000000000008bec      0x134 zephyr/subsys/bluetooth/host/libsubsys__bluetooth__host.a(conn.c.obj)
                0x0000000000008bec                bt_conn_recv
 .text.bt_conn_send_cb
                0x0000000000008d20       0xd4 zephyr/subsys/bluetooth/host/libsubsys__bluetooth__host.a(conn.c.obj)
                0x0000000000008d20                bt_conn_send_cb
 .text.bt_conn_prepare_events
                0x0000000000008df4       0x78 zephyr/subsys/bluetooth/host/libsubsys__bluetooth__host.a(conn.c.obj)
                0x0000000000008df4                bt_conn_prepare_events
 .text.bt_conn_add_le
                0x0000000000008e6c       0x7c zephyr/subsys/bluetooth/host/libsubsys__bluetooth__host.a(conn.c.obj)
                0x0000000000008e6c                bt_conn_add_le
 .text.bt_conn_set_state
                0x0000000000008ee8      0x194 zephyr/subsys/bluetooth/host/libsubsys__bluetooth__host.a(conn.c.obj)
                0x0000000000008ee8                bt_conn_set_state
 .text.bt_conn_lookup_handle
                0x000000000000907c       0x34 zephyr/subsys/bluetooth/host/libsubsys__bluetooth__host.a(conn.c.obj)
                0x000000000000907c                bt_conn_lookup_handle
 .text.bt_conn_lookup_addr_le
                0x00000000000090b0       0x38 zephyr/subsys/bluetooth/host/libsubsys__bluetooth__host.a(conn.c.obj)
                0x00000000000090b0                bt_conn_lookup_addr_le
 .text.bt_conn_lookup_state_le
                0x00000000000090e8       0x4c zephyr/subsys/bluetooth/host/libsubsys__bluetooth__host.a(conn.c.obj)
                0x00000000000090e8                bt_conn_lookup_state_le
 .text.send_conn_le_param_update
                0x0000000000009134       0x5c zephyr/subsys/bluetooth/host/libsubsys__bluetooth__host.a(conn.c.obj)
 .text.conn_update_timeout
                0x0000000000009190       0xb8 zephyr/subsys/bluetooth/host/libsubsys__bluetooth__host.a(conn.c.obj)
 .text.bt_conn_create_pdu_timeout
                0x0000000000009248       0x78 zephyr/subsys/bluetooth/host/libsubsys__bluetooth__host.a(conn.c.obj)
                0x0000000000009248                bt_conn_create_pdu_timeout
 .text.bt_conn_create_frag_timeout
                0x00000000000092c0       0x10 zephyr/subsys/bluetooth/host/libsubsys__bluetooth__host.a(conn.c.obj)
                0x00000000000092c0                bt_conn_create_frag_timeout
 .text.create_frag.isra.0
                0x00000000000092d0       0x68 zephyr/subsys/bluetooth/host/libsubsys__bluetooth__host.a(conn.c.obj)
 .text.bt_conn_process_tx
                0x0000000000009338       0xd0 zephyr/subsys/bluetooth/host/libsubsys__bluetooth__host.a(conn.c.obj)
                0x0000000000009338                bt_conn_process_tx
 .text.bt_conn_index
                0x0000000000009408       0x4c zephyr/subsys/bluetooth/host/libsubsys__bluetooth__host.a(conn.c.obj)
                0x0000000000009408                bt_conn_index
 .text.bt_conn_init
                0x0000000000009454       0x4c zephyr/subsys/bluetooth/host/libsubsys__bluetooth__host.a(conn.c.obj)
                0x0000000000009454                bt_conn_init
 .text.l2cap_accept
                0x00000000000094a0       0x44 zephyr/subsys/bluetooth/host/libsubsys__bluetooth__host.a(l2cap.c.obj)
 .text.l2cap_create_le_sig_pdu.isra.0
                0x00000000000094e4       0x50 zephyr/subsys/bluetooth/host/libsubsys__bluetooth__host.a(l2cap.c.obj)
 .text.l2cap_rtx_timeout
                0x0000000000009534       0x40 zephyr/subsys/bluetooth/host/libsubsys__bluetooth__host.a(l2cap.c.obj)
 .text.bt_l2cap_connected
                0x0000000000009574       0xe8 zephyr/subsys/bluetooth/host/libsubsys__bluetooth__host.a(l2cap.c.obj)
                0x0000000000009574                bt_l2cap_connected
 .text.l2cap_recv
                0x000000000000965c       0xe4 zephyr/subsys/bluetooth/host/libsubsys__bluetooth__host.a(l2cap.c.obj)
 .text.bt_l2cap_recv
                0x0000000000009740       0x70 zephyr/subsys/bluetooth/host/libsubsys__bluetooth__host.a(l2cap.c.obj)
                0x0000000000009740                bt_l2cap_recv
 .text.bt_l2cap_update_conn_param
                0x00000000000097b0       0x5c zephyr/subsys/bluetooth/host/libsubsys__bluetooth__host.a(l2cap.c.obj)
                0x00000000000097b0                bt_l2cap_update_conn_param
 .text.bt_att_destroy
                0x000000000000980c       0x18 zephyr/subsys/bluetooth/host/libsubsys__bluetooth__host.a(att.c.obj)
                0x000000000000980c                bt_att_destroy
 .text.find_type_cb
                0x0000000000009824      0x104 zephyr/subsys/bluetooth/host/libsubsys__bluetooth__host.a(att.c.obj)
 .text.bt_att_connected
                0x0000000000009928       0x28 zephyr/subsys/bluetooth/host/libsubsys__bluetooth__host.a(att.c.obj)
 .text.att_send
                0x0000000000009950       0x80 zephyr/subsys/bluetooth/host/libsubsys__bluetooth__host.a(att.c.obj)
 .text.att_get  0x00000000000099d0       0x3c zephyr/subsys/bluetooth/host/libsubsys__bluetooth__host.a(att.c.obj)
 .text.bt_att_accept
                0x0000000000009a0c       0x68 zephyr/subsys/bluetooth/host/libsubsys__bluetooth__host.a(att.c.obj)
 .text.att_chan_get
                0x0000000000009a74       0x78 zephyr/subsys/bluetooth/host/libsubsys__bluetooth__host.a(att.c.obj)
 .text.att_req_sent
                0x0000000000009aec       0x30 zephyr/subsys/bluetooth/host/libsubsys__bluetooth__host.a(att.c.obj)
                0x0000000000009aec                att_req_sent
 .text.att_send_req
                0x0000000000009b1c       0xec zephyr/subsys/bluetooth/host/libsubsys__bluetooth__host.a(att.c.obj)
 .text.att_write_cmd
                0x0000000000009c08       0x7c zephyr/subsys/bluetooth/host/libsubsys__bluetooth__host.a(att.c.obj)
 .text.bt_att_create_pdu
                0x0000000000009c84       0x8c zephyr/subsys/bluetooth/host/libsubsys__bluetooth__host.a(att.c.obj)
                0x0000000000009c84                bt_att_create_pdu
 .text.att_mtu_req
                0x0000000000009d10       0x60 zephyr/subsys/bluetooth/host/libsubsys__bluetooth__host.a(att.c.obj)
 .text.send_err_rsp.part.0
                0x0000000000009d70       0x44 zephyr/subsys/bluetooth/host/libsubsys__bluetooth__host.a(att.c.obj)
 .text.bt_att_recv
                0x0000000000009db4      0x158 zephyr/subsys/bluetooth/host/libsubsys__bluetooth__host.a(att.c.obj)
 .text.att_read_group_req
                0x0000000000009f0c      0x108 zephyr/subsys/bluetooth/host/libsubsys__bluetooth__host.a(att.c.obj)
 .text.att_read_mult_req
                0x000000000000a014       0x90 zephyr/subsys/bluetooth/host/libsubsys__bluetooth__host.a(att.c.obj)
 .text.att_read_rsp
                0x000000000000a0a4       0x98 zephyr/subsys/bluetooth/host/libsubsys__bluetooth__host.a(att.c.obj)
 .text.att_read_type_req
                0x000000000000a13c       0xcc zephyr/subsys/bluetooth/host/libsubsys__bluetooth__host.a(att.c.obj)
 .text.att_find_type_req
                0x000000000000a208       0xe8 zephyr/subsys/bluetooth/host/libsubsys__bluetooth__host.a(att.c.obj)
 .text.att_find_info_req
                0x000000000000a2f0       0x7c zephyr/subsys/bluetooth/host/libsubsys__bluetooth__host.a(att.c.obj)
 .text.att_write_req
                0x000000000000a36c       0xb8 zephyr/subsys/bluetooth/host/libsubsys__bluetooth__host.a(att.c.obj)
 .text.bt_att_req_alloc
                0x000000000000a424       0x2c zephyr/subsys/bluetooth/host/libsubsys__bluetooth__host.a(att.c.obj)
                0x000000000000a424                bt_att_req_alloc
 .text.bt_att_req_free
                0x000000000000a450       0x18 zephyr/subsys/bluetooth/host/libsubsys__bluetooth__host.a(att.c.obj)
                0x000000000000a450                bt_att_req_free
 .text.att_handle_rsp
                0x000000000000a468       0xac zephyr/subsys/bluetooth/host/libsubsys__bluetooth__host.a(att.c.obj)
 .text.att_timeout
                0x000000000000a514       0x3c zephyr/subsys/bluetooth/host/libsubsys__bluetooth__host.a(att.c.obj)
 .text.bt_att_send
                0x000000000000a550       0xa8 zephyr/subsys/bluetooth/host/libsubsys__bluetooth__host.a(att.c.obj)
                0x000000000000a550                bt_att_send
 .text.bt_att_req_send
                0x000000000000a5f8       0x8c zephyr/subsys/bluetooth/host/libsubsys__bluetooth__host.a(att.c.obj)
                0x000000000000a5f8                bt_att_req_send
 .text.sc_store
                0x000000000000a684       0x64 zephyr/subsys/bluetooth/host/libsubsys__bluetooth__host.a(gatt.c.obj)
 .text.sc_clear
                0x000000000000a6e8       0x78 zephyr/subsys/bluetooth/host/libsubsys__bluetooth__host.a(gatt.c.obj)
 .text.find_static_attr
                0x000000000000a760       0x80 zephyr/subsys/bluetooth/host/libsubsys__bluetooth__host.a(gatt.c.obj)
 .text.gatt_notify
                0x000000000000a7e0       0x74 zephyr/subsys/bluetooth/host/libsubsys__bluetooth__host.a(gatt.c.obj)
 .text.gatt_send.constprop.0
                0x000000000000a854       0x78 zephyr/subsys/bluetooth/host/libsubsys__bluetooth__host.a(gatt.c.obj)
 .text.gatt_indicate
                0x000000000000a8cc       0x80 zephyr/subsys/bluetooth/host/libsubsys__bluetooth__host.a(gatt.c.obj)
 .text.ccc_save
                0x000000000000a94c       0x38 zephyr/subsys/bluetooth/host/libsubsys__bluetooth__host.a(gatt.c.obj)
 .text.find_sc_cfg
                0x000000000000a984       0x20 zephyr/subsys/bluetooth/host/libsubsys__bluetooth__host.a(gatt.c.obj)
 .text.ccc_load
                0x000000000000a9a4       0x90 zephyr/subsys/bluetooth/host/libsubsys__bluetooth__host.a(gatt.c.obj)
 .text.sc_indicate_rsp
                0x000000000000aa34       0x40 zephyr/subsys/bluetooth/host/libsubsys__bluetooth__host.a(gatt.c.obj)
 .text.read_ppcp
                0x000000000000aa74       0x38 zephyr/subsys/bluetooth/host/libsubsys__bluetooth__host.a(gatt.c.obj)
 .text.disconnected_cb
                0x000000000000aaac       0x8c zephyr/subsys/bluetooth/host/libsubsys__bluetooth__host.a(gatt.c.obj)
 .text.sc_save  0x000000000000ab38       0x8c zephyr/subsys/bluetooth/host/libsubsys__bluetooth__host.a(gatt.c.obj)
 .text.notify_cb
                0x000000000000abc4       0xc0 zephyr/subsys/bluetooth/host/libsubsys__bluetooth__host.a(gatt.c.obj)
 .text.bt_gatt_attr_write_ccc
                0x000000000000ac84       0xc8 zephyr/subsys/bluetooth/host/libsubsys__bluetooth__host.a(gatt.c.obj)
                0x000000000000ac84                bt_gatt_attr_write_ccc
 .text.sc_set   0x000000000000ad4c      0x108 zephyr/subsys/bluetooth/host/libsubsys__bluetooth__host.a(gatt.c.obj)
 .text.sc_commit
                0x000000000000ae54       0x44 zephyr/subsys/bluetooth/host/libsubsys__bluetooth__host.a(gatt.c.obj)
 .text.sc_indicate
                0x000000000000ae98       0x68 zephyr/subsys/bluetooth/host/libsubsys__bluetooth__host.a(gatt.c.obj)
 .text.bt_gatt_init
                0x000000000000af00       0xb0 zephyr/subsys/bluetooth/host/libsubsys__bluetooth__host.a(gatt.c.obj)
                0x000000000000af00                bt_gatt_init
 .text.bt_gatt_service_unregister
                0x000000000000afb0       0x8c zephyr/subsys/bluetooth/host/libsubsys__bluetooth__host.a(gatt.c.obj)
                0x000000000000afb0                bt_gatt_service_unregister
 .text.bt_gatt_attr_value_handle
                0x000000000000b03c       0x30 zephyr/subsys/bluetooth/host/libsubsys__bluetooth__host.a(gatt.c.obj)
                0x000000000000b03c                bt_gatt_attr_value_handle
 .text.bt_gatt_foreach_attr_type
                0x000000000000b06c      0x194 zephyr/subsys/bluetooth/host/libsubsys__bluetooth__host.a(gatt.c.obj)
                0x000000000000b06c                bt_gatt_foreach_attr_type
 .text.bt_gatt_service_register
                0x000000000000b200      0x1fc zephyr/subsys/bluetooth/host/libsubsys__bluetooth__host.a(gatt.c.obj)
                0x000000000000b200                bt_gatt_service_register
 .text.ccc_set_direct
                0x000000000000b3fc      0x110 zephyr/subsys/bluetooth/host/libsubsys__bluetooth__host.a(gatt.c.obj)
 .text.bt_gatt_notify_cb
                0x000000000000b50c      0x14c zephyr/subsys/bluetooth/host/libsubsys__bluetooth__host.a(gatt.c.obj)
                0x000000000000b50c                bt_gatt_notify_cb
 .text.bt_gatt_indicate
                0x000000000000b658      0x150 zephyr/subsys/bluetooth/host/libsubsys__bluetooth__host.a(gatt.c.obj)
                0x000000000000b658                bt_gatt_indicate
 .text.sc_process
                0x000000000000b7a8       0xb4 zephyr/subsys/bluetooth/host/libsubsys__bluetooth__host.a(gatt.c.obj)
 .text.update_ccc
                0x000000000000b85c       0xf8 zephyr/subsys/bluetooth/host/libsubsys__bluetooth__host.a(gatt.c.obj)
 .text.bt_gatt_connected
                0x000000000000b954       0x64 zephyr/subsys/bluetooth/host/libsubsys__bluetooth__host.a(gatt.c.obj)
                0x000000000000b954                bt_gatt_connected
 .text.bt_gatt_store_ccc
                0x000000000000b9b8       0x88 zephyr/subsys/bluetooth/host/libsubsys__bluetooth__host.a(gatt.c.obj)
                0x000000000000b9b8                bt_gatt_store_ccc
 .text.bt_gatt_disconnected
                0x000000000000ba40       0x34 zephyr/subsys/bluetooth/host/libsubsys__bluetooth__host.a(gatt.c.obj)
                0x000000000000ba40                bt_gatt_disconnected
 .text.bt_smp_accept
                0x000000000000ba74       0x44 zephyr/subsys/bluetooth/host/libsubsys__bluetooth__host.a(smp_null.c.obj)
 .text.bt_mesh_reset
                0x000000000000bab8       0x6c zephyr/subsys/bluetooth/mesh/libsubsys__bluetooth__mesh.a(main.c.obj)
                0x000000000000bab8                bt_mesh_reset
 .text.bt_mesh_is_provisioned
                0x000000000000bb24       0x18 zephyr/subsys/bluetooth/mesh/libsubsys__bluetooth__mesh.a(main.c.obj)
                0x000000000000bb24                bt_mesh_is_provisioned
 .text.bt_mesh_start
                0x000000000000bb3c       0x18 zephyr/subsys/bluetooth/mesh/libsubsys__bluetooth__mesh.a(main.c.obj)
                0x000000000000bb3c                bt_mesh_start
 .text.bt_mesh_provision
                0x000000000000bb54       0xfc zephyr/subsys/bluetooth/mesh/libsubsys__bluetooth__mesh.a(main.c.obj)
                0x000000000000bb54                bt_mesh_provision
 .text.adv_alloc
                0x000000000000bc50       0x10 zephyr/subsys/bluetooth/mesh/libsubsys__bluetooth__mesh.a(adv.c.obj)
 .text.adv_thread
                0x000000000000bc60      0x140 zephyr/subsys/bluetooth/mesh/libsubsys__bluetooth__mesh.a(adv.c.obj)
 .text.bt_mesh_scan_cb
                0x000000000000bda0       0xa0 zephyr/subsys/bluetooth/mesh/libsubsys__bluetooth__mesh.a(adv.c.obj)
 .text.bt_mesh_adv_update
                0x000000000000be40        0xc zephyr/subsys/bluetooth/mesh/libsubsys__bluetooth__mesh.a(adv.c.obj)
                0x000000000000be40                bt_mesh_adv_update
 .text.bt_mesh_adv_create_from_pool
                0x000000000000be4c       0x74 zephyr/subsys/bluetooth/mesh/libsubsys__bluetooth__mesh.a(adv.c.obj)
                0x000000000000be4c                bt_mesh_adv_create_from_pool
 .text.bt_mesh_adv_create
                0x000000000000bec0       0x20 zephyr/subsys/bluetooth/mesh/libsubsys__bluetooth__mesh.a(adv.c.obj)
                0x000000000000bec0                bt_mesh_adv_create
 .text.bt_mesh_adv_send
                0x000000000000bee0       0x28 zephyr/subsys/bluetooth/mesh/libsubsys__bluetooth__mesh.a(adv.c.obj)
                0x000000000000bee0                bt_mesh_adv_send
 .text.bt_mesh_adv_init
                0x000000000000bf08       0x44 zephyr/subsys/bluetooth/mesh/libsubsys__bluetooth__mesh.a(adv.c.obj)
                0x000000000000bf08                bt_mesh_adv_init
 .text.bt_mesh_scan_enable
                0x000000000000bf4c       0x74 zephyr/subsys/bluetooth/mesh/libsubsys__bluetooth__mesh.a(adv.c.obj)
                0x000000000000bf4c                bt_mesh_scan_enable
 .text.bt_mesh_scan_disable
                0x000000000000bfc0       0x3c zephyr/subsys/bluetooth/mesh/libsubsys__bluetooth__mesh.a(adv.c.obj)
                0x000000000000bfc0                bt_mesh_scan_disable
 .text.k_work_submit_to_queue.constprop.0
                0x000000000000bffc       0x30 zephyr/subsys/bluetooth/mesh/libsubsys__bluetooth__mesh.a(beacon.c.obj)
 .text.bt_mesh_beacon_create
                0x000000000000c02c       0x54 zephyr/subsys/bluetooth/mesh/libsubsys__bluetooth__mesh.a(beacon.c.obj)
                0x000000000000c02c                bt_mesh_beacon_create
 .text.beacon_send
                0x000000000000c080      0x264 zephyr/subsys/bluetooth/mesh/libsubsys__bluetooth__mesh.a(beacon.c.obj)
 .text.bt_mesh_beacon_init
                0x000000000000c2e4       0x10 zephyr/subsys/bluetooth/mesh/libsubsys__bluetooth__mesh.a(beacon.c.obj)
                0x000000000000c2e4                bt_mesh_beacon_init
 .text.bt_mesh_beacon_ivu_initiator
                0x000000000000c2f4       0x54 zephyr/subsys/bluetooth/mesh/libsubsys__bluetooth__mesh.a(beacon.c.obj)
                0x000000000000c2f4                bt_mesh_beacon_ivu_initiator
 .text.bt_mesh_beacon_recv
                0x000000000000c348      0x218 zephyr/subsys/bluetooth/mesh/libsubsys__bluetooth__mesh.a(beacon.c.obj)
                0x000000000000c348                bt_mesh_beacon_recv
 .text.bt_mesh_beacon_enable
                0x000000000000c560       0x4c zephyr/subsys/bluetooth/mesh/libsubsys__bluetooth__mesh.a(beacon.c.obj)
                0x000000000000c560                bt_mesh_beacon_enable
 .text.bt_mesh_beacon_disable
                0x000000000000c5ac       0x20 zephyr/subsys/bluetooth/mesh/libsubsys__bluetooth__mesh.a(beacon.c.obj)
                0x000000000000c5ac                bt_mesh_beacon_disable
 .text.auth_match
                0x000000000000c5cc       0x90 zephyr/subsys/bluetooth/mesh/libsubsys__bluetooth__mesh.a(net.c.obj)
 .text.atomic_get.constprop.0
                0x000000000000c65c       0x14 zephyr/subsys/bluetooth/mesh/libsubsys__bluetooth__mesh.a(net.c.obj)
 .text.net_decrypt.isra.0
                0x000000000000c670       0xf4 zephyr/subsys/bluetooth/mesh/libsubsys__bluetooth__mesh.a(net.c.obj)
 .text.bt_mesh_subnet_get
                0x000000000000c764       0x40 zephyr/subsys/bluetooth/mesh/libsubsys__bluetooth__mesh.a(net.c.obj)
                0x000000000000c764                bt_mesh_subnet_get
 .text.bt_mesh_net_keys_create
                0x000000000000c7a4       0xdc zephyr/subsys/bluetooth/mesh/libsubsys__bluetooth__mesh.a(net.c.obj)
                0x000000000000c7a4                bt_mesh_net_keys_create
 .text.friend_cred_set
                0x000000000000c880       0xa4 zephyr/subsys/bluetooth/mesh/libsubsys__bluetooth__mesh.a(net.c.obj)
                0x000000000000c880                friend_cred_set
 .text.friend_cred_refresh
                0x000000000000c924       0x48 zephyr/subsys/bluetooth/mesh/libsubsys__bluetooth__mesh.a(net.c.obj)
                0x000000000000c924                friend_cred_refresh
 .text.friend_cred_update
                0x000000000000c96c       0x50 zephyr/subsys/bluetooth/mesh/libsubsys__bluetooth__mesh.a(net.c.obj)
                0x000000000000c96c                friend_cred_update
 .text.friend_cred_create
                0x000000000000c9bc       0xa4 zephyr/subsys/bluetooth/mesh/libsubsys__bluetooth__mesh.a(net.c.obj)
                0x000000000000c9bc                friend_cred_create
 .text.friend_cred_del
                0x000000000000ca60       0x3c zephyr/subsys/bluetooth/mesh/libsubsys__bluetooth__mesh.a(net.c.obj)
                0x000000000000ca60                friend_cred_del
 .text.friend_cred_get
                0x000000000000ca9c       0x7c zephyr/subsys/bluetooth/mesh/libsubsys__bluetooth__mesh.a(net.c.obj)
                0x000000000000ca9c                friend_cred_get
 .text.bt_mesh_net_beacon_update
                0x000000000000cb18       0x34 zephyr/subsys/bluetooth/mesh/libsubsys__bluetooth__mesh.a(net.c.obj)
                0x000000000000cb18                bt_mesh_net_beacon_update
 .text.bt_mesh_net_create
                0x000000000000cb4c       0xb4 zephyr/subsys/bluetooth/mesh/libsubsys__bluetooth__mesh.a(net.c.obj)
                0x000000000000cb4c                bt_mesh_net_create
 .text.bt_mesh_net_revoke_keys
                0x000000000000cc00       0x80 zephyr/subsys/bluetooth/mesh/libsubsys__bluetooth__mesh.a(net.c.obj)
                0x000000000000cc00                bt_mesh_net_revoke_keys
 .text.bt_mesh_kr_update
                0x000000000000cc80       0x6c zephyr/subsys/bluetooth/mesh/libsubsys__bluetooth__mesh.a(net.c.obj)
                0x000000000000cc80                bt_mesh_kr_update
 .text.bt_mesh_rpl_reset
                0x000000000000ccec       0x38 zephyr/subsys/bluetooth/mesh/libsubsys__bluetooth__mesh.a(net.c.obj)
                0x000000000000ccec                bt_mesh_rpl_reset
 .text.bt_mesh_net_iv_update
                0x000000000000cd24      0x1cc zephyr/subsys/bluetooth/mesh/libsubsys__bluetooth__mesh.a(net.c.obj)
                0x000000000000cd24                bt_mesh_net_iv_update
 .text.ivu_refresh
                0x000000000000cef0       0x5c zephyr/subsys/bluetooth/mesh/libsubsys__bluetooth__mesh.a(net.c.obj)
 .text.bt_mesh_next_seq
                0x000000000000cf4c       0x4c zephyr/subsys/bluetooth/mesh/libsubsys__bluetooth__mesh.a(net.c.obj)
                0x000000000000cf4c                bt_mesh_next_seq
 .text.bt_mesh_net_encode
                0x000000000000cf98      0x174 zephyr/subsys/bluetooth/mesh/libsubsys__bluetooth__mesh.a(net.c.obj)
                0x000000000000cf98                bt_mesh_net_encode
 .text.bt_mesh_net_send
                0x000000000000d10c       0xfc zephyr/subsys/bluetooth/mesh/libsubsys__bluetooth__mesh.a(net.c.obj)
                0x000000000000d10c                bt_mesh_net_send
 .text.bt_mesh_subnet_find
                0x000000000000d208       0xb8 zephyr/subsys/bluetooth/mesh/libsubsys__bluetooth__mesh.a(net.c.obj)
                0x000000000000d208                bt_mesh_subnet_find
 .text.bt_mesh_net_decode
                0x000000000000d2c0      0x338 zephyr/subsys/bluetooth/mesh/libsubsys__bluetooth__mesh.a(net.c.obj)
                0x000000000000d2c0                bt_mesh_net_decode
 .text.bt_mesh_net_recv
                0x000000000000d5f8      0x2b0 zephyr/subsys/bluetooth/mesh/libsubsys__bluetooth__mesh.a(net.c.obj)
                0x000000000000d5f8                bt_mesh_net_recv
 .text.bt_mesh_net_local
                0x000000000000d8a8       0x28 zephyr/subsys/bluetooth/mesh/libsubsys__bluetooth__mesh.a(net.c.obj)
 .text.bt_mesh_net_start
                0x000000000000d8d0       0x44 zephyr/subsys/bluetooth/mesh/libsubsys__bluetooth__mesh.a(net.c.obj)
                0x000000000000d8d0                bt_mesh_net_start
 .text.bt_mesh_net_init
                0x000000000000d914       0x28 zephyr/subsys/bluetooth/mesh/libsubsys__bluetooth__mesh.a(net.c.obj)
                0x000000000000d914                bt_mesh_net_init
 .text.send_unseg
                0x000000000000d93c       0x98 zephyr/subsys/bluetooth/mesh/libsubsys__bluetooth__mesh.a(transport.c.obj)
 .text.seg_rx_reset
                0x000000000000d9d4       0x50 zephyr/subsys/bluetooth/mesh/libsubsys__bluetooth__mesh.a(transport.c.obj)
 .text.app_key_decrypt.constprop.0
                0x000000000000da24       0x90 zephyr/subsys/bluetooth/mesh/libsubsys__bluetooth__mesh.a(transport.c.obj)
 .text.seg_tx_reset
                0x000000000000dab4       0xa8 zephyr/subsys/bluetooth/mesh/libsubsys__bluetooth__mesh.a(transport.c.obj)
 .text.seg_tx_complete
                0x000000000000db5c       0xb8 zephyr/subsys/bluetooth/mesh/libsubsys__bluetooth__mesh.a(transport.c.obj)
 .text.schedule_retransmit
                0x000000000000dc14       0x8c zephyr/subsys/bluetooth/mesh/libsubsys__bluetooth__mesh.a(transport.c.obj)
 .text.seg_tx_send_unacked
                0x000000000000dca0      0x1c4 zephyr/subsys/bluetooth/mesh/libsubsys__bluetooth__mesh.a(transport.c.obj)
 .text.ctl_recv
                0x000000000000de64      0x2ec zephyr/subsys/bluetooth/mesh/libsubsys__bluetooth__mesh.a(transport.c.obj)
 .text.send_seg
                0x000000000000e150      0x228 zephyr/subsys/bluetooth/mesh/libsubsys__bluetooth__mesh.a(transport.c.obj)
 .text.is_replay
                0x000000000000e378       0xb0 zephyr/subsys/bluetooth/mesh/libsubsys__bluetooth__mesh.a(transport.c.obj)
 .text.bt_mesh_set_hb_sub_dst
                0x000000000000e428        0xc zephyr/subsys/bluetooth/mesh/libsubsys__bluetooth__mesh.a(transport.c.obj)
                0x000000000000e428                bt_mesh_set_hb_sub_dst
 .text.bt_mesh_tx_in_progress
                0x000000000000e434       0x18 zephyr/subsys/bluetooth/mesh/libsubsys__bluetooth__mesh.a(transport.c.obj)
                0x000000000000e434                bt_mesh_tx_in_progress
 .text.bt_mesh_app_key_find
                0x000000000000e44c       0x48 zephyr/subsys/bluetooth/mesh/libsubsys__bluetooth__mesh.a(transport.c.obj)
                0x000000000000e44c                bt_mesh_app_key_find
 .text.send_ack
                0x000000000000e494       0xc4 zephyr/subsys/bluetooth/mesh/libsubsys__bluetooth__mesh.a(transport.c.obj)
 .text.seg_ack  0x000000000000e558       0xa0 zephyr/subsys/bluetooth/mesh/libsubsys__bluetooth__mesh.a(transport.c.obj)
 .text.bt_mesh_trans_recv
                0x000000000000e5f8      0x8b4 zephyr/subsys/bluetooth/mesh/libsubsys__bluetooth__mesh.a(transport.c.obj)
                0x000000000000e5f8                bt_mesh_trans_recv
 .text.bt_mesh_rx_reset
                0x000000000000eeac       0x24 zephyr/subsys/bluetooth/mesh/libsubsys__bluetooth__mesh.a(transport.c.obj)
                0x000000000000eeac                bt_mesh_rx_reset
 .text.bt_mesh_tx_reset
                0x000000000000eed0       0x1c zephyr/subsys/bluetooth/mesh/libsubsys__bluetooth__mesh.a(transport.c.obj)
                0x000000000000eed0                bt_mesh_tx_reset
 .text.bt_mesh_trans_init
                0x000000000000eeec       0x48 zephyr/subsys/bluetooth/mesh/libsubsys__bluetooth__mesh.a(transport.c.obj)
                0x000000000000eeec                bt_mesh_trans_init
 .text.bt_mesh_heartbeat_send
                0x000000000000ef34       0xb0 zephyr/subsys/bluetooth/mesh/libsubsys__bluetooth__mesh.a(transport.c.obj)
                0x000000000000ef34                bt_mesh_heartbeat_send
 .text.bt_mesh_app_key_get
                0x000000000000efe4       0x6c zephyr/subsys/bluetooth/mesh/libsubsys__bluetooth__mesh.a(transport.c.obj)
                0x000000000000efe4                bt_mesh_app_key_get
 .text.bt_mesh_trans_send
                0x000000000000f050      0x15c zephyr/subsys/bluetooth/mesh/libsubsys__bluetooth__mesh.a(transport.c.obj)
                0x000000000000f050                bt_mesh_trans_send
 .text.bt_mesh_k2
                0x000000000000f1ac       0xb0 zephyr/subsys/bluetooth/mesh/libsubsys__bluetooth__mesh.a(crypto.c.obj)
                0x000000000000f1ac                bt_mesh_k2
 .text.bt_mesh_k3
                0x000000000000f25c       0x5c zephyr/subsys/bluetooth/mesh/libsubsys__bluetooth__mesh.a(crypto.c.obj)
                0x000000000000f25c                bt_mesh_k3
 .text.bt_mesh_k4
                0x000000000000f2b8       0x50 zephyr/subsys/bluetooth/mesh/libsubsys__bluetooth__mesh.a(crypto.c.obj)
                0x000000000000f2b8                bt_mesh_k4
 .text.bt_mesh_id128
                0x000000000000f308       0x2c zephyr/subsys/bluetooth/mesh/libsubsys__bluetooth__mesh.a(crypto.c.obj)
                0x000000000000f308                bt_mesh_id128
 .text.bt_mesh_net_obfuscate
                0x000000000000f334       0x68 zephyr/subsys/bluetooth/mesh/libsubsys__bluetooth__mesh.a(crypto.c.obj)
                0x000000000000f334                bt_mesh_net_obfuscate
 .text.bt_mesh_fcs_calc
                0x000000000000f39c       0x20 zephyr/subsys/bluetooth/mesh/libsubsys__bluetooth__mesh.a(crypto.c.obj)
                0x000000000000f39c                bt_mesh_fcs_calc
 .text.bt_mesh_fcs_check
                0x000000000000f3bc       0x2c zephyr/subsys/bluetooth/mesh/libsubsys__bluetooth__mesh.a(crypto.c.obj)
                0x000000000000f3bc                bt_mesh_fcs_check
 .text.bt_mesh_virtual_addr
                0x000000000000f3e8       0x48 zephyr/subsys/bluetooth/mesh/libsubsys__bluetooth__mesh.a(crypto.c.obj)
                0x000000000000f3e8                bt_mesh_virtual_addr
 .text.bt_mesh_prov_conf_key
                0x000000000000f430       0x18 zephyr/subsys/bluetooth/mesh/libsubsys__bluetooth__mesh.a(crypto.c.obj)
                0x000000000000f430                bt_mesh_prov_conf_key
 .text.mod_init
                0x000000000000f448       0x54 zephyr/subsys/bluetooth/mesh/libsubsys__bluetooth__mesh.a(access.c.obj)
 .text.model_send
                0x000000000000f49c       0xec zephyr/subsys/bluetooth/mesh/libsubsys__bluetooth__mesh.a(access.c.obj)
 .text.publish_start
                0x000000000000f588       0x40 zephyr/subsys/bluetooth/mesh/libsubsys__bluetooth__mesh.a(access.c.obj)
 .text.bt_mesh_model_foreach
                0x000000000000f5c8       0x74 zephyr/subsys/bluetooth/mesh/libsubsys__bluetooth__mesh.a(access.c.obj)
                0x000000000000f5c8                bt_mesh_model_foreach
 .text.bt_mesh_model_pub_period_get
                0x000000000000f63c       0x48 zephyr/subsys/bluetooth/mesh/libsubsys__bluetooth__mesh.a(access.c.obj)
                0x000000000000f63c                bt_mesh_model_pub_period_get
 .text.publish_sent
                0x000000000000f684       0x6c zephyr/subsys/bluetooth/mesh/libsubsys__bluetooth__mesh.a(access.c.obj)
 .text.bt_mesh_model_elem
                0x000000000000f6f0       0x14 zephyr/subsys/bluetooth/mesh/libsubsys__bluetooth__mesh.a(access.c.obj)
                0x000000000000f6f0                bt_mesh_model_elem
 .text.bt_mesh_model_get
                0x000000000000f704       0x8c zephyr/subsys/bluetooth/mesh/libsubsys__bluetooth__mesh.a(access.c.obj)
                0x000000000000f704                bt_mesh_model_get
 .text.bt_mesh_comp_register
                0x000000000000f790       0x24 zephyr/subsys/bluetooth/mesh/libsubsys__bluetooth__mesh.a(access.c.obj)
                0x000000000000f790                bt_mesh_comp_register
 .text.bt_mesh_comp_provision
                0x000000000000f7b4       0x2c zephyr/subsys/bluetooth/mesh/libsubsys__bluetooth__mesh.a(access.c.obj)
                0x000000000000f7b4                bt_mesh_comp_provision
 .text.bt_mesh_comp_unprovision
                0x000000000000f7e0       0x14 zephyr/subsys/bluetooth/mesh/libsubsys__bluetooth__mesh.a(access.c.obj)
                0x000000000000f7e0                bt_mesh_comp_unprovision
 .text.bt_mesh_primary_addr
                0x000000000000f7f4        0xc zephyr/subsys/bluetooth/mesh/libsubsys__bluetooth__mesh.a(access.c.obj)
                0x000000000000f7f4                bt_mesh_primary_addr
 .text.bt_mesh_elem_find
                0x000000000000f800       0x9c zephyr/subsys/bluetooth/mesh/libsubsys__bluetooth__mesh.a(access.c.obj)
                0x000000000000f800                bt_mesh_elem_find
 .text.bt_mesh_elem_count
                0x000000000000f89c        0xc zephyr/subsys/bluetooth/mesh/libsubsys__bluetooth__mesh.a(access.c.obj)
                0x000000000000f89c                bt_mesh_elem_count
 .text.bt_mesh_model_recv
                0x000000000000f8a8      0x1b8 zephyr/subsys/bluetooth/mesh/libsubsys__bluetooth__mesh.a(access.c.obj)
                0x000000000000f8a8                bt_mesh_model_recv
 .text.bt_mesh_model_publish
                0x000000000000fa60      0x110 zephyr/subsys/bluetooth/mesh/libsubsys__bluetooth__mesh.a(access.c.obj)
                0x000000000000fa60                bt_mesh_model_publish
 .text.mod_publish
                0x000000000000fb70      0x184 zephyr/subsys/bluetooth/mesh/libsubsys__bluetooth__mesh.a(access.c.obj)
 .text.bt_mesh_comp_get
                0x000000000000fcf4        0xc zephyr/subsys/bluetooth/mesh/libsubsys__bluetooth__mesh.a(access.c.obj)
                0x000000000000fcf4                bt_mesh_comp_get
 .text.app_key_is_valid
                0x000000000000fd00       0x3c zephyr/subsys/bluetooth/mesh/libsubsys__bluetooth__mesh.a(cfg_srv.c.obj)
 .text.node_identity_get
                0x000000000000fd3c       0xb0 zephyr/subsys/bluetooth/mesh/libsubsys__bluetooth__mesh.a(cfg_srv.c.obj)
 .text.app_key_get
                0x000000000000fdec       0xe0 zephyr/subsys/bluetooth/mesh/libsubsys__bluetooth__mesh.a(cfg_srv.c.obj)
 .text.hb_pub_send_status
                0x000000000000fecc       0xcc zephyr/subsys/bluetooth/mesh/libsubsys__bluetooth__mesh.a(cfg_srv.c.obj)
 .text.send_mod_sub_status
                0x000000000000ff98       0xa0 zephyr/subsys/bluetooth/mesh/libsubsys__bluetooth__mesh.a(cfg_srv.c.obj)
 .text.node_reset
                0x0000000000010038       0x58 zephyr/subsys/bluetooth/mesh/libsubsys__bluetooth__mesh.a(cfg_srv.c.obj)
 .text.node_identity_set
                0x0000000000010090       0xf4 zephyr/subsys/bluetooth/mesh/libsubsys__bluetooth__mesh.a(cfg_srv.c.obj)
 .text.mod_sub_get_vnd
                0x0000000000010184       0xfc zephyr/subsys/bluetooth/mesh/libsubsys__bluetooth__mesh.a(cfg_srv.c.obj)
 .text.mod_sub_get
                0x0000000000010280       0xec zephyr/subsys/bluetooth/mesh/libsubsys__bluetooth__mesh.a(cfg_srv.c.obj)
 .text.cfg_srv_init
                0x000000000001036c       0xa8 zephyr/subsys/bluetooth/mesh/libsubsys__bluetooth__mesh.a(cfg_srv.c.obj)
 .text.send_krp_status
                0x0000000000010414       0x70 zephyr/subsys/bluetooth/mesh/libsubsys__bluetooth__mesh.a(cfg_srv.c.obj)
 .text.krp_get  0x0000000000010484       0x5c zephyr/subsys/bluetooth/mesh/libsubsys__bluetooth__mesh.a(cfg_srv.c.obj)
 .text.krp_set  0x00000000000104e0       0xd0 zephyr/subsys/bluetooth/mesh/libsubsys__bluetooth__mesh.a(cfg_srv.c.obj)
 .text.send_friend_status
                0x00000000000105b0       0x5c zephyr/subsys/bluetooth/mesh/libsubsys__bluetooth__mesh.a(cfg_srv.c.obj)
 .text.friend_set
                0x000000000001060c       0x6c zephyr/subsys/bluetooth/mesh/libsubsys__bluetooth__mesh.a(cfg_srv.c.obj)
 .text.net_key_get
                0x0000000000010678       0x84 zephyr/subsys/bluetooth/mesh/libsubsys__bluetooth__mesh.a(cfg_srv.c.obj)
 .text.send_net_key_status
                0x00000000000106fc       0x68 zephyr/subsys/bluetooth/mesh/libsubsys__bluetooth__mesh.a(cfg_srv.c.obj)
 .text.net_key_update
                0x0000000000010764       0xc4 zephyr/subsys/bluetooth/mesh/libsubsys__bluetooth__mesh.a(cfg_srv.c.obj)
 .text.net_key_add
                0x0000000000010828       0xcc zephyr/subsys/bluetooth/mesh/libsubsys__bluetooth__mesh.a(cfg_srv.c.obj)
 .text.send_mod_pub_status.isra.0
                0x00000000000108f4       0xf0 zephyr/subsys/bluetooth/mesh/libsubsys__bluetooth__mesh.a(cfg_srv.c.obj)
 .text.lpn_timeout_get
                0x00000000000109e4       0x88 zephyr/subsys/bluetooth/mesh/libsubsys__bluetooth__mesh.a(cfg_srv.c.obj)
 .text.mod_app_get
                0x0000000000010a6c      0x104 zephyr/subsys/bluetooth/mesh/libsubsys__bluetooth__mesh.a(cfg_srv.c.obj)
 .text.mod_app_bind
                0x0000000000010b70      0x11c zephyr/subsys/bluetooth/mesh/libsubsys__bluetooth__mesh.a(cfg_srv.c.obj)
 .text.mod_sub_del_all
                0x0000000000010c8c       0x9c zephyr/subsys/bluetooth/mesh/libsubsys__bluetooth__mesh.a(cfg_srv.c.obj)
 .text.mod_sub_overwrite
                0x0000000000010d28       0xb8 zephyr/subsys/bluetooth/mesh/libsubsys__bluetooth__mesh.a(cfg_srv.c.obj)
 .text.mod_sub_del
                0x0000000000010de0       0xc8 zephyr/subsys/bluetooth/mesh/libsubsys__bluetooth__mesh.a(cfg_srv.c.obj)
 .text.mod_sub_add
                0x0000000000010ea8       0xc4 zephyr/subsys/bluetooth/mesh/libsubsys__bluetooth__mesh.a(cfg_srv.c.obj)
 .text.mod_pub_get
                0x0000000000010f6c       0x98 zephyr/subsys/bluetooth/mesh/libsubsys__bluetooth__mesh.a(cfg_srv.c.obj)
 .text.mod_sub_list_visitor
                0x0000000000011004       0x64 zephyr/subsys/bluetooth/mesh/libsubsys__bluetooth__mesh.a(cfg_srv.c.obj)
 .text.dev_comp_data_get
                0x0000000000011068      0x138 zephyr/subsys/bluetooth/mesh/libsubsys__bluetooth__mesh.a(cfg_srv.c.obj)
 .text.hb_publish
                0x00000000000111a0       0x78 zephyr/subsys/bluetooth/mesh/libsubsys__bluetooth__mesh.a(cfg_srv.c.obj)
 .text.va_add   0x0000000000011218       0x74 zephyr/subsys/bluetooth/mesh/libsubsys__bluetooth__mesh.a(cfg_srv.c.obj)
 .text.mod_sub_va_overwrite
                0x000000000001128c       0xd0 zephyr/subsys/bluetooth/mesh/libsubsys__bluetooth__mesh.a(cfg_srv.c.obj)
 .text.mod_sub_va_add
                0x000000000001135c       0xdc zephyr/subsys/bluetooth/mesh/libsubsys__bluetooth__mesh.a(cfg_srv.c.obj)
 .text.heartbeat_pub_set
                0x0000000000011438      0x128 zephyr/subsys/bluetooth/mesh/libsubsys__bluetooth__mesh.a(cfg_srv.c.obj)
 .text._mod_pub_set
                0x0000000000011560       0xb8 zephyr/subsys/bluetooth/mesh/libsubsys__bluetooth__mesh.a(cfg_srv.c.obj)
 .text.mod_app_unbind
                0x0000000000011618       0xd4 zephyr/subsys/bluetooth/mesh/libsubsys__bluetooth__mesh.a(cfg_srv.c.obj)
 .text.mod_pub_set
                0x00000000000116ec       0xfc zephyr/subsys/bluetooth/mesh/libsubsys__bluetooth__mesh.a(cfg_srv.c.obj)
 .text.mod_pub_va_set
                0x00000000000117e8      0x11c zephyr/subsys/bluetooth/mesh/libsubsys__bluetooth__mesh.a(cfg_srv.c.obj)
 .text.va_del   0x0000000000011904       0x40 zephyr/subsys/bluetooth/mesh/libsubsys__bluetooth__mesh.a(cfg_srv.c.obj)
 .text.mod_sub_va_del
                0x0000000000011944       0xd8 zephyr/subsys/bluetooth/mesh/libsubsys__bluetooth__mesh.a(cfg_srv.c.obj)
 .text.hb_sub_send_status.constprop.0
                0x0000000000011a1c      0x10c zephyr/subsys/bluetooth/mesh/libsubsys__bluetooth__mesh.a(cfg_srv.c.obj)
 .text.heartbeat_sub_set
                0x0000000000011b28      0x120 zephyr/subsys/bluetooth/mesh/libsubsys__bluetooth__mesh.a(cfg_srv.c.obj)
 .text.bt_mesh_app_key_alloc
                0x0000000000011c48       0x24 zephyr/subsys/bluetooth/mesh/libsubsys__bluetooth__mesh.a(cfg_srv.c.obj)
                0x0000000000011c48                bt_mesh_app_key_alloc
 .text.app_key_update
                0x0000000000011c6c       0x88 zephyr/subsys/bluetooth/mesh/libsubsys__bluetooth__mesh.a(cfg_srv.c.obj)
 .text.app_key_add
                0x0000000000011cf4       0x88 zephyr/subsys/bluetooth/mesh/libsubsys__bluetooth__mesh.a(cfg_srv.c.obj)
 .text.bt_mesh_app_key_del
                0x0000000000011d7c       0x3c zephyr/subsys/bluetooth/mesh/libsubsys__bluetooth__mesh.a(cfg_srv.c.obj)
                0x0000000000011d7c                bt_mesh_app_key_del
 .text.app_key_del
                0x0000000000011db8       0xa4 zephyr/subsys/bluetooth/mesh/libsubsys__bluetooth__mesh.a(cfg_srv.c.obj)
 .text.get_label
                0x0000000000011e5c       0x10 zephyr/subsys/bluetooth/mesh/libsubsys__bluetooth__mesh.a(cfg_srv.c.obj)
                0x0000000000011e5c                get_label
 .text.bt_mesh_heartbeat
                0x0000000000011e6c       0xd8 zephyr/subsys/bluetooth/mesh/libsubsys__bluetooth__mesh.a(cfg_srv.c.obj)
                0x0000000000011e6c                bt_mesh_heartbeat
 .text.bt_mesh_net_transmit_get
                0x0000000000011f44       0x10 zephyr/subsys/bluetooth/mesh/libsubsys__bluetooth__mesh.a(cfg_srv.c.obj)
                0x0000000000011f44                bt_mesh_net_transmit_get
 .text.net_transmit_set
                0x0000000000011f54       0x88 zephyr/subsys/bluetooth/mesh/libsubsys__bluetooth__mesh.a(cfg_srv.c.obj)
 .text.net_transmit_get
                0x0000000000011fdc       0x60 zephyr/subsys/bluetooth/mesh/libsubsys__bluetooth__mesh.a(cfg_srv.c.obj)
 .text.bt_mesh_relay_get
                0x000000000001203c       0x14 zephyr/subsys/bluetooth/mesh/libsubsys__bluetooth__mesh.a(cfg_srv.c.obj)
                0x000000000001203c                bt_mesh_relay_get
 .text.bt_mesh_friend_get
                0x0000000000012050       0x14 zephyr/subsys/bluetooth/mesh/libsubsys__bluetooth__mesh.a(cfg_srv.c.obj)
                0x0000000000012050                bt_mesh_friend_get
 .text.bt_mesh_relay_retransmit_get
                0x0000000000012064       0x10 zephyr/subsys/bluetooth/mesh/libsubsys__bluetooth__mesh.a(cfg_srv.c.obj)
                0x0000000000012064                bt_mesh_relay_retransmit_get
 .text.relay_set
                0x0000000000012074       0xd4 zephyr/subsys/bluetooth/mesh/libsubsys__bluetooth__mesh.a(cfg_srv.c.obj)
 .text.relay_get
                0x0000000000012148       0x6c zephyr/subsys/bluetooth/mesh/libsubsys__bluetooth__mesh.a(cfg_srv.c.obj)
 .text.bt_mesh_beacon_get
                0x00000000000121b4       0x10 zephyr/subsys/bluetooth/mesh/libsubsys__bluetooth__mesh.a(cfg_srv.c.obj)
                0x00000000000121b4                bt_mesh_beacon_get
 .text.beacon_set
                0x00000000000121c4       0xb8 zephyr/subsys/bluetooth/mesh/libsubsys__bluetooth__mesh.a(cfg_srv.c.obj)
 .text.beacon_get
                0x000000000001227c       0x60 zephyr/subsys/bluetooth/mesh/libsubsys__bluetooth__mesh.a(cfg_srv.c.obj)
 .text.bt_mesh_gatt_proxy_get
                0x00000000000122dc       0x14 zephyr/subsys/bluetooth/mesh/libsubsys__bluetooth__mesh.a(cfg_srv.c.obj)
                0x00000000000122dc                bt_mesh_gatt_proxy_get
 .text.send_gatt_proxy_status
                0x00000000000122f0       0x60 zephyr/subsys/bluetooth/mesh/libsubsys__bluetooth__mesh.a(cfg_srv.c.obj)
 .text.gatt_proxy_set
                0x0000000000012350       0x7c zephyr/subsys/bluetooth/mesh/libsubsys__bluetooth__mesh.a(cfg_srv.c.obj)
 .text.bt_mesh_default_ttl_get
                0x00000000000123cc       0x14 zephyr/subsys/bluetooth/mesh/libsubsys__bluetooth__mesh.a(cfg_srv.c.obj)
                0x00000000000123cc                bt_mesh_default_ttl_get
 .text.default_ttl_set
                0x00000000000123e0       0xb4 zephyr/subsys/bluetooth/mesh/libsubsys__bluetooth__mesh.a(cfg_srv.c.obj)
 .text.default_ttl_get
                0x0000000000012494       0x60 zephyr/subsys/bluetooth/mesh/libsubsys__bluetooth__mesh.a(cfg_srv.c.obj)
 .text.bt_mesh_label_uuid_get
                0x00000000000124f4       0x38 zephyr/subsys/bluetooth/mesh/libsubsys__bluetooth__mesh.a(cfg_srv.c.obj)
                0x00000000000124f4                bt_mesh_label_uuid_get
 .text.mod_sub_list_clear
                0x000000000001252c       0x6c zephyr/subsys/bluetooth/mesh/libsubsys__bluetooth__mesh.a(cfg_srv.c.obj)
 .text.bt_mesh_hb_pub_get
                0x0000000000012598       0x10 zephyr/subsys/bluetooth/mesh/libsubsys__bluetooth__mesh.a(cfg_srv.c.obj)
                0x0000000000012598                bt_mesh_hb_pub_get
 .text.bt_mesh_cfg_get
                0x00000000000125a8        0xc zephyr/subsys/bluetooth/mesh/libsubsys__bluetooth__mesh.a(cfg_srv.c.obj)
                0x00000000000125a8                bt_mesh_cfg_get
 .text.bt_mesh_subnet_del
                0x00000000000125b4       0x74 zephyr/subsys/bluetooth/mesh/libsubsys__bluetooth__mesh.a(cfg_srv.c.obj)
                0x00000000000125b4                bt_mesh_subnet_del
 .text.net_key_del
                0x0000000000012628       0x64 zephyr/subsys/bluetooth/mesh/libsubsys__bluetooth__mesh.a(cfg_srv.c.obj)
 .text.bt_mesh_cfg_reset
                0x000000000001268c       0x74 zephyr/subsys/bluetooth/mesh/libsubsys__bluetooth__mesh.a(cfg_srv.c.obj)
                0x000000000001268c                bt_mesh_cfg_reset
 .text.bt_mesh_attention
                0x0000000000012700       0x80 zephyr/subsys/bluetooth/mesh/libsubsys__bluetooth__mesh.a(health_srv.c.obj)
                0x0000000000012700                bt_mesh_attention
 .text.key_update_find
                0x0000000000012780       0x44 zephyr/subsys/bluetooth/mesh/libsubsys__bluetooth__mesh.a(settings.c.obj)
 .text.mesh_x_set
                0x00000000000127c4       0x64 zephyr/subsys/bluetooth/mesh/libsubsys__bluetooth__mesh.a(settings.c.obj)
 .text.va_set   0x0000000000012828       0xe0 zephyr/subsys/bluetooth/mesh/libsubsys__bluetooth__mesh.a(settings.c.obj)
 .text.rpl_set  0x0000000000012908      0x10c zephyr/subsys/bluetooth/mesh/libsubsys__bluetooth__mesh.a(settings.c.obj)
 .text.hb_pub_set
                0x0000000000012a14       0x84 zephyr/subsys/bluetooth/mesh/libsubsys__bluetooth__mesh.a(settings.c.obj)
 .text.net_key_set
                0x0000000000012a98      0x14c zephyr/subsys/bluetooth/mesh/libsubsys__bluetooth__mesh.a(settings.c.obj)
 .text.commit_mod
                0x0000000000012be4       0x3c zephyr/subsys/bluetooth/mesh/libsubsys__bluetooth__mesh.a(settings.c.obj)
 .text.mesh_set
                0x0000000000012c20       0x98 zephyr/subsys/bluetooth/mesh/libsubsys__bluetooth__mesh.a(settings.c.obj)
 .text.store_app_key
                0x0000000000012cb8       0x78 zephyr/subsys/bluetooth/mesh/libsubsys__bluetooth__mesh.a(settings.c.obj)
 .text.mod_set  0x0000000000012d30      0x1f4 zephyr/subsys/bluetooth/mesh/libsubsys__bluetooth__mesh.a(settings.c.obj)
 .text.seq_set  0x0000000000012f24       0x68 zephyr/subsys/bluetooth/mesh/libsubsys__bluetooth__mesh.a(settings.c.obj)
 .text.cfg_set  0x0000000000012f8c       0x5c zephyr/subsys/bluetooth/mesh/libsubsys__bluetooth__mesh.a(settings.c.obj)
 .text.net_set  0x0000000000012fe8       0x68 zephyr/subsys/bluetooth/mesh/libsubsys__bluetooth__mesh.a(settings.c.obj)
 .text.store_net_key
                0x0000000000013050       0x70 zephyr/subsys/bluetooth/mesh/libsubsys__bluetooth__mesh.a(settings.c.obj)
 .text.clear_net_key
                0x00000000000130c0       0x44 zephyr/subsys/bluetooth/mesh/libsubsys__bluetooth__mesh.a(settings.c.obj)
 .text.clear_app_key
                0x0000000000013104       0x44 zephyr/subsys/bluetooth/mesh/libsubsys__bluetooth__mesh.a(settings.c.obj)
 .text.encode_mod_path.constprop.0
                0x0000000000013148       0x2c zephyr/subsys/bluetooth/mesh/libsubsys__bluetooth__mesh.a(settings.c.obj)
 .text.store_pending_mod
                0x0000000000013174      0x18c zephyr/subsys/bluetooth/mesh/libsubsys__bluetooth__mesh.a(settings.c.obj)
 .text.store_pending
                0x0000000000013300      0x4b4 zephyr/subsys/bluetooth/mesh/libsubsys__bluetooth__mesh.a(settings.c.obj)
 .text.iv_set   0x00000000000137b4       0xa4 zephyr/subsys/bluetooth/mesh/libsubsys__bluetooth__mesh.a(settings.c.obj)
 .text.schedule_store
                0x0000000000013858       0x78 zephyr/subsys/bluetooth/mesh/libsubsys__bluetooth__mesh.a(settings.c.obj)
 .text.app_key_set
                0x00000000000138d0       0xf4 zephyr/subsys/bluetooth/mesh/libsubsys__bluetooth__mesh.a(settings.c.obj)
 .text.mesh_commit
                0x00000000000139c4      0x150 zephyr/subsys/bluetooth/mesh/libsubsys__bluetooth__mesh.a(settings.c.obj)
 .text.bt_mesh_store_seq
                0x0000000000013b14       0x14 zephyr/subsys/bluetooth/mesh/libsubsys__bluetooth__mesh.a(settings.c.obj)
                0x0000000000013b14                bt_mesh_store_seq
 .text.bt_mesh_model_data_store
                0x0000000000013b28       0x74 zephyr/subsys/bluetooth/mesh/libsubsys__bluetooth__mesh.a(settings.c.obj)
                0x0000000000013b28                bt_mesh_model_data_store
 .text.bt_mesh_settings_init
                0x0000000000013b9c       0x10 zephyr/subsys/bluetooth/mesh/libsubsys__bluetooth__mesh.a(settings.c.obj)
                0x0000000000013b9c                bt_mesh_settings_init
 .text.lpn_set_state
                0x0000000000013bac       0x5c zephyr/subsys/bluetooth/mesh/libsubsys__bluetooth__mesh.a(lpn.c.obj)
 .text.k_delayed_work_submit
                0x0000000000013c08       0x10 zephyr/subsys/bluetooth/mesh/libsubsys__bluetooth__mesh.a(lpn.c.obj)
 .text.send_friend_poll
                0x0000000000013c18       0xd0 zephyr/subsys/bluetooth/mesh/libsubsys__bluetooth__mesh.a(lpn.c.obj)
 .text.friend_req_sent
                0x0000000000013ce8       0x44 zephyr/subsys/bluetooth/mesh/libsubsys__bluetooth__mesh.a(lpn.c.obj)
 .text.poll_timeout.constprop.0
                0x0000000000013d2c       0x7c zephyr/subsys/bluetooth/mesh/libsubsys__bluetooth__mesh.a(lpn.c.obj)
 .text.friend_response_received.constprop.0
                0x0000000000013da8       0x68 zephyr/subsys/bluetooth/mesh/libsubsys__bluetooth__mesh.a(lpn.c.obj)
 .text.send_friend_req.constprop.0
                0x0000000000013e10       0xc0 zephyr/subsys/bluetooth/mesh/libsubsys__bluetooth__mesh.a(lpn.c.obj)
 .text.clear_friendship
                0x0000000000013ed0      0x180 zephyr/subsys/bluetooth/mesh/libsubsys__bluetooth__mesh.a(lpn.c.obj)
 .text.friend_clear_sent
                0x0000000000014050       0x6c zephyr/subsys/bluetooth/mesh/libsubsys__bluetooth__mesh.a(lpn.c.obj)
 .text.req_sent
                0x00000000000140bc       0xa4 zephyr/subsys/bluetooth/mesh/libsubsys__bluetooth__mesh.a(lpn.c.obj)
 .text.sub_update
                0x0000000000014160      0x17c zephyr/subsys/bluetooth/mesh/libsubsys__bluetooth__mesh.a(lpn.c.obj)
 .text.lpn_timeout
                0x00000000000142dc      0x1e8 zephyr/subsys/bluetooth/mesh/libsubsys__bluetooth__mesh.a(lpn.c.obj)
 .text.bt_mesh_lpn_disable
                0x00000000000144c4       0x14 zephyr/subsys/bluetooth/mesh/libsubsys__bluetooth__mesh.a(lpn.c.obj)
                0x00000000000144c4                bt_mesh_lpn_disable
 .text.bt_mesh_lpn_msg_received
                0x00000000000144d8       0x80 zephyr/subsys/bluetooth/mesh/libsubsys__bluetooth__mesh.a(lpn.c.obj)
                0x00000000000144d8                bt_mesh_lpn_msg_received
 .text.bt_mesh_lpn_friend_offer
                0x0000000000014558       0xfc zephyr/subsys/bluetooth/mesh/libsubsys__bluetooth__mesh.a(lpn.c.obj)
                0x0000000000014558                bt_mesh_lpn_friend_offer
 .text.bt_mesh_lpn_friend_clear_cfm
                0x0000000000014654       0xb8 zephyr/subsys/bluetooth/mesh/libsubsys__bluetooth__mesh.a(lpn.c.obj)
                0x0000000000014654                bt_mesh_lpn_friend_clear_cfm
 .text.bt_mesh_lpn_group_add
                0x000000000001470c       0xb8 zephyr/subsys/bluetooth/mesh/libsubsys__bluetooth__mesh.a(lpn.c.obj)
                0x000000000001470c                bt_mesh_lpn_group_add
 .text.bt_mesh_lpn_group_del
                0x00000000000147c4       0xc8 zephyr/subsys/bluetooth/mesh/libsubsys__bluetooth__mesh.a(lpn.c.obj)
                0x00000000000147c4                bt_mesh_lpn_group_del
 .text.bt_mesh_lpn_friend_sub_cfm
                0x000000000001488c      0x168 zephyr/subsys/bluetooth/mesh/libsubsys__bluetooth__mesh.a(lpn.c.obj)
                0x000000000001488c                bt_mesh_lpn_friend_sub_cfm
 .text.bt_mesh_lpn_friend_update
                0x00000000000149f4      0x1c8 zephyr/subsys/bluetooth/mesh/libsubsys__bluetooth__mesh.a(lpn.c.obj)
                0x00000000000149f4                bt_mesh_lpn_friend_update
 .text.bt_mesh_lpn_poll
                0x0000000000014bbc       0x44 zephyr/subsys/bluetooth/mesh/libsubsys__bluetooth__mesh.a(lpn.c.obj)
                0x0000000000014bbc                bt_mesh_lpn_poll
 .text.bt_mesh_lpn_init
                0x0000000000014c00       0x80 zephyr/subsys/bluetooth/mesh/libsubsys__bluetooth__mesh.a(lpn.c.obj)
                0x0000000000014c00                bt_mesh_lpn_init
 .text.reset_state